Archive member included because of file (symbol)

contiki-cc2538dk.a(rpl-dag.o)
                              border-router.co (rpl_set_prefix)
contiki-cc2538dk.a(rpl-icmp6.o)
                              contiki-cc2538dk.a(rpl-dag.o) (dao_output)
contiki-cc2538dk.a(rpl-timers.o)
                              contiki-cc2538dk.a(rpl-dag.o) (rpl_reset_dio_timer)
contiki-cc2538dk.a(rpl-mrhof.o)
                              contiki-cc2538dk.a(rpl-dag.o) (rpl_mrhof)
contiki-cc2538dk.a(contiki-main.o)
                              obj_cc2538dk/startup-gcc.o (main)
contiki-cc2538dk.a(sensors.o)
                              border-router.co (sensors_event)
contiki-cc2538dk.a(smartrf-sensors)
                              contiki-cc2538dk.a(sensors.o) (sensors_flags)
contiki-cc2538dk.a(button-sensor.o)
                              contiki-cc2538dk.a(contiki-main.o) (button_sensor_init)
contiki-cc2538dk.a(als-sensor.o)
                              contiki-cc2538dk.a(smartrf-sensors) (als_sensor)
contiki-cc2538dk.a(clock.o)   contiki-cc2538dk.a(contiki-main.o) (clock_init)
contiki-cc2538dk.a(rtimer-arch.o)
                              contiki-cc2538dk.a(clock.o) (rtimer_arch_now)
contiki-cc2538dk.a(uart.o)    contiki-cc2538dk.a(contiki-main.o) (uart_init)
contiki-cc2538dk.a(watchdog.o)
                              contiki-cc2538dk.a(contiki-main.o) (watchdog_init)
contiki-cc2538dk.a(nvic.o)    contiki-cc2538dk.a(contiki-main.o) (nvic_init)
contiki-cc2538dk.a(cpu.o)     contiki-cc2538dk.a(contiki-main.o) (cpu_cpsie)
contiki-cc2538dk.a(sys-ctrl.o)
                              contiki-cc2538dk.a(contiki-main.o) (sys_ctrl_init)
contiki-cc2538dk.a(gpio.o)    contiki-cc2538dk.a(button-sensor.o) (gpio_register_callback)
contiki-cc2538dk.a(ioc.o)     contiki-cc2538dk.a(contiki-main.o) (ioc_init)
contiki-cc2538dk.a(adc.o)     contiki-cc2538dk.a(contiki-main.o) (adc_init)
contiki-cc2538dk.a(crypto.o)  obj_cc2538dk/startup-gcc.o (crypto_isr)
contiki-cc2538dk.a(cc2538-rf.o)
                              obj_cc2538dk/startup-gcc.o (cc2538_rf_rx_tx_isr)
contiki-cc2538dk.a(udma.o)    contiki-cc2538dk.a(contiki-main.o) (udma_init)
contiki-cc2538dk.a(lpm.o)     contiki-cc2538dk.a(rtimer-arch.o) (lpm_exit)
contiki-cc2538dk.a(dbg.o)     border-router.co (putchar)
contiki-cc2538dk.a(ieee-addr.o)
                              contiki-cc2538dk.a(contiki-main.o) (ieee_addr_cpy_to)
contiki-cc2538dk.a(slip-arch.o)
                              obj_cc2538dk/slip-bridge.o (slip_arch_init)
contiki-cc2538dk.a(slip.o)    obj_cc2538dk/slip-bridge.o (slip_set_input_callback)
contiki-cc2538dk.a(cc2538-temp-sen)
                              contiki-cc2538dk.a(smartrf-sensors) (cc2538_temp_sensor)
contiki-cc2538dk.a(vdd3-sensor.o)
                              contiki-cc2538dk.a(smartrf-sensors) (vdd3_sensor)
contiki-cc2538dk.a(dbg-printf.o)
                              border-router.co (printf)
contiki-cc2538dk.a(dbg-snprintf.o)
                              border-router.co (snprintf)
contiki-cc2538dk.a(strformat.o)
                              contiki-cc2538dk.a(dbg-printf.o) (format_str_v)
contiki-cc2538dk.a(autostart.o)
                              contiki-cc2538dk.a(contiki-main.o) (autostart_start)
contiki-cc2538dk.a(ctimer.o)  contiki-cc2538dk.a(contiki-main.o) (ctimer_init)
contiki-cc2538dk.a(energest.o)
                              contiki-cc2538dk.a(contiki-main.o) (energest_init)
contiki-cc2538dk.a(etimer.o)  contiki-cc2538dk.a(clock.o) (etimer_request_poll)
contiki-cc2538dk.a(process.o)
                              contiki-cc2538dk.a(sensors.o) (process_alloc_event)
contiki-cc2538dk.a(rtimer.o)  contiki-cc2538dk.a(contiki-main.o) (rtimer_init)
contiki-cc2538dk.a(stimer.o)  contiki-cc2538dk.a(rpl-icmp6.o) (stimer_set)
contiki-cc2538dk.a(timer.o)   obj_cc2538dk/httpd-simple.o (timer_set)
contiki-cc2538dk.a(serial-line.o)
                              contiki-cc2538dk.a(contiki-main.o) (serial_line_input_byte)
contiki-cc2538dk.a(list.o)    contiki-cc2538dk.a(ctimer.o) (list_init)
contiki-cc2538dk.a(memb.o)    obj_cc2538dk/httpd-simple.o (memb_init)
contiki-cc2538dk.a(random.o)  contiki-cc2538dk.a(rpl-timers.o) (random_rand)
contiki-cc2538dk.a(ringbuf.o)
                              contiki-cc2538dk.a(serial-line.o) (ringbuf_init)
contiki-cc2538dk.a(sicslowpan.o)
                              contiki-cc2538dk.a(contiki-main.o) (sicslowpan_driver)
contiki-cc2538dk.a(uip6.o)    border-router.co (uip_aligned_buf)
contiki-cc2538dk.a(uip-ds6.o)
                              contiki-cc2538dk.a(uip6.o) (uip_ds6_is_addr_onlink)
contiki-cc2538dk.a(uip-ds6-nbr.o)
                              contiki-cc2538dk.a(uip-ds6.o) (uip_ds6_neighbors_init)
contiki-cc2538dk.a(uip-ds6-route.o)
                              contiki-cc2538dk.a(uip-ds6.o) (uip_ds6_route_init)
contiki-cc2538dk.a(uip-icmp6.o)
                              contiki-cc2538dk.a(uip6.o) (uip_icmp6_input)
contiki-cc2538dk.a(uip-nd6.o)
[...]
Memory Configuration

Name             Origin             Length             Attributes
FLASH            0x00200000         0x0007ffd4         xr
FLASH_CCA        0x0027ffd4         0x0000002c         xr
SRAM             0x20000000         0x00008000         xrw
*default*        0x00000000         0xffffffff

Linker script and memory map

LOAD obj_cc2538dk/startup-gcc.o
LOAD border-router.co
LOAD obj_cc2538dk/slip-bridge.o
LOAD obj_cc2538dk/httpd-simple.o
LOAD contiki-cc2538dk.a
START GROUP
LOAD /usr/bin/../lib/gcc/arm-none-eabi/4.9.3/armv7-m/libgcc.a
LOAD /usr/bin/../lib/gcc/arm-none-eabi/4.9.3/../../../../arm-none-eabi/lib/armv7-m/libc.a
END GROUP

.text           0x00200000     0xb95b
                0x00200000                _text = .
 *(SORT(.vectors))
 .vectors       0x00200000      0x28c obj_cc2538dk/startup-gcc.o
                0x00200000                vectors
 *(SORT(.text*))
 .text.reset_handler
                0x0020028c       0x40 obj_cc2538dk/startup-gcc.o
                0x0020028c                reset_handler
 .text.process_thread_webserver_nogui_process
                0x002002cc       0x4c border-router.co
 .text.ipaddr_add
                0x00200318       0xa0 border-router.co
 .text.generate_routes
                0x002003b8      0x20c border-router.co
 .text.httpd_simple_get_script
                0x002005c4        0x8 border-router.co
                0x002005c4                httpd_simple_get_script
 .text.request_prefix
                0x002005cc       0x24 border-router.co
                0x002005cc                request_prefix
 .text.process_thread_border_router_process
                0x002005f0      0x13c border-router.co
 .text.set_prefix_64
                0x0020072c       0x70 border-router.co
                0x0020072c                set_prefix_64
 .text.init     0x0020079c       0x24 obj_cc2538dk/slip-bridge.o
 .text.slip_input_callback
                0x002007c0       0xdc obj_cc2538dk/slip-bridge.o
 .text.output   0x0020089c       0x4c obj_cc2538dk/slip-bridge.o
 .text.handle_input
                0x002008e8       0xc8 obj_cc2538dk/httpd-simple.o
 .text.send_headers
                0x002009b0       0x50 obj_cc2538dk/httpd-simple.o
 .text.handle_output
                0x00200a00       0xcc obj_cc2538dk/httpd-simple.o
 .text.httpd_appcall
                0x00200acc       0xd0 obj_cc2538dk/httpd-simple.o
                0x00200acc                httpd_appcall
 .text.httpd_init
                0x00200b9c       0x18 obj_cc2538dk/httpd-simple.o
                0x00200b9c                httpd_init
 .text.rpl_set_preferred_parent
                0x00200bb4       0x28 contiki-cc2538dk.a(rpl-dag.o)
 .text.set_ip_from_prefix
                0x00200bdc       0x2c contiki-cc2538dk.a(rpl-dag.o)
 .text.find_parent_any_dag_any_instance
                0x00200c08       0x1c contiki-cc2538dk.a(rpl-dag.o)
 .text.rpl_get_nbr
                0x00200c24       0x28 contiki-cc2538dk.a(rpl-dag.o)
                0x00200c24                rpl_get_nbr
 .text.rpl_dag_init
                0x00200c4c       0x14 contiki-cc2538dk.a(rpl-dag.o)
                0x00200c4c                rpl_dag_init
 .text.rpl_get_parent
                0x00200c60       0x10 contiki-cc2538dk.a(rpl-dag.o)
                0x00200c60                rpl_get_parent
 .text.rpl_get_parent_ipaddr
                0x00200c70       0x18 contiki-cc2538dk.a(rpl-dag.o)
                0x00200c70                rpl_get_parent_ipaddr
 .text.rpl_alloc_instance
                0x00200c88       0x34 contiki-cc2538dk.a(rpl-dag.o)
                0x00200c88                rpl_alloc_instance
 .text.rpl_add_parent
                0x00200cbc       0x44 contiki-cc2538dk.a(rpl-dag.o)
                0x00200cbc                rpl_add_parent
 .text.rpl_select_parent
                0x00200d00       0x6c contiki-cc2538dk.a(rpl-dag.o)
                0x00200d00                rpl_select_parent
 .text.rpl_remove_parent
                0x00200d6c       0x1c contiki-cc2538dk.a(rpl-dag.o)
                0x00200d6c                rpl_remove_parent
 .text.remove_parents.constprop.4
                0x00200d88       0x2c contiki-cc2538dk.a(rpl-dag.o)
 .text.rpl_get_any_dag
                0x00200db4       0x18 contiki-cc2538dk.a(rpl-dag.o)
                0x00200db4                rpl_get_any_dag
 .text.rpl_get_instance
                0x00200dcc       0x20 contiki-cc2538dk.a(rpl-dag.o)
                0x00200dcc                rpl_get_instance
 .text.rpl_set_root
                0x00200dec      0x108 contiki-cc2538dk.a(rpl-dag.o)
                0x00200dec                rpl_set_root
 .text.rpl_find_of
                0x00200ef4       0x14 contiki-cc2538dk.a(rpl-dag.o)
                0x00200ef4                rpl_find_of
 .text.rpl_join_instance
                0x00200f08      0x124 contiki-cc2538dk.a(rpl-dag.o)
                0x00200f08                rpl_join_instance
 .text.rpl_local_repair
                0x0020102c       0x58 contiki-cc2538dk.a(rpl-dag.o)
                0x0020102c                rpl_local_repair
 .text.rpl_recalculate_ranks
                0x00201084       0x3c contiki-cc2538dk.a(rpl-dag.o)
                0x00201084                rpl_recalculate_ranks
 .text.rpl_lock_parent
                0x002010c0       0x10 contiki-cc2538dk.a(rpl-dag.o)
                0x002010c0                rpl_lock_parent
 .text.dao_ack_input
                0x002010d0        0xc contiki-cc2538dk.a(rpl-icmp6.o)
 .text.dio_input
                0x002010dc      0x280 contiki-cc2538dk.a(rpl-icmp6.o)
 .text.dis_output
                0x0020135c       0x54 contiki-cc2538dk.a(rpl-icmp6.o)
                0x0020135c                dis_output
 .text.dio_output
                0x002013b0      0x20c contiki-cc2538dk.a(rpl-icmp6.o)
                0x002013b0                dio_output
 .text.dis_input
                0x002015bc       0x34 contiki-cc2538dk.a(rpl-icmp6.o)
 .text.dao_output_target
                0x002015f0       0xe0 contiki-cc2538dk.a(rpl-icmp6.o)
                0x002015f0                dao_output_target
 .text.dao_output
                0x002016d0       0x64 contiki-cc2538dk.a(rpl-icmp6.o)
                0x002016d0                dao_output
 .text.dao_ack_output
                0x00201734       0x34 contiki-cc2538dk.a(rpl-icmp6.o)
                0x00201734                dao_ack_output
 .text.dao_input
                0x00201768      0x224 contiki-cc2538dk.a(rpl-icmp6.o)
 .text.rpl_icmp6_register_handlers
                0x0020198c       0x30 contiki-cc2538dk.a(rpl-icmp6.o)
                0x0020198c                rpl_icmp6_register_handlers
 .text.new_dio_interval
                0x002019bc       0x58 contiki-cc2538dk.a(rpl-timers.o)
 .text.handle_periodic_timer
                0x00201a14       0x38 contiki-cc2538dk.a(rpl-timers.o)
 .text.set_dao_lifetime_timer
                0x00201a4c       0x3c contiki-cc2538dk.a(rpl-timers.o)
 .text.handle_dio_timer
                0x00201a88       0x80 contiki-cc2538dk.a(rpl-timers.o)
 .text.schedule_dao
                0x00201b08       0x54 contiki-cc2538dk.a(rpl-timers.o)
 .text.handle_dao_timer
                0x00201b5c       0x58 contiki-cc2538dk.a(rpl-timers.o)
 .text.rpl_reset_periodic_timer
                0x00201bb4       0x34 contiki-cc2538dk.a(rpl-timers.o)
                0x00201bb4                rpl_reset_periodic_timer
 .text.rpl_schedule_probing
                0x00201be8       0x30 contiki-cc2538dk.a(rpl-timers.o)
                0x00201be8                rpl_schedule_probing
 .text.handle_probing_timer
                0x00201c18       0xd4 contiki-cc2538dk.a(rpl-timers.o)
 .text.startup.main
                0x00201cec      0x1d8 contiki-cc2538dk.a(contiki-main.o)
                0x00201cec                main
 .text.process_thread_sensors_process
                0x00201ec4       0xd4 contiki-cc2538dk.a(sensors.o)
 .text.sensors_changed
                0x00201f98       0x38 contiki-cc2538dk.a(sensors.o)
                0x00201f98                sensors_changed
 .text.config_select
                0x00201fd0       0x30 contiki-cc2538dk.a(button-sensor.o)
 .text.config_left
                0x00202000       0x30 contiki-cc2538dk.a(button-sensor.o)
 .text.config_right
                0x00202030       0x30 contiki-cc2538dk.a(button-sensor.o)
 .text.config_up
                0x00202060       0x30 contiki-cc2538dk.a(button-sensor.o)
 .text.config_down
                0x00202090       0x30 contiki-cc2538dk.a(button-sensor.o)
 .text.btn_callback
                0x002020c0       0x64 contiki-cc2538dk.a(button-sensor.o)
 .text.button_sensor_init
                0x00202124        0xc contiki-cc2538dk.a(button-sensor.o)
                0x00202124                button_sensor_init
 .text.value    0x00202130       0x24 contiki-cc2538dk.a(als-sensor.o)
 .text.configure
                0x00202154       0x54 contiki-cc2538dk.a(als-sensor.o)
 .text.update_ticks
                0x002021a8       0x4c contiki-cc2538dk.a(clock.o)
 .text.clock_init
                0x002021f4       0x50 contiki-cc2538dk.a(clock.o)
                0x002021f4                clock_init
 .text.clock_time
                0x00202244       0x14 contiki-cc2538dk.a(clock.o)
                0x00202244                clock_time
 .text.clock_seconds
                0x00202258       0x14 contiki-cc2538dk.a(clock.o)
                0x00202258                clock_seconds
 .text.clock_delay_usec
                0x0020226c       0x1c contiki-cc2538dk.a(clock.o)
                0x0020226c                clock_delay_usec
 .text.clock_adjust
                0x00202288       0x20 contiki-cc2538dk.a(clock.o)
                0x00202288                clock_adjust
 .text.rtimer_arch_next_trigger
                0x002022a8        0xc contiki-cc2538dk.a(rtimer-arch.o)
                0x002022a8                rtimer_arch_next_trigger
 .text.rtimer_arch_now
                0x002022b4       0x2c contiki-cc2538dk.a(rtimer-arch.o)
                0x002022b4                rtimer_arch_now
 .text.rtimer_arch_schedule
                0x002022e0       0x58 contiki-cc2538dk.a(rtimer-arch.o)
                0x002022e0                rtimer_arch_schedule
 .text.rtimer_isr
                0x00202338       0x24 contiki-cc2538dk.a(rtimer-arch.o)
                0x00202338                rtimer_isr
 .text.permit_pm1
                0x0020235c       0x2c contiki-cc2538dk.a(uart.o)
 .text.uart_isr
                0x00202388       0x64 contiki-cc2538dk.a(uart.o)
 .text.uart_init
                0x002023ec      0x1ac contiki-cc2538dk.a(uart.o)
                0x002023ec                uart_init
 .text.uart_set_input
                0x00202598       0x10 contiki-cc2538dk.a(uart.o)
                0x00202598                uart_set_input
 .text.uart_write_byte
                0x002025a8       0x1c contiki-cc2538dk.a(uart.o)
                0x002025a8                uart_write_byte
 .text.watchdog_init
                0x002025c4        0xc contiki-cc2538dk.a(watchdog.o)
                0x002025c4                watchdog_init
 .text.watchdog_start
                0x002025d0        0xc contiki-cc2538dk.a(watchdog.o)
                0x002025d0                watchdog_start
 .text.watchdog_periodic
                0x002025dc       0x10 contiki-cc2538dk.a(watchdog.o)
                0x002025dc                watchdog_periodic
 .text.nvic_init
                0x002025ec       0x3c contiki-cc2538dk.a(nvic.o)
                0x002025ec                nvic_init
 .text.nvic_interrupt_enable
                0x00202628       0x18 contiki-cc2538dk.a(nvic.o)
                0x00202628                nvic_interrupt_enable
 .text.nvic_interrupt_disable
                0x00202640       0x18 contiki-cc2538dk.a(nvic.o)
                0x00202640                nvic_interrupt_disable
 .text.nvic_interrupt_unpend
                0x00202658       0x18 contiki-cc2538dk.a(nvic.o)
                0x00202658                nvic_interrupt_unpend
 .text.sys_ctrl_init
                0x00202670       0x28 contiki-cc2538dk.a(sys-ctrl.o)
                0x00202670                sys_ctrl_init
 .text.gpio_register_callback
                0x00202698       0x10 contiki-cc2538dk.a(gpio.o)
                0x00202698                gpio_register_callback
 .text.notify   0x002026a8       0x30 contiki-cc2538dk.a(gpio.o)
                0x002026a8                notify
 .text.gpio_port_isr
                0x002026d8       0x50 contiki-cc2538dk.a(gpio.o)
 .text.gpio_init
                0x00202728       0x10 contiki-cc2538dk.a(gpio.o)
                0x00202728                gpio_init
 .text.ioc_init
                0x00202738       0x1c contiki-cc2538dk.a(ioc.o)
                0x00202738                ioc_init
 .text.ioc_set_over
                0x00202754       0x14 contiki-cc2538dk.a(ioc.o)
                0x00202754                ioc_set_over
 .text.ioc_set_sel
                0x00202768       0x14 contiki-cc2538dk.a(ioc.o)
                0x00202768                ioc_set_sel
 .text.adc_init
                0x0020277c       0x10 contiki-cc2538dk.a(adc.o)
                0x0020277c                adc_init
 .text.adc_get  0x0020278c       0x78 contiki-cc2538dk.a(adc.o)
                0x0020278c                adc_get
 .text.crypto_isr
                0x00202804       0x24 contiki-cc2538dk.a(crypto.o)
                0x00202804                crypto_isr
 .text.on       0x00202828       0x7c contiki-cc2538dk.a(cc2538-rf.o)
 .text.off      0x002028a4       0x38 contiki-cc2538dk.a(cc2538-rf.o)
 .text.set_channel
                0x002028dc       0x48 contiki-cc2538dk.a(cc2538-rf.o)
 .text.channel_clear
                0x00202924       0x3c contiki-cc2538dk.a(cc2538-rf.o)
 .text.receiving_packet
                0x00202960       0x18 contiki-cc2538dk.a(cc2538-rf.o)
 .text.pending_packet
                0x00202978       0x10 contiki-cc2538dk.a(cc2538-rf.o)
 .text.get_value
                0x00202988      0x118 contiki-cc2538dk.a(cc2538-rf.o)
 .text.prepare  0x00202aa0       0x64 contiki-cc2538dk.a(cc2538-rf.o)
 .text.transmit
                0x00202b04       0x8c contiki-cc2538dk.a(cc2538-rf.o)
 .text.set_frame_filtering
                0x00202b90       0x18 contiki-cc2538dk.a(cc2538-rf.o)
 .text.set_value
                0x00202ba8       0xd4 contiki-cc2538dk.a(cc2538-rf.o)
 .text.get_object
                0x00202c7c       0x30 contiki-cc2538dk.a(cc2538-rf.o)
 .text.set_object
                0x00202cac       0x30 contiki-cc2538dk.a(cc2538-rf.o)
 .text.read     0x00202cdc       0xc4 contiki-cc2538dk.a(cc2538-rf.o)
 .text.init     0x00202da0       0xcc contiki-cc2538dk.a(cc2538-rf.o)
 .text.process_thread_cc2538_rf_process
                0x00202e6c       0x74 contiki-cc2538dk.a(cc2538-rf.o)
 .text.cc2538_rf_rx_tx_isr
                0x00202ee0       0x18 contiki-cc2538dk.a(cc2538-rf.o)
                0x00202ee0                cc2538_rf_rx_tx_isr
 .text.cc2538_rf_err_isr
                0x00202ef8       0x28 contiki-cc2538dk.a(cc2538-rf.o)
                0x00202ef8                cc2538_rf_err_isr
 .text.udma_init
                0x00202f20       0x30 contiki-cc2538dk.a(udma.o)
                0x00202f20                udma_init
 .text.udma_set_channel_src
                0x00202f50       0x10 contiki-cc2538dk.a(udma.o)
                0x00202f50                udma_set_channel_src
 .text.udma_set_channel_dst
                0x00202f60       0x14 contiki-cc2538dk.a(udma.o)
                0x00202f60                udma_set_channel_dst
 .text.udma_set_channel_control_word
                0x00202f74       0x14 contiki-cc2538dk.a(udma.o)
                0x00202f74                udma_set_channel_control_word
 .text.udma_channel_enable
                0x00202f88       0x18 contiki-cc2538dk.a(udma.o)
                0x00202f88                udma_channel_enable
 .text.udma_channel_mask_set
                0x00202fa0       0x18 contiki-cc2538dk.a(udma.o)
                0x00202fa0                udma_channel_mask_set
 .text.udma_channel_sw_request
                0x00202fb8       0x18 contiki-cc2538dk.a(udma.o)
                0x00202fb8                udma_channel_sw_request
 .text.udma_channel_get_mode
                0x00202fd0       0x1c contiki-cc2538dk.a(udma.o)
                0x00202fd0                udma_channel_get_mode
 .text.udma_isr
                0x00202fec       0x10 contiki-cc2538dk.a(udma.o)
                0x00202fec                udma_isr
 .text.udma_err_isr
                0x00202ffc        0xc contiki-cc2538dk.a(udma.o)
                0x00202ffc                udma_err_isr
 .text.select_32_mhz_xosc
                0x00203008       0x2c contiki-cc2538dk.a(lpm.o)
 .text.lpm_exit
                0x00203034       0x34 contiki-cc2538dk.a(lpm.o)
                0x00203034                lpm_exit
 .text.lpm_enter
                0x00203068       0xb0 contiki-cc2538dk.a(lpm.o)
                0x00203068                lpm_enter
 .text.lpm_register_peripheral
                0x00203118       0x20 contiki-cc2538dk.a(lpm.o)
                0x00203118                lpm_register_peripheral
 .text.lpm_init
                0x00203138       0x24 contiki-cc2538dk.a(lpm.o)
                0x00203138                lpm_init
 .text.ieee_addr_cpy_to
                0x0020315c       0x74 contiki-cc2538dk.a(ieee-addr.o)
                0x0020315c                ieee_addr_cpy_to
 .text.slip_arch_init
                0x002031d0        0xc contiki-cc2538dk.a(slip-arch.o)
                0x002031d0                slip_arch_init
 .text.process_thread_slip_process
                0x002031dc      0x16c contiki-cc2538dk.a(slip.o)
 .text.slip_set_input_callback
                0x00203348        0xc contiki-cc2538dk.a(slip.o)
                0x00203348                slip_set_input_callback
 .text.slip_send
                0x00203354       0x5c contiki-cc2538dk.a(slip.o)
                0x00203354                slip_send
 .text.slip_input_byte
                0x002033b0       0xbc contiki-cc2538dk.a(slip.o)
                0x002033b0                slip_input_byte
 .text.printf   0x0020346c       0x20 contiki-cc2538dk.a(dbg-printf.o)
                0x0020346c                printf
 .text.vsnprintf
                0x0020348c       0x28 contiki-cc2538dk.a(dbg-snprintf.o)
                0x0020348c                vsnprintf
 .text.fill_space
                0x002034b4       0x34 contiki-cc2538dk.a(strformat.o)
 .text.format_str_v
                0x002034e8      0x6e8 contiki-cc2538dk.a(strformat.o)
                0x002034e8                format_str_v
 .text.process_thread_ctimer_process
                0x00203bd0       0x80 contiki-cc2538dk.a(ctimer.o)
 .text.ctimer_init
                0x00203c50       0x28 contiki-cc2538dk.a(ctimer.o)
                0x00203c50                ctimer_init
 .text.ctimer_set
                0x00203c78       0x40 contiki-cc2538dk.a(ctimer.o)
                0x00203c78                ctimer_set
 .text.ctimer_reset
                0x00203cb8       0x38 contiki-cc2538dk.a(ctimer.o)
                0x00203cb8                ctimer_reset
 .text.ctimer_stop
                0x00203cf0       0x2c contiki-cc2538dk.a(ctimer.o)
                0x00203cf0                ctimer_stop
 .text.update_time
                0x00203d1c       0x44 contiki-cc2538dk.a(etimer.o)
 .text.etimer_request_poll
                0x00203d60        0xc contiki-cc2538dk.a(etimer.o)
                0x00203d60                etimer_request_poll
 .text.process_thread_etimer_process
                0x00203d6c       0x94 contiki-cc2538dk.a(etimer.o)
 .text.add_timer
                0x00203e00       0x40 contiki-cc2538dk.a(etimer.o)
 .text.etimer_pending
                0x00203e40       0x10 contiki-cc2538dk.a(etimer.o)
                0x00203e40                etimer_pending
 .text.etimer_stop
                0x00203e50       0x34 contiki-cc2538dk.a(etimer.o)
                0x00203e50                etimer_stop
 .text.call_process.part.0
                0x00203e84       0x38 contiki-cc2538dk.a(process.o)
 .text.exit_process
                0x00203ebc       0x80 contiki-cc2538dk.a(process.o)
 .text.do_poll  0x00203f3c       0x30 contiki-cc2538dk.a(process.o)
 .text.process_alloc_event
                0x00203f6c       0x10 contiki-cc2538dk.a(process.o)
                0x00203f6c                process_alloc_event
 .text.process_init
                0x00203f7c       0x30 contiki-cc2538dk.a(process.o)
                0x00203f7c                process_init
 .text.process_run
                0x00203fac       0xb0 contiki-cc2538dk.a(process.o)
                0x00203fac                process_run
 .text.process_nevents
                0x0020405c       0x14 contiki-cc2538dk.a(process.o)
                0x0020405c                process_nevents
 .text.process_post
                0x00204070       0x44 contiki-cc2538dk.a(process.o)
                0x00204070                process_post
 .text.process_post_synch
                0x002040b4       0x14 contiki-cc2538dk.a(process.o)
                0x002040b4                process_post_synch
 .text.process_start
                0x002040c8       0x30 contiki-cc2538dk.a(process.o)
                0x002040c8                process_start
 .text.process_poll
                0x002040f8       0x18 contiki-cc2538dk.a(process.o)
                0x002040f8                process_poll
 .text.rtimer_set
                0x00204110       0x24 contiki-cc2538dk.a(rtimer.o)
                0x00204110                rtimer_set
 .text.rtimer_run_next
                0x00204134       0x28 contiki-cc2538dk.a(rtimer.o)
                0x00204134                rtimer_run_next
 .text.stimer_expired
                0x0020415c       0x20 contiki-cc2538dk.a(stimer.o)
                0x0020415c                stimer_expired
 .text.process_thread_serial_line_process
                0x0020417c       0x98 contiki-cc2538dk.a(serial-line.o)
 .text.serial_line_input_byte
                0x00204214       0x44 contiki-cc2538dk.a(serial-line.o)
                0x00204214                serial_line_input_byte
 .text.serial_line_init
                0x00204258       0x24 contiki-cc2538dk.a(serial-line.o)
                0x00204258                serial_line_init
 .text.random_rand
                0x0020427c       0x20 contiki-cc2538dk.a(random.o)
                0x0020427c                random_rand
 .text.random_init
                0x0020429c       0x78 contiki-cc2538dk.a(random.o)
                0x0020429c                random_init
 .text.sicslowpan_init
                0x00204314       0x24 contiki-cc2538dk.a(sicslowpan.o)
                0x00204314                sicslowpan_init
 .text.set_packet_attrs
                0x00204338       0x44 contiki-cc2538dk.a(sicslowpan.o)
 .text.compress_addr_64
                0x0020437c       0x90 contiki-cc2538dk.a(sicslowpan.o)
 .text.addr_context_lookup_by_prefix
                0x0020440c       0x28 contiki-cc2538dk.a(sicslowpan.o)
 .text.send_packet
                0x00204434       0x24 contiki-cc2538dk.a(sicslowpan.o)
 .text.packet_sent
                0x00204458       0x28 contiki-cc2538dk.a(sicslowpan.o)
 .text.uncompress_addr
                0x00204480       0xa4 contiki-cc2538dk.a(sicslowpan.o)
 .text.output   0x00204524      0x6c0 contiki-cc2538dk.a(sicslowpan.o)
 .text.input    0x00204be4      0x5ec contiki-cc2538dk.a(sicslowpan.o)
 .text.upper_layer_chksum
                0x002051d0       0x54 contiki-cc2538dk.a(uip6.o)
 .text.ext_hdr_options_process
                0x00205224       0xb0 contiki-cc2538dk.a(uip6.o)
 .text.uip_add32
                0x002052d4       0x54 contiki-cc2538dk.a(uip6.o)
                0x002052d4                uip_add32
 .text.unlikely.uip_add_rcv_nxt
                0x00205328       0x2c contiki-cc2538dk.a(uip6.o)
 .text.uip_init
                0x00205354       0x6c contiki-cc2538dk.a(uip6.o)
                0x00205354                uip_init
 .text.remove_ext_hdr
                0x002053c0       0x60 contiki-cc2538dk.a(uip6.o)
                0x002053c0                remove_ext_hdr
 .text.uip_unlisten
                0x00205420       0x34 contiki-cc2538dk.a(uip6.o)
                0x00205420                uip_unlisten
 .text.uip_listen
                0x00205454       0x30 contiki-cc2538dk.a(uip6.o)
                0x00205454                uip_listen
 .text.uip_process
                0x00205484      0xdbc contiki-cc2538dk.a(uip6.o)
                0x00205484                uip_process
 .text.uip_send
                0x00206240       0x44 contiki-cc2538dk.a(uip6.o)
                0x00206240                uip_send
 .text.uip_ds6_prefix_add
                0x00206284       0x64 contiki-cc2538dk.a(uip-ds6.o)
                0x00206284                uip_ds6_prefix_add
 .text.uip_ds6_is_addr_onlink
                0x002062e8       0x40 contiki-cc2538dk.a(uip-ds6.o)
                0x002062e8                uip_ds6_is_addr_onlink
 .text.uip_ds6_addr_lookup
                0x00206328       0x2c contiki-cc2538dk.a(uip-ds6.o)
                0x00206328                uip_ds6_addr_lookup
 .text.uip_ds6_get_link_local
                0x00206354       0x40 contiki-cc2538dk.a(uip-ds6.o)
                0x00206354                uip_ds6_get_link_local
 .text.uip_ds6_maddr_add
                0x00206394       0x4c contiki-cc2538dk.a(uip-ds6.o)
                0x00206394                uip_ds6_maddr_add
 .text.uip_ds6_addr_add
                0x002063e0       0x94 contiki-cc2538dk.a(uip-ds6.o)
                0x002063e0                uip_ds6_addr_add
 .text.uip_ds6_maddr_lookup
                0x00206474       0x2c contiki-cc2538dk.a(uip-ds6.o)
                0x00206474                uip_ds6_maddr_lookup
 .text.uip_ds6_addr_rm
                0x002064a0       0x44 contiki-cc2538dk.a(uip-ds6.o)
                0x002064a0                uip_ds6_addr_rm
 .text.uip_ds6_periodic
                0x002064e4       0x50 contiki-cc2538dk.a(uip-ds6.o)
                0x002064e4                uip_ds6_periodic
 .text.uip_ds6_select_src
                0x00206534       0x94 contiki-cc2538dk.a(uip-ds6.o)
                0x00206534                uip_ds6_select_src
 .text.uip_ds6_compute_reachable_time
                0x002065c8       0x28 contiki-cc2538dk.a(uip-ds6.o)
                0x002065c8                uip_ds6_compute_reachable_time
 .text.uip_ds6_init
                0x002065f0       0xe0 contiki-cc2538dk.a(uip-ds6.o)
                0x002065f0                uip_ds6_init
 .text.uip_ds6_nbr_rm
                0x002066d0       0x20 contiki-cc2538dk.a(uip-ds6-nbr.o)
                0x002066d0                uip_ds6_nbr_rm
 .text.uip_ds6_neighbors_init
                0x002066f0       0x14 contiki-cc2538dk.a(uip-ds6-nbr.o)
                0x002066f0                uip_ds6_neighbors_init
 .text.uip_ds6_nbr_add
                0x00206704       0x60 contiki-cc2538dk.a(uip-ds6-nbr.o)
                0x00206704                uip_ds6_nbr_add
 .text.uip_ds6_nbr_get_ll
                0x00206764       0x10 contiki-cc2538dk.a(uip-ds6-nbr.o)
                0x00206764                uip_ds6_nbr_get_ll
 .text.uip_ds6_nbr_lookup
                0x00206774       0x38 contiki-cc2538dk.a(uip-ds6-nbr.o)
                0x00206774                uip_ds6_nbr_lookup
 .text.uip_ds6_nbr_ll_lookup
                0x002067ac       0x10 contiki-cc2538dk.a(uip-ds6-nbr.o)
                0x002067ac                uip_ds6_nbr_ll_lookup
 .text.uip_ds6_link_neighbor_callback
                0x002067bc       0x2c contiki-cc2538dk.a(uip-ds6-nbr.o)
                0x002067bc                uip_ds6_link_neighbor_callback
 .text.uip_ds6_neighbor_periodic
                0x002067e8      0x10c contiki-cc2538dk.a(uip-ds6-nbr.o)
                0x002067e8                uip_ds6_neighbor_periodic
 .text.call_route_callback
                0x002068f4       0x48 contiki-cc2538dk.a(uip-ds6-route.o)
 .text.uip_ds6_route_init
                0x0020693c       0x48 contiki-cc2538dk.a(uip-ds6-route.o)
                0x0020693c                uip_ds6_route_init
 .text.uip_ds6_route_nexthop
                0x00206984       0x1c contiki-cc2538dk.a(uip-ds6-route.o)
                0x00206984                uip_ds6_route_nexthop
 .text.uip_ds6_route_head
                0x002069a0        0xc contiki-cc2538dk.a(uip-ds6-route.o)
                0x002069a0                uip_ds6_route_head
 .text.uip_ds6_route_lookup
                0x002069ac       0x64 contiki-cc2538dk.a(uip-ds6-route.o)
                0x002069ac                uip_ds6_route_lookup
 .text.uip_ds6_route_rm
                0x00206a10       0x9c contiki-cc2538dk.a(uip-ds6-route.o)
                0x00206a10                uip_ds6_route_rm
 .text.rm_routelist
                0x00206aac       0x2c contiki-cc2538dk.a(uip-ds6-route.o)
 .text.uip_ds6_route_add
                0x00206ad8       0xfc contiki-cc2538dk.a(uip-ds6-route.o)
                0x00206ad8                uip_ds6_route_add
 .text.uip_ds6_defrt_rm
                0x00206bd4       0x44 contiki-cc2538dk.a(uip-ds6-route.o)
                0x00206bd4                uip_ds6_defrt_rm
 .text.uip_ds6_defrt_lookup
                0x00206c18       0x2c contiki-cc2538dk.a(uip-ds6-route.o)
                0x00206c18                uip_ds6_defrt_lookup
 .text.uip_ds6_defrt_add
                0x00206c44       0x64 contiki-cc2538dk.a(uip-ds6-route.o)
                0x00206c44                uip_ds6_defrt_add
 .text.uip_ds6_defrt_choose
                0x00206ca8       0x30 contiki-cc2538dk.a(uip-ds6-route.o)
                0x00206ca8                uip_ds6_defrt_choose
 .text.uip_ds6_defrt_periodic
                0x00206cd8       0x30 contiki-cc2538dk.a(uip-ds6-route.o)
                0x00206cd8                uip_ds6_defrt_periodic
 .text.echo_reply_input
                0x00206d08       0xe4 contiki-cc2538dk.a(uip-icmp6.o)
 .text.echo_request_input
                0x00206dec      0x100 contiki-cc2538dk.a(uip-icmp6.o)
 .text.uip_icmp6_input
                0x00206eec       0x38 contiki-cc2538dk.a(uip-icmp6.o)
                0x00206eec                uip_icmp6_input
 .text.uip_icmp6_register_input_handler
                0x00206f24        0xc contiki-cc2538dk.a(uip-icmp6.o)
                0x00206f24                uip_icmp6_register_input_handler
 .text.uip_icmp6_error_output
                0x00206f30      0x144 contiki-cc2538dk.a(uip-icmp6.o)
                0x00206f30                uip_icmp6_error_output
 .text.uip_icmp6_send
                0x00207074       0x8c contiki-cc2538dk.a(uip-icmp6.o)
                0x00207074                uip_icmp6_send
 .text.uip_icmp6_init
                0x00207100       0x1c contiki-cc2538dk.a(uip-icmp6.o)
                0x00207100                uip_icmp6_init
 .text.na_input
                0x0020711c      0x1c8 contiki-cc2538dk.a(uip-nd6.o)
 .text.ns_input
                0x002072e4      0x254 contiki-cc2538dk.a(uip-nd6.o)
 .text.uip_nd6_ns_output
                0x00207538      0x164 contiki-cc2538dk.a(uip-nd6.o)
                0x00207538                uip_nd6_ns_output
 .text.uip_nd6_init
                0x0020769c       0x1c contiki-cc2538dk.a(uip-nd6.o)
                0x0020769c                uip_nd6_init
 .text.psock_send
                0x002076b8       0x98 contiki-cc2538dk.a(psock.o)
                0x002076b8                psock_send
 .text.psock_newdata
                0x00207750       0x28 contiki-cc2538dk.a(psock.o)
                0x00207750                psock_newdata
 .text.psock_readto
                0x00207778       0xa4 contiki-cc2538dk.a(psock.o)
                0x00207778                psock_readto
 .text.start_periodic_tcp_timer
                0x0020781c       0x1c contiki-cc2538dk.a(tcpip.o)
 .text.tcpip_output
                0x00207838       0x10 contiki-cc2538dk.a(tcpip.o)
                0x00207838                tcpip_output
 .text.tcpip_set_outputfunc
                0x00207848        0xc contiki-cc2538dk.a(tcpip.o)
                0x00207848                tcpip_set_outputfunc
 .text.tcp_listen
                0x00207854       0x3c contiki-cc2538dk.a(tcpip.o)
                0x00207854                tcp_listen
 .text.tcp_attach
                0x00207890       0x10 contiki-cc2538dk.a(tcpip.o)
                0x00207890                tcp_attach
 .text.tcpip_icmp6_call
                0x002078a0       0x28 contiki-cc2538dk.a(tcpip.o)
                0x002078a0                tcpip_icmp6_call
 .text.tcpip_input
                0x002078c8       0x24 contiki-cc2538dk.a(tcpip.o)
                0x002078c8                tcpip_input
 .text.tcpip_ipv6_output
                0x002078ec      0x144 contiki-cc2538dk.a(tcpip.o)
                0x002078ec                tcpip_ipv6_output
 .text.process_thread_tcpip_process
                0x00207a30      0x1ec contiki-cc2538dk.a(tcpip.o)
 .text.tcpip_uipcall
                0x00207c1c       0x7c contiki-cc2538dk.a(tcpip.o)
                0x00207c1c                tcpip_uipcall
 .text.uip_debug_ipaddr_print
                0x00207c98       0x64 contiki-cc2538dk.a(uip-debug.o)
                0x00207c98                uip_debug_ipaddr_print
 .text.index_from_key
                0x00207cfc       0x20 contiki-cc2538dk.a(nbr-table.o)
 .text.index_from_lladdr
                0x00207d1c       0x40 contiki-cc2538dk.a(nbr-table.o)
 .text.key_from_item
                0x00207d5c       0x2c contiki-cc2538dk.a(nbr-table.o)
 .text.nbr_get_bit.constprop.0
                0x00207d88       0x30 contiki-cc2538dk.a(nbr-table.o)
 .text.nbr_table_register
                0x00207db8       0x28 contiki-cc2538dk.a(nbr-table.o)
                0x00207db8                nbr_table_register
 .text.nbr_table_head
                0x00207de0       0x34 contiki-cc2538dk.a(nbr-table.o)
                0x00207de0                nbr_table_head
 .text.nbr_table_add_lladdr
                0x00207e14      0x11c contiki-cc2538dk.a(nbr-table.o)
                0x00207e14                nbr_table_add_lladdr
 .text.nbr_table_remove
                0x00207f30       0x2c contiki-cc2538dk.a(nbr-table.o)
                0x00207f30                nbr_table_remove
 .text.nbr_table_lock
                0x00207f5c       0x14 contiki-cc2538dk.a(nbr-table.o)
                0x00207f5c                nbr_table_lock
 .text.nbr_table_unlock
                0x00207f70       0x14 contiki-cc2538dk.a(nbr-table.o)
                0x00207f70                nbr_table_unlock
 .text.netstack_init
                0x00207f84       0x30 contiki-cc2538dk.a(netstack.o)
                0x00207f84                netstack_init
 .text.packetbuf_compact
                0x00207fb4       0x34 contiki-cc2538dk.a(packetbuf.o)
                0x00207fb4                packetbuf_compact
 .text.packetbuf_copyto
                0x00207fe8       0x50 contiki-cc2538dk.a(packetbuf.o)
                0x00207fe8                packetbuf_copyto
 .text.packetbuf_hdrreduce
                0x00208038       0x2c contiki-cc2538dk.a(packetbuf.o)
                0x00208038                packetbuf_hdrreduce
 .text.packetbuf_set_datalen
                0x00208064        0xc contiki-cc2538dk.a(packetbuf.o)
                0x00208064                packetbuf_set_datalen
 .text.packetbuf_dataptr
                0x00208070       0x14 contiki-cc2538dk.a(packetbuf.o)
                0x00208070                packetbuf_dataptr
 .text.packetbuf_hdrptr
                0x00208084       0x14 contiki-cc2538dk.a(packetbuf.o)
                0x00208084                packetbuf_hdrptr
 .text.packetbuf_datalen
                0x00208098        0xc contiki-cc2538dk.a(packetbuf.o)
                0x00208098                packetbuf_datalen
 .text.packetbuf_hdrlen
                0x002080a4       0x1c contiki-cc2538dk.a(packetbuf.o)
                0x002080a4                packetbuf_hdrlen
 .text.packetbuf_totlen
                0x002080c0       0x14 contiki-cc2538dk.a(packetbuf.o)
                0x002080c0                packetbuf_totlen
 .text.packetbuf_hdralloc
                0x002080d4       0x28 contiki-cc2538dk.a(packetbuf.o)
                0x002080d4                packetbuf_hdralloc
 .text.packetbuf_attr_clear
                0x002080fc       0x38 contiki-cc2538dk.a(packetbuf.o)
                0x002080fc                packetbuf_attr_clear
 .text.packetbuf_clear
                0x00208134       0x30 contiki-cc2538dk.a(packetbuf.o)
                0x00208134                packetbuf_clear
 .text.packetbuf_copyfrom
                0x00208164       0x2c contiki-cc2538dk.a(packetbuf.o)
                0x00208164                packetbuf_copyfrom
 .text.packetbuf_attr_copyto
                0x00208190       0x34 contiki-cc2538dk.a(packetbuf.o)
                0x00208190                packetbuf_attr_copyto
 .text.packetbuf_attr_copyfrom
                0x002081c4       0x34 contiki-cc2538dk.a(packetbuf.o)
                0x002081c4                packetbuf_attr_copyfrom
 .text.packetbuf_set_attr
                0x002081f8       0x10 contiki-cc2538dk.a(packetbuf.o)
                0x002081f8                packetbuf_set_attr
 .text.packetbuf_attr
                0x00208208        0xc contiki-cc2538dk.a(packetbuf.o)
                0x00208208                packetbuf_attr
 .text.packetbuf_set_addr
                0x00208214       0x18 contiki-cc2538dk.a(packetbuf.o)
                0x00208214                packetbuf_set_addr
 .text.packetbuf_addr
                0x0020822c       0x10 contiki-cc2538dk.a(packetbuf.o)
                0x0020822c                packetbuf_addr
 .text.packetbuf_holds_broadcast
                0x0020823c       0x10 contiki-cc2538dk.a(packetbuf.o)
                0x0020823c                packetbuf_holds_broadcast
 .text.queuebuf_init
                0x0020824c       0x1c contiki-cc2538dk.a(queuebuf.o)
                0x0020824c                queuebuf_init
 .text.queuebuf_numfree
                0x00208268        0xc contiki-cc2538dk.a(queuebuf.o)
                0x00208268                queuebuf_numfree
 .text.queuebuf_new_from_packetbuf
                0x00208274       0x44 contiki-cc2538dk.a(queuebuf.o)
                0x00208274                queuebuf_new_from_packetbuf
 .text.queuebuf_free
                0x002082b8       0x2c contiki-cc2538dk.a(queuebuf.o)
                0x002082b8                queuebuf_free
 .text.queuebuf_to_packetbuf
                0x002082e4       0x30 contiki-cc2538dk.a(queuebuf.o)
                0x002082e4                queuebuf_to_packetbuf
 .text.init     0x00208314       0x40 contiki-cc2538dk.a(contikimac.o)
 .text.on       0x00208354       0x2c contiki-cc2538dk.a(contikimac.o)
 .text.off      0x00208380       0x38 contiki-cc2538dk.a(contikimac.o)
 .text.recv_burst_off
                0x002083b8       0x14 contiki-cc2538dk.a(contikimac.o)
 .text.powercycle_turn_radio_off
                0x002083cc       0x1c contiki-cc2538dk.a(contikimac.o)
 .text.turn_off
                0x002083e8       0x38 contiki-cc2538dk.a(contikimac.o)
 .text.turn_on  0x00208420       0x40 contiki-cc2538dk.a(contikimac.o)
 .text.schedule_powercycle_fixed
                0x00208460       0x38 contiki-cc2538dk.a(contikimac.o)
 .text.input_packet
                0x00208498       0xa8 contiki-cc2538dk.a(contikimac.o)
 .text.send_packet.isra.7
                0x00208540      0x1f8 contiki-cc2538dk.a(contikimac.o)
 .text.qsend_list
                0x00208738       0xc0 contiki-cc2538dk.a(contikimac.o)
 .text.powercycle
                0x002087f8      0x20c contiki-cc2538dk.a(contikimac.o)
 .text.input_packet
                0x00208a04        0xc contiki-cc2538dk.a(csma.o)
 .text.on       0x00208a10        0xc contiki-cc2538dk.a(csma.o)
 .text.off      0x00208a1c        0xc contiki-cc2538dk.a(csma.o)
 .text.channel_check_interval
                0x00208a28       0x10 contiki-cc2538dk.a(csma.o)
 .text.transmit_packet_list
                0x00208a38       0x30 contiki-cc2538dk.a(csma.o)
 .text.send_packet
                0x00208a68      0x148 contiki-cc2538dk.a(csma.o)
 .text.init     0x00208bb0       0x24 contiki-cc2538dk.a(csma.o)
 .text.free_packet
                0x00208bd4       0x90 contiki-cc2538dk.a(csma.o)
 .text.packet_sent
                0x00208c64       0xf8 contiki-cc2538dk.a(csma.o)
 .text.create_frame.isra.0
                0x00208d5c      0x110 contiki-cc2538dk.a(framer-802154.o)
 .text.framer_canonical_create_and_secure
                0x00208e6c       0x30 contiki-cc2538dk.a(framer.o)
                0x00208e6c                framer_canonical_create_and_secure
 .text.mac_sequence_is_duplicate
                0x00208e9c       0x38 contiki-cc2538dk.a(mac-sequence.o)
                0x00208e9c                mac_sequence_is_duplicate
 .text.mac_sequence_register_seqno
                0x00208ed4       0x64 contiki-cc2538dk.a(mac-sequence.o)
                0x00208ed4                mac_sequence_register_seqno
 .text.input    0x00208f38        0xc contiki-cc2538dk.a(nullsec.o)
 .text.send     0x00208f44       0x20 contiki-cc2538dk.a(nullsec.o)
 .text.netstack_aes_set_key
                0x00208f64       0x24 contiki-cc2538dk.a(netstack-aes.o)
                0x00208f64                netstack_aes_set_key
 .text.rpl_get_mode
                0x00208f88        0xc contiki-cc2538dk.a(rpl.o)
                0x00208f88                rpl_get_mode
 .text.rpl_purge_routes
                0x00208f94       0x64 contiki-cc2538dk.a(rpl.o)
                0x00208f94                rpl_purge_routes
 .text.rpl_link_neighbor_callback
                0x00208ff8       0x70 contiki-cc2538dk.a(rpl.o)
                0x00208ff8                rpl_link_neighbor_callback
 .text.rpl_ipv6_neighbor_callback
                0x00209068       0x28 contiki-cc2538dk.a(rpl.o)
                0x00209068                rpl_ipv6_neighbor_callback
 .text.rpl_init
                0x00209090       0x58 contiki-cc2538dk.a(rpl.o)
                0x00209090                rpl_init
 .text.rpl_verify_header
                0x002090e8       0x9c contiki-cc2538dk.a(rpl-ext-header.)
                0x002090e8                rpl_verify_header
 .text.rpl_update_header_empty
                0x00209184      0x138 contiki-cc2538dk.a(rpl-ext-header.)
                0x00209184                rpl_update_header_empty
 .text.rpl_update_header_final
                0x002092bc       0x88 contiki-cc2538dk.a(rpl-ext-header.)
                0x002092bc                rpl_update_header_final
 .text.rpl_invert_header
                0x00209344       0x68 contiki-cc2538dk.a(rpl-ext-header.)
                0x00209344                rpl_invert_header
 .text.rpl_insert_header
                0x002093ac       0x1c contiki-cc2538dk.a(rpl-ext-header.)
                0x002093ac                rpl_insert_header
 .text.leds_init
                0x002093c8       0x14 contiki-cc2538dk.a(leds.o)
                0x002093c8                leds_init
 .text.leds_on  0x002093dc       0x10 contiki-cc2538dk.a(leds.o)
                0x002093dc                leds_on
 .text.leds_off
                0x002093ec       0x14 contiki-cc2538dk.a(leds.o)
                0x002093ec                leds_off
 .text.leds_arch_init
                0x00209400       0x10 contiki-cc2538dk.a(leds-arch.o)
                0x00209400                leds_arch_init
 .text.leds_arch_set
                0x00209410        0xc contiki-cc2538dk.a(leds-arch.o)
                0x00209410                leds_arch_set
 .text.frame802154_parse
                0x0020941c      0x120 contiki-cc2538dk.a(frame802154.o)
                0x0020941c                frame802154_parse
 .text          0x0020953c       0x30 /usr/bin/../lib/gcc/arm-none-eabi/4.9.3/armv7-m/libgcc.a(_aeabi_uldivmod.o)
                0x0020953c                __aeabi_uldivmod
 .text          0x0020956c       0x60 /usr/bin/../lib/gcc/arm-none-eabi/4.9.3/armv7-m/libgcc.a(bpabi.o)
                0x0020956c                __gnu_ldivmod_helper
                0x0020959c                __gnu_uldivmod_helper
 .text          0x002095cc        0x4 /usr/bin/../lib/gcc/arm-none-eabi/4.9.3/armv7-m/libgcc.a(_dvmd_tls.o)
                0x002095cc                __aeabi_ldiv0
                0x002095cc                __aeabi_idiv0
 .text          0x002095d0      0x2ac /usr/bin/../lib/gcc/arm-none-eabi/4.9.3/armv7-m/libgcc.a(_divdi3.o)
                0x002095d0                __divdi3
 .text          0x0020987c      0x270 /usr/bin/../lib/gcc/arm-none-eabi/4.9.3/armv7-m/libgcc.a(_udivdi3.o)
                0x0020987c                __udivdi3
 .text.memcmp   0x00209aec       0x64 /usr/bin/../lib/gcc/arm-none-eabi/4.9.3/../../../../arm-none-eabi/lib/armv7-m/libc.a(lib_a-memcmp.o)
                0x00209aec                memcmp
 .text          0x00209b50       0xec /usr/bin/../lib/gcc/arm-none-eabi/4.9.3/../../../../arm-none-eabi/lib/armv7-m/libc.a(lib_a-memcpy.o)
                0x00209b50                memcpy
 .text.memmove  0x00209c3c       0xc8 /usr/bin/../lib/gcc/arm-none-eabi/4.9.3/../../../../arm-none-eabi/lib/armv7-m/libc.a(lib_a-memmove.o)
                0x00209c3c                memmove
 .text.memset   0x00209d04       0x9c /usr/bin/../lib/gcc/arm-none-eabi/4.9.3/../../../../arm-none-eabi/lib/armv7-m/libc.a(lib_a-memset.o)
                0x00209d04                memset
 .text.strcpy   0x00209da0       0xbc /usr/bin/../lib/gcc/arm-none-eabi/4.9.3/../../../../arm-none-eabi/lib/armv7-m/libc.a(lib_a-strcpy.o)
                0x00209da0                strcpy
 .text.strlen   0x00209e5c       0x5c /usr/bin/../lib/gcc/arm-none-eabi/4.9.3/../../../../arm-none-eabi/lib/armv7-m/libc.a(lib_a-strlen.o)
                0x00209e5c                strlen
 .text.strncmp  0x00209eb8       0x94 /usr/bin/../lib/gcc/arm-none-eabi/4.9.3/../../../../arm-none-eabi/lib/armv7-m/libc.a(lib_a-strncmp.o)
                0x00209eb8                strncmp
 .text.strncpy  0x00209f4c       0x68 /usr/bin/../lib/gcc/arm-none-eabi/4.9.3/../../../../arm-none-eabi/lib/armv7-m/libc.a(lib_a-strncpy.o)
                0x00209f4c                strncpy
 .text.default_handler
                0x00209fb4        0x2 obj_cc2538dk/startup-gcc.o
                0x00209fb4                default_handler
                0x00209fb4                usb_isr
 .text.nmi_handler
                0x00209fb6        0x6 obj_cc2538dk/startup-gcc.o
                0x00209fb6                nmi_handler
 .text.lollipop_greater_than
                0x00209fbc       0x34 contiki-cc2538dk.a(rpl-dag.o)
 .text.check_prefix
                0x00209ff0       0x58 contiki-cc2538dk.a(rpl-dag.o)
 .text.rpl_set_prefix
                0x0020a048       0x6c contiki-cc2538dk.a(rpl-dag.o)
                0x0020a048                rpl_set_prefix
 .text.rpl_set_default_route
                0x0020a0b4       0x38 contiki-cc2538dk.a(rpl-dag.o)
                0x0020a0b4                rpl_set_default_route
 .text.rpl_find_parent
                0x0020a0ec       0x16 contiki-cc2538dk.a(rpl-dag.o)
                0x0020a0ec                rpl_find_parent
 .text.rpl_find_parent_any_dag
                0x0020a102       0x1e contiki-cc2538dk.a(rpl-dag.o)
                0x0020a102                rpl_find_parent_any_dag
 .text.rpl_select_dag
                0x0020a120      0x152 contiki-cc2538dk.a(rpl-dag.o)
                0x0020a120                rpl_select_dag
 .text.rpl_nullify_parent
                0x0020a272       0x48 contiki-cc2538dk.a(rpl-dag.o)
                0x0020a272                rpl_nullify_parent
 .text.nbr_callback
                0x0020a2ba        0x4 contiki-cc2538dk.a(rpl-dag.o)
 .text.rpl_free_dag
                0x0020a2be       0x2e contiki-cc2538dk.a(rpl-dag.o)
                0x0020a2be                rpl_free_dag
 .text.rpl_move_parent
                0x0020a2ec       0x48 contiki-cc2538dk.a(rpl-dag.o)
                0x0020a2ec                rpl_move_parent
 .text.rpl_repair_root
                0x0020a334       0x48 contiki-cc2538dk.a(rpl-dag.o)
                0x0020a334                rpl_repair_root
 .text.rpl_alloc_dag
                0x0020a37c       0x48 contiki-cc2538dk.a(rpl-dag.o)
                0x0020a37c                rpl_alloc_dag
 .text.rpl_process_parent_event
                0x0020a3c4       0x60 contiki-cc2538dk.a(rpl-dag.o)
                0x0020a3c4                rpl_process_parent_event
 .text.rpl_add_dag
                0x0020a424      0x100 contiki-cc2538dk.a(rpl-dag.o)
                0x0020a424                rpl_add_dag
 .text.rpl_process_dio
                0x0020a524      0x29c contiki-cc2538dk.a(rpl-dag.o)
                0x0020a524                rpl_process_dio
 .text.get32    0x0020a7c0       0x18 contiki-cc2538dk.a(rpl-icmp6.o)
 .text.set32    0x0020a7d8       0x12 contiki-cc2538dk.a(rpl-icmp6.o)
 .text.get16    0x0020a7ea        0xc contiki-cc2538dk.a(rpl-icmp6.o)
 .text.set16    0x0020a7f6        0xa contiki-cc2538dk.a(rpl-icmp6.o)
 .text.rpl_reset_dio_timer
                0x0020a800       0x1c contiki-cc2538dk.a(rpl-timers.o)
                0x0020a800                rpl_reset_dio_timer
 .text.rpl_schedule_dao
                0x0020a81c        0x8 contiki-cc2538dk.a(rpl-timers.o)
                0x0020a81c                rpl_schedule_dao
 .text.reset    0x0020a824        0x2 contiki-cc2538dk.a(rpl-mrhof.o)
 .text.update_metric_container
                0x0020a826        0x6 contiki-cc2538dk.a(rpl-mrhof.o)
 .text.calculate_rank
                0x0020a82c       0x34 contiki-cc2538dk.a(rpl-mrhof.o)
 .text.neighbor_link_callback
                0x0020a860       0x46 contiki-cc2538dk.a(rpl-mrhof.o)
 .text.best_dag
                0x0020a8a6       0x2c contiki-cc2538dk.a(rpl-mrhof.o)
 .text.best_parent
                0x0020a8d2       0x5a contiki-cc2538dk.a(rpl-mrhof.o)
 .text.fade     0x0020a92c       0x54 contiki-cc2538dk.a(contiki-main.o)
 .text.config   0x0020a980       0x40 contiki-cc2538dk.a(button-sensor.o)
 .text.status   0x0020a9c0        0x4 contiki-cc2538dk.a(als-sensor.o)
 .text.clock_isr
                0x0020a9c4        0x4 contiki-cc2538dk.a(clock.o)
                0x0020a9c4                clock_isr
 .text.rtimer_arch_init
                0x0020a9c8        0x2 contiki-cc2538dk.a(rtimer-arch.o)
                0x0020a9c8                rtimer_arch_init
 .text.uart0_isr
                0x0020a9ca        0x6 contiki-cc2538dk.a(uart.o)
                0x0020a9ca                uart0_isr
 .text.uart1_isr
                0x0020a9d0        0x6 contiki-cc2538dk.a(uart.o)
                0x0020a9d0                uart1_isr
 .text.cpu_cpsie
                0x0020a9d6        0x8 contiki-cc2538dk.a(cpu.o)
                0x0020a9d6                cpu_cpsie
 .text.cpu_cpsid
                0x0020a9de        0x8 contiki-cc2538dk.a(cpu.o)
                0x0020a9de                cpu_cpsid
 .text.gpio_port_a_isr
                0x0020a9e6        0x6 contiki-cc2538dk.a(gpio.o)
                0x0020a9e6                gpio_port_a_isr
 .text.gpio_port_b_isr
                0x0020a9ec        0x6 contiki-cc2538dk.a(gpio.o)
                0x0020a9ec                gpio_port_b_isr
 .text.gpio_port_c_isr
                0x0020a9f2        0x6 contiki-cc2538dk.a(gpio.o)
                0x0020a9f2                gpio_port_c_isr
 .text.gpio_port_d_isr
                0x0020a9f8        0x6 contiki-cc2538dk.a(gpio.o)
                0x0020a9f8                gpio_port_d_isr
 .text.send     0x0020a9fe       0x12 contiki-cc2538dk.a(cc2538-rf.o)
 .text.putchar  0x0020aa10       0x10 contiki-cc2538dk.a(dbg.o)
                0x0020aa10                putchar
 .text.dbg_send_bytes
                0x0020aa20       0x20 contiki-cc2538dk.a(dbg.o)
                0x0020aa20                dbg_send_bytes
 .text.puts     0x0020aa40       0x20 contiki-cc2538dk.a(dbg.o)
                0x0020aa40                puts
 .text.slip_arch_writeb
                0x0020aa60        0x8 contiki-cc2538dk.a(slip-arch.o)
                0x0020aa60                slip_arch_writeb
 .text.configure
                0x0020aa68        0x4 contiki-cc2538dk.a(cc2538-temp-sen)
 .text.status   0x0020aa6c        0x4 contiki-cc2538dk.a(cc2538-temp-sen)
 .text.value    0x0020aa70       0x34 contiki-cc2538dk.a(cc2538-temp-sen)
 .text.configure
                0x0020aaa4        0x4 contiki-cc2538dk.a(vdd3-sensor.o)
 .text.status   0x0020aaa8        0x4 contiki-cc2538dk.a(vdd3-sensor.o)
 .text.value    0x0020aaac       0x2a contiki-cc2538dk.a(vdd3-sensor.o)
 .text.write_str
                0x0020aad6       0x10 contiki-cc2538dk.a(dbg-printf.o)
 .text.buffer_str
                0x0020aae6       0x28 contiki-cc2538dk.a(dbg-snprintf.o)
 .text.snprintf
                0x0020ab0e       0x1a contiki-cc2538dk.a(dbg-snprintf.o)
                0x0020ab0e                snprintf
 .text.autostart_start
                0x0020ab28       0x14 contiki-cc2538dk.a(autostart.o)
                0x0020ab28                autostart_start
 .text.energest_init
                0x0020ab3c        0x2 contiki-cc2538dk.a(energest.o)
                0x0020ab3c                energest_init
 .text.etimer_set
                0x0020ab3e       0x12 contiki-cc2538dk.a(etimer.o)
                0x0020ab3e                etimer_set
 .text.etimer_reset
                0x0020ab50       0x12 contiki-cc2538dk.a(etimer.o)
                0x0020ab50                etimer_reset
 .text.etimer_restart
                0x0020ab62       0x12 contiki-cc2538dk.a(etimer.o)
                0x0020ab62                etimer_restart
 .text.etimer_expired
                0x0020ab74        0xa contiki-cc2538dk.a(etimer.o)
                0x0020ab74                etimer_expired
 .text.etimer_expiration_time
                0x0020ab7e        0x6 contiki-cc2538dk.a(etimer.o)
                0x0020ab7e                etimer_expiration_time
 .text.call_process
                0x0020ab84        0xc contiki-cc2538dk.a(process.o)
 .text.rtimer_init
                0x0020ab90        0x4 contiki-cc2538dk.a(rtimer.o)
                0x0020ab90                rtimer_init
 .text.stimer_set
                0x0020ab94        0xe contiki-cc2538dk.a(stimer.o)
                0x0020ab94                stimer_set
 .text.timer_set
                0x0020aba2        0xe contiki-cc2538dk.a(timer.o)
                0x0020aba2                timer_set
 .text.timer_reset
                0x0020abb0        0xa contiki-cc2538dk.a(timer.o)
                0x0020abb0                timer_reset
 .text.timer_restart
                0x0020abba        0xc contiki-cc2538dk.a(timer.o)
                0x0020abba                timer_restart
 .text.timer_expired
                0x0020abc6       0x1c contiki-cc2538dk.a(timer.o)
                0x0020abc6                timer_expired
 .text.list_init
                0x0020abe2        0x6 contiki-cc2538dk.a(list.o)
                0x0020abe2                list_init
 .text.list_head
                0x0020abe8        0x4 contiki-cc2538dk.a(list.o)
                0x0020abe8                list_head
 .text.list_tail
                0x0020abec       0x10 contiki-cc2538dk.a(list.o)
                0x0020abec                list_tail
 .text.list_remove
                0x0020abfc       0x28 contiki-cc2538dk.a(list.o)
                0x0020abfc                list_remove
 .text.list_add
                0x0020ac24       0x1e contiki-cc2538dk.a(list.o)
                0x0020ac24                list_add
 .text.list_push
                0x0020ac42       0x12 contiki-cc2538dk.a(list.o)
                0x0020ac42                list_push
 .text.list_length
                0x0020ac54        0xe contiki-cc2538dk.a(list.o)
                0x0020ac54                list_length
 .text.list_item_next
                0x0020ac62        0x6 contiki-cc2538dk.a(list.o)
                0x0020ac62                list_item_next
 .text.memb_init
                0x0020ac68       0x20 contiki-cc2538dk.a(memb.o)
                0x0020ac68                memb_init
 .text.memb_alloc
                0x0020ac88       0x28 contiki-cc2538dk.a(memb.o)
                0x0020ac88                memb_alloc
 .text.memb_free
                0x0020acb0       0x2c contiki-cc2538dk.a(memb.o)
                0x0020acb0                memb_free
 .text.memb_inmemb
                0x0020acdc       0x1c contiki-cc2538dk.a(memb.o)
                0x0020acdc                memb_inmemb
 .text.memb_numfree
                0x0020acf8       0x1c contiki-cc2538dk.a(memb.o)
                0x0020acf8                memb_numfree
 .text.ringbuf_init
                0x0020ad14        0xe contiki-cc2538dk.a(ringbuf.o)
                0x0020ad14                ringbuf_init
 .text.ringbuf_put
                0x0020ad22       0x28 contiki-cc2538dk.a(ringbuf.o)
                0x0020ad22                ringbuf_put
 .text.ringbuf_get
                0x0020ad4a       0x20 contiki-cc2538dk.a(ringbuf.o)
                0x0020ad4a                ringbuf_get
 .text.chksum   0x0020ad6a       0x38 contiki-cc2538dk.a(uip6.o)
 .text.uip_icmp6chksum
                0x0020ada2        0x6 contiki-cc2538dk.a(uip6.o)
                0x0020ada2                uip_icmp6chksum
 .text.uip_tcpchksum
                0x0020ada8        0x6 contiki-cc2538dk.a(uip6.o)
                0x0020ada8                uip_tcpchksum
 .text.uip_udpchksum
                0x0020adae        0x6 contiki-cc2538dk.a(uip6.o)
                0x0020adae                uip_udpchksum
 .text.uip_htonl
                0x0020adb4       0x14 contiki-cc2538dk.a(uip6.o)
                0x0020adb4                uip_htonl
 .text.uip_ds6_list_loop
                0x0020adc8       0x48 contiki-cc2538dk.a(uip-ds6.o)
                0x0020adc8                uip_ds6_list_loop
 .text.uip_ds6_maddr_rm
                0x0020ae10        0x8 contiki-cc2538dk.a(uip-ds6.o)
                0x0020ae10                uip_ds6_maddr_rm
 .text.uip_ds6_set_addr_iid
                0x0020ae18       0x12 contiki-cc2538dk.a(uip-ds6.o)
                0x0020ae18                uip_ds6_set_addr_iid
 .text.get_match_length
                0x0020ae2a       0x3a contiki-cc2538dk.a(uip-ds6.o)
                0x0020ae2a                get_match_length
 .text.uip_ds6_nbr_ipaddr_from_lladdr
                0x0020ae64        0x4 contiki-cc2538dk.a(uip-ds6-nbr.o)
                0x0020ae64                uip_ds6_nbr_ipaddr_from_lladdr
 .text.uip_ds6_nbr_lladdr_from_ipaddr
                0x0020ae68       0x12 contiki-cc2538dk.a(uip-ds6-nbr.o)
                0x0020ae68                uip_ds6_nbr_lladdr_from_ipaddr
 .text.uip_ds6_route_next
                0x0020ae7a        0x8 contiki-cc2538dk.a(uip-ds6-route.o)
                0x0020ae7a                uip_ds6_route_next
 .text.rm_routelist_callback
                0x0020ae82        0x4 contiki-cc2538dk.a(uip-ds6-route.o)
 .text.psock_datalen
                0x0020ae86        0xa contiki-cc2538dk.a(psock.o)
                0x0020ae86                psock_datalen
 .text.psock_init
                0x0020ae90       0x16 contiki-cc2538dk.a(psock.o)
                0x0020ae90                psock_init
 .text.linkaddr_copy
                0x0020aea6        0xa contiki-cc2538dk.a(linkaddr.o)
                0x0020aea6                linkaddr_copy
 .text.linkaddr_cmp
                0x0020aeb0       0x10 contiki-cc2538dk.a(linkaddr.o)
                0x0020aeb0                linkaddr_cmp
 .text.nbr_set_bit
                0x0020aec0       0x38 contiki-cc2538dk.a(nbr-table.o)
 .text.item_from_key
                0x0020aef8       0x22 contiki-cc2538dk.a(nbr-table.o)
 .text.nbr_table_next
                0x0020af1a       0x2e contiki-cc2538dk.a(nbr-table.o)
                0x0020af1a                nbr_table_next
 .text.nbr_table_get_from_lladdr
                0x0020af48       0x32 contiki-cc2538dk.a(nbr-table.o)
                0x0020af48                nbr_table_get_from_lladdr
 .text.nbr_table_get_lladdr
                0x0020af7a        0xc contiki-cc2538dk.a(nbr-table.o)
                0x0020af7a                nbr_table_get_lladdr
 .text.queuebuf_update_attr_from_packetbuf
                0x0020af86        0xc contiki-cc2538dk.a(queuebuf.o)
                0x0020af86                queuebuf_update_attr_from_packetbuf
 .text.queuebuf_update_from_packetbuf
                0x0020af92       0x1c contiki-cc2538dk.a(queuebuf.o)
                0x0020af92                queuebuf_update_from_packetbuf
 .text.queuebuf_attr
                0x0020afae        0xc contiki-cc2538dk.a(queuebuf.o)
                0x0020afae                queuebuf_attr
 .text.duty_cycle
                0x0020afba        0x4 contiki-cc2538dk.a(contikimac.o)
 .text.qsend_packet
                0x0020afbe       0x22 contiki-cc2538dk.a(contikimac.o)
 .text.parse    0x0020afe0       0x8e contiki-cc2538dk.a(framer-802154.o)
 .text.create   0x0020b06e        0x6 contiki-cc2538dk.a(framer-802154.o)
 .text.hdr_length
                0x0020b074        0x6 contiki-cc2538dk.a(framer-802154.o)
 .text.mac_call_sent_callback
                0x0020b07a       0x16 contiki-cc2538dk.a(mac.o)
                0x0020b07a                mac_call_sent_callback
 .text.bootstrap
                0x0020b090        0x2 contiki-cc2538dk.a(nullsec.o)
 .text.on_frame_created
                0x0020b092        0x4 contiki-cc2538dk.a(nullsec.o)
 .text.get_overhead
                0x0020b096        0x4 contiki-cc2538dk.a(nullsec.o)
 .text.rpl_remove_routes
                0x0020b09a       0x1e contiki-cc2538dk.a(rpl.o)
                0x0020b09a                rpl_remove_routes
 .text.rpl_remove_routes_by_nexthop
                0x0020b0b8       0x36 contiki-cc2538dk.a(rpl.o)
                0x0020b0b8                rpl_remove_routes_by_nexthop
 .text.rpl_add_route
                0x0020b0ee       0x28 contiki-cc2538dk.a(rpl.o)
                0x0020b0ee                rpl_add_route
 .text.field_len
                0x0020b116       0x70 contiki-cc2538dk.a(frame802154.o)
 .text.frame802154_hdrlen
                0x0020b186       0x2c contiki-cc2538dk.a(frame802154.o)
                0x0020b186                frame802154_hdrlen
 .text.frame802154_create
                0x0020b1b2       0xc4 contiki-cc2538dk.a(frame802154.o)
                0x0020b1b2                frame802154_create
 *(SORT(.rodata*))
 *fill*         0x0020b276        0x2 00000000
 .rodata.autostart_processes
                0x0020b278        0xc border-router.co
                0x0020b278                autostart_processes
 .rodata.rpl_interface
                0x0020b284        0x8 obj_cc2538dk/slip-bridge.o
                0x0020b284                rpl_interface
 .rodata.button_select_sensor
                0x0020b28c       0x10 contiki-cc2538dk.a(button-sensor.o)
                0x0020b28c                button_select_sensor
 .rodata.button_up_sensor
                0x0020b29c       0x10 contiki-cc2538dk.a(button-sensor.o)
                0x0020b29c                button_up_sensor
 .rodata.button_left_sensor
                0x0020b2ac       0x10 contiki-cc2538dk.a(button-sensor.o)
                0x0020b2ac                button_left_sensor
 .rodata.button_right_sensor
                0x0020b2bc       0x10 contiki-cc2538dk.a(button-sensor.o)
                0x0020b2bc                button_right_sensor
 .rodata.button_down_sensor
                0x0020b2cc       0x10 contiki-cc2538dk.a(button-sensor.o)
                0x0020b2cc                button_down_sensor
 .rodata.als_sensor
                0x0020b2dc       0x10 contiki-cc2538dk.a(als-sensor.o)
                0x0020b2dc                als_sensor
 .rodata.uart_regs
                0x0020b2ec       0x58 contiki-cc2538dk.a(uart.o)
 .rodata.cc2538_rf_driver
                0x0020b344       0x38 contiki-cc2538dk.a(cc2538-rf.o)
                0x0020b344                cc2538_rf_driver
 .rodata.output_power
                0x0020b37c       0x70 contiki-cc2538dk.a(cc2538-rf.o)
 .rodata.cc2538_temp_sensor
                0x0020b3ec       0x10 contiki-cc2538dk.a(cc2538-temp-sen)
                0x0020b3ec                cc2538_temp_sensor
 .rodata.vdd3_sensor
                0x0020b3fc       0x10 contiki-cc2538dk.a(vdd3-sensor.o)
                0x0020b3fc                vdd3_sensor
 .rodata.sicslowpan_driver
                0x0020b40c        0xc contiki-cc2538dk.a(sicslowpan.o)
                0x0020b40c                sicslowpan_driver
 .rodata.contikimac_driver
                0x0020b418       0x20 contiki-cc2538dk.a(contikimac.o)
                0x0020b418                contikimac_driver
 .rodata.csma_driver
                0x0020b438       0x1c contiki-cc2538dk.a(csma.o)
                0x0020b438                csma_driver
 .rodata.framer_802154
                0x0020b454       0x10 contiki-cc2538dk.a(framer-802154.o)
                0x0020b454                framer_802154
 .rodata.nullsec_driver
                0x0020b464       0x18 contiki-cc2538dk.a(nullsec.o)
                0x0020b464                nullsec_driver
 .rodata.str1.1
                0x0020b47c      0x138 border-router.co
                                0x13c (size before relaxing)
 .rodata.str1.1
                0x0020b5b4       0xa1 obj_cc2538dk/slip-bridge.o
 .rodata.http_index_html
                0x0020b655        0xc obj_cc2538dk/httpd-simple.o
                0x0020b655                http_index_html
 .rodata.http_header_404
                0x0020b661       0x5d obj_cc2538dk/httpd-simple.o
                0x0020b661                http_header_404
 .rodata.http_header_200
                0x0020b6be       0x56 obj_cc2538dk/httpd-simple.o
                0x0020b6be                http_header_200
 .rodata.http_content_type_html
                0x0020b714       0x1c obj_cc2538dk/httpd-simple.o
                0x0020b714                http_content_type_html
 .rodata.str1.1
                0x0020b730       0x68 obj_cc2538dk/httpd-simple.o
 .rodata.http_get
                0x0020b798        0x5 obj_cc2538dk/httpd-simple.o
                0x0020b798                http_get
 .rodata.str1.1
                0x0020b79d       0x84 contiki-cc2538dk.a(contiki-main.o)
 .rodata.str1.1
                0x0020b821        0x8 contiki-cc2538dk.a(sensors.o)
 .rodata.str1.1
                0x0020b829        0x7 contiki-cc2538dk.a(button-sensor.o)
 .rodata.str1.1
                0x0020b830        0x4 contiki-cc2538dk.a(als-sensor.o)
 .rodata.str1.1
                0x0020b834       0x11 contiki-cc2538dk.a(cc2538-rf.o)
 .rodata.str1.1
                0x0020b845       0x21 contiki-cc2538dk.a(slip.o)
 .rodata.str1.1
                0x0020b866       0x14 contiki-cc2538dk.a(cc2538-temp-sen)
 .rodata.str1.1
                0x0020b87a        0x5 contiki-cc2538dk.a(vdd3-sensor.o)
 .rodata.buffer.4159
                0x0020b87f       0x10 contiki-cc2538dk.a(strformat.o)
 .rodata.str1.1
                0x0020b88f       0x24 contiki-cc2538dk.a(strformat.o)
                                 0x37 (size before relaxing)
 .rodata.buffer.4150
                0x0020b8b3       0x10 contiki-cc2538dk.a(strformat.o)
 .rodata.str1.1
                0x0020b8c3        0xf contiki-cc2538dk.a(ctimer.o)
 .rodata.str1.1
                0x0020b8d2        0xc contiki-cc2538dk.a(etimer.o)
 .rodata.str1.1
                0x0020b8de        0xe contiki-cc2538dk.a(serial-line.o)
 .rodata        0x0020b8ec        0x2 contiki-cc2538dk.a(sicslowpan.o)
 .rodata.ttl_values
                0x0020b8ee        0x4 contiki-cc2538dk.a(sicslowpan.o)
 .rodata.unc_llconf
                0x0020b8f2        0x4 contiki-cc2538dk.a(sicslowpan.o)
                0x0020b8f2                unc_llconf
 .rodata.llprefix
                0x0020b8f6        0x2 contiki-cc2538dk.a(sicslowpan.o)
                0x0020b8f6                llprefix
 .rodata.unc_mxconf
                0x0020b8f8        0x4 contiki-cc2538dk.a(sicslowpan.o)
                0x0020b8f8                unc_mxconf
 .rodata.str1.1
                0x0020b8fc        0xb contiki-cc2538dk.a(sicslowpan.o)
 .rodata.unc_ctxconf
                0x0020b907        0x4 contiki-cc2538dk.a(sicslowpan.o)
                0x0020b907                unc_ctxconf
 .rodata.str1.1
                0x0020b90b        0xd contiki-cc2538dk.a(tcpip.o)
 .rodata.str1.1
                0x0020b918       0x23 contiki-cc2538dk.a(uip-debug.o)
                                 0x29 (size before relaxing)
 .rodata.linkaddr_null
                0x0020b93b        0x8 contiki-cc2538dk.a(linkaddr.o)
                0x0020b93b                linkaddr_null
 .rodata.str1.1
                0x0020b943        0xb contiki-cc2538dk.a(contikimac.o)
 .rodata.str1.1
                0x0020b94e        0x5 contiki-cc2538dk.a(csma.o)
 .rodata.str1.1
                0x0020b953        0x8 contiki-cc2538dk.a(nullsec.o)
                0x0020b95b                _etext = .

.glue_7         0x0020b95c        0x0
 .glue_7        0x00000000        0x0 linker stubs

.glue_7t        0x0020b95c        0x0
 .glue_7t       0x00000000        0x0 linker stubs

.vfp11_veneer   0x0020b95c        0x0
 .vfp11_veneer  0x00000000        0x0 linker stubs

.v4_bx          0x0020b95c        0x0
 .v4_bx         0x00000000        0x0 linker stubs

.iplt           0x0020b95c        0x0
 .iplt          0x00000000        0x0 obj_cc2538dk/startup-gcc.o

.socdata        0x20000000       0x40
 *(SORT(.udma_channel_control_table))
 .udma_channel_control_table
                0x20000000       0x40 contiki-cc2538dk.a(udma.o)

.data           0x20000040      0x1ea load address 0x0020b95c
                0x20000040                _data = .
 *(SORT(.data*))
 .data.border_router_process
                0x20000040       0x10 border-router.co
                0x20000040                border_router_process
 .data.webserver_nogui_process
                0x20000050       0x10 border-router.co
                0x20000050                webserver_nogui_process
 .data.conns    0x20000060        0xc obj_cc2538dk/httpd-simple.o
 .data.rpl_parents
                0x2000006c        0x4 contiki-cc2538dk.a(rpl-dag.o)
                0x2000006c                rpl_parents
 .data.rpl_parents_struct
                0x20000070       0x10 contiki-cc2538dk.a(rpl-dag.o)
 .data.dao_ack_handler
                0x20000080        0xc contiki-cc2538dk.a(rpl-icmp6.o)
 .data.dis_handler
                0x2000008c        0xc contiki-cc2538dk.a(rpl-icmp6.o)
 .data.dao_handler
                0x20000098        0xc contiki-cc2538dk.a(rpl-icmp6.o)
 .data.dio_handler
                0x200000a4        0xc contiki-cc2538dk.a(rpl-icmp6.o)
 .data.rpl_mrhof
                0x200000b0       0x1c contiki-cc2538dk.a(rpl-mrhof.o)
                0x200000b0                rpl_mrhof
 .data.sensors_process
                0x200000cc       0x10 contiki-cc2538dk.a(sensors.o)
                0x200000cc                sensors_process
 .data.sensors  0x200000dc       0x24 contiki-cc2538dk.a(smartrf-sensors)
                0x200000dc                sensors
 .data.cc2538_rf_process
                0x20000100       0x10 contiki-cc2538dk.a(cc2538-rf.o)
                0x20000100                cc2538_rf_process
 .data.slip_process
                0x20000110       0x10 contiki-cc2538dk.a(slip.o)
                0x20000110                slip_process
 .data.ctxt     0x20000120        0x8 contiki-cc2538dk.a(dbg-printf.o)
 .data.ctimer_process
                0x20000128       0x10 contiki-cc2538dk.a(ctimer.o)
                0x20000128                ctimer_process
 .data.etimer_process
                0x20000138       0x10 contiki-cc2538dk.a(etimer.o)
                0x20000138                etimer_process
 .data.serial_line_process
                0x20000148       0x10 contiki-cc2538dk.a(serial-line.o)
                0x20000148                serial_line_process
 .data.ds6_neighbors
                0x20000158        0x4 contiki-cc2538dk.a(uip-ds6-nbr.o)
                0x20000158                ds6_neighbors
 .data.ds6_neighbors_struct
                0x2000015c       0x10 contiki-cc2538dk.a(uip-ds6-nbr.o)
 .data.defaultroutermemb
                0x2000016c        0xc contiki-cc2538dk.a(uip-ds6-route.o)
 .data.nbr_routes_struct
                0x20000178       0x10 contiki-cc2538dk.a(uip-ds6-route.o)
 .data.routememb
                0x20000188        0xc contiki-cc2538dk.a(uip-ds6-route.o)
 .data.neighborroutememb
                0x20000194        0xc contiki-cc2538dk.a(uip-ds6-route.o)
 .data.echo_request_handler
                0x200001a0        0xc contiki-cc2538dk.a(uip-icmp6.o)
 .data.echo_reply_handler
                0x200001ac        0xc contiki-cc2538dk.a(uip-icmp6.o)
 .data.ns_input_handler
                0x200001b8        0xc contiki-cc2538dk.a(uip-nd6.o)
 .data.na_input_handler
                0x200001c4        0xc contiki-cc2538dk.a(uip-nd6.o)
 .data.tcpip_process
                0x200001d0       0x10 contiki-cc2538dk.a(tcpip.o)
                0x200001d0                tcpip_process
 .data.neighbor_addr_mem
                0x200001e0        0xc contiki-cc2538dk.a(nbr-table.o)
 .data.bufmem   0x200001ec        0xc contiki-cc2538dk.a(queuebuf.o)
 .data.buframmem
                0x200001f8        0xc contiki-cc2538dk.a(queuebuf.o)
 .data.metadata_memb
                0x20000204        0xc contiki-cc2538dk.a(csma.o)
 .data.neighbor_memb
                0x20000210        0xc contiki-cc2538dk.a(csma.o)
 .data.packet_memb
                0x2000021c        0xc contiki-cc2538dk.a(csma.o)
 .data.dao_sequence
                0x20000228        0x1 contiki-cc2538dk.a(rpl-icmp6.o)
 .data.rf_channel
                0x20000229        0x1 contiki-cc2538dk.a(cc2538-rf.o)
                0x2000022a                _edata = .
                0x0020b95c                _ldata = LOADADDR (.data)

.igot.plt       0x2000022c        0x0 load address 0x0020bb46
 .igot.plt      0x00000000        0x0 obj_cc2538dk/startup-gcc.o

.ARM.exidx      0x0020bb48        0x8
 *(SORT(.ARM.exidx*))
 .ARM.exidx     0x0020bb48        0x8 /usr/bin/../lib/gcc/arm-none-eabi/4.9.3/armv7-m/libgcc.a(_divdi3.o)
 .ARM.exidx     0x0020bb50        0x0 /usr/bin/../lib/gcc/arm-none-eabi/4.9.3/armv7-m/libgcc.a(_udivdi3.o)
                                  0x8 (size before relaxing)

.bss            0x20000230     0x1f0c
                0x20000230                _bss = .
 *(SORT(.bss*))
 .bss.rt_ticks_startup
                0x20000230        0x8 contiki-cc2538dk.a(clock.o)
 .bss.rt_ticks_epoch
                0x20000238        0x8 contiki-cc2538dk.a(clock.o)
 .bss.blen      0x20000240        0x4 border-router.co
 .bss.et.8252   0x20000244       0x10 border-router.co
 .bss.r.8212    0x20000254        0x4 border-router.co
 .bss.nbr.8213  0x20000258        0x4 border-router.co
 .bss.conns_memb_mem
                0x2000025c       0xf0 obj_cc2538dk/httpd-simple.o
 .bss._rpl_parents_mem
                0x2000034c      0x190 contiki-cc2538dk.a(rpl-dag.o)
 .bss.periodic_timer
                0x200004dc       0x20 contiki-cc2538dk.a(rpl-timers.o)
 .bss.i.4710    0x200004fc        0x4 contiki-cc2538dk.a(sensors.o)
 .bss.events.4711
                0x20000500        0x4 contiki-cc2538dk.a(sensors.o)
 .bss.debouncetimer
                0x20000504        0x8 contiki-cc2538dk.a(button-sensor.o)
 .bss.next_trigger
                0x2000050c        0x4 contiki-cc2538dk.a(rtimer-arch.o)
 .bss.input_handler
                0x20000510        0x8 contiki-cc2538dk.a(uart.o)
 .bss.interrupt_disable
                0x20000518        0x4 contiki-cc2538dk.a(nvic.o)
 .bss.interrupt_pend
                0x2000051c        0x4 contiki-cc2538dk.a(nvic.o)
 .bss.interrupt_unpend
                0x20000520        0x4 contiki-cc2538dk.a(nvic.o)
 .bss.interrupt_enable
                0x20000524        0x4 contiki-cc2538dk.a(nvic.o)
 .bss.gpio_callbacks
                0x20000528       0x80 contiki-cc2538dk.a(gpio.o)
 .bss.ioc_sel   0x200005a8        0x4 contiki-cc2538dk.a(ioc.o)
 .bss.ioc_over  0x200005ac        0x4 contiki-cc2538dk.a(ioc.o)
 .bss.notification_process
                0x200005b0        0x4 contiki-cc2538dk.a(crypto.o)
 .bss.periph_permit_pm1_funcs
                0x200005b4        0xc contiki-cc2538dk.a(lpm.o)
 .bss.input_callback
                0x200005c0        0x4 contiki-cc2538dk.a(slip.o)
 .bss.ctimer_list_list
                0x200005c4        0x4 contiki-cc2538dk.a(ctimer.o)
 .bss.timerlist
                0x200005c8        0x4 contiki-cc2538dk.a(etimer.o)
 .bss.next_expiration
                0x200005cc        0x4 contiki-cc2538dk.a(etimer.o)
 .bss.data.5352
                0x200005d0        0x4 contiki-cc2538dk.a(process.o)
 .bss.process_current
                0x200005d4        0x4 contiki-cc2538dk.a(process.o)
                0x200005d4                process_current
 .bss.p.5354    0x200005d8        0x4 contiki-cc2538dk.a(process.o)
 .bss.process_list
                0x200005dc        0x4 contiki-cc2538dk.a(process.o)
                0x200005dc                process_list
 .bss.events    0x200005e0      0x180 contiki-cc2538dk.a(process.o)
 .bss.receiver.5353
                0x20000760        0x4 contiki-cc2538dk.a(process.o)
 .bss.next_rtimer
                0x20000764        0x4 contiki-cc2538dk.a(rtimer.o)
 .bss.rxbuf     0x20000768        0x8 contiki-cc2538dk.a(serial-line.o)
 .bss.ptr.4695  0x20000770        0x4 contiki-cc2538dk.a(serial-line.o)
 .bss.context   0x20000774        0x4 contiki-cc2538dk.a(sicslowpan.o)
 .bss.last_rssi
                0x20000778        0x4 contiki-cc2538dk.a(sicslowpan.o)
 .bss.hc06_ptr  0x2000077c        0x4 contiki-cc2538dk.a(sicslowpan.o)
 .bss.reass_timer
                0x20000780        0x8 contiki-cc2538dk.a(sicslowpan.o)
 .bss.packetbuf_ptr
                0x20000788        0x4 contiki-cc2538dk.a(sicslowpan.o)
 .bss.packetbuf_payload_len
                0x2000078c        0x4 contiki-cc2538dk.a(sicslowpan.o)
 .bss.last_tx_status
                0x20000790        0x4 contiki-cc2538dk.a(sicslowpan.o)
 .bss.sicslowpan_aligned_buf
                0x20000794       0x8c contiki-cc2538dk.a(sicslowpan.o)
 .bss.callback  0x20000820        0x4 contiki-cc2538dk.a(sicslowpan.o)
 .bss.locmaddr  0x20000824        0x4 contiki-cc2538dk.a(uip-ds6.o)
 .bss.locprefix
                0x20000828        0x4 contiki-cc2538dk.a(uip-ds6.o)
 .bss.locaddr   0x2000082c        0x4 contiki-cc2538dk.a(uip-ds6.o)
 .bss._ds6_neighbors_mem
                0x20000830      0x320 contiki-cc2538dk.a(uip-ds6-nbr.o)
 .bss.defaultroutermemb_memb_mem
                0x20000b50       0x40 contiki-cc2538dk.a(uip-ds6-route.o)
 .bss.num_routes
                0x20000b90        0x4 contiki-cc2538dk.a(uip-ds6-route.o)
 .bss.defaultrouterlist_list
                0x20000b94        0x4 contiki-cc2538dk.a(uip-ds6-route.o)
 .bss._nbr_routes_mem
                0x20000b98       0xa0 contiki-cc2538dk.a(uip-ds6-route.o)
 .bss.routelist_list
                0x20000c38        0x4 contiki-cc2538dk.a(uip-ds6-route.o)
 .bss.routememb_memb_mem
                0x20000c3c      0x320 contiki-cc2538dk.a(uip-ds6-route.o)
 .bss.neighborroutememb_memb_mem
                0x20000f5c       0xa0 contiki-cc2538dk.a(uip-ds6-route.o)
 .bss.notificationlist_list
                0x20000ffc        0x4 contiki-cc2538dk.a(uip-ds6-route.o)
 .bss.echo_reply_callback_list_list
                0x20001000        0x4 contiki-cc2538dk.a(uip-icmp6.o)
 .bss.input_handler_list_list
                0x20001004        0x4 contiki-cc2538dk.a(uip-icmp6.o)
 .bss.defrt     0x20001008        0x4 contiki-cc2538dk.a(uip-nd6.o)
 .bss.nbr       0x2000100c        0x4 contiki-cc2538dk.a(uip-nd6.o)
 .bss.nd6_opt_llao
                0x20001010        0x4 contiki-cc2538dk.a(uip-nd6.o)
 .bss.addr      0x20001014        0x4 contiki-cc2538dk.a(uip-nd6.o)
 .bss.s         0x20001018       0x44 contiki-cc2538dk.a(tcpip.o)
 .bss.periodic  0x2000105c       0x10 contiki-cc2538dk.a(tcpip.o)
 .bss.outputfunc
                0x2000106c        0x4 contiki-cc2538dk.a(tcpip.o)
 .bss.nbr_table_keys_list
                0x20001070        0x4 contiki-cc2538dk.a(nbr-table.o)
 .bss.neighbor_addr_mem_memb_mem
                0x20001074       0xf0 contiki-cc2538dk.a(nbr-table.o)
 .bss.all_tables
                0x20001164       0x20 contiki-cc2538dk.a(nbr-table.o)
 .bss.num_tables
                0x20001184        0x4 contiki-cc2538dk.a(nbr-table.o)
 .bss.packetbufptr
                0x20001188        0x4 contiki-cc2538dk.a(packetbuf.o)
 .bss.packetbuf_aligned
                0x2000118c       0xb0 contiki-cc2538dk.a(packetbuf.o)
 .bss.bufmem_memb_mem
                0x2000123c       0x10 contiki-cc2538dk.a(queuebuf.o)
 .bss.cycle_start
                0x2000124c        0x4 contiki-cc2538dk.a(contikimac.o)
 .bss.we_are_receiving_burst
                0x20001250        0x4 contiki-cc2538dk.a(contikimac.o)
 .bss.rt        0x20001254        0xc contiki-cc2538dk.a(contikimac.o)
 .bss.start.6966
                0x20001260        0x4 contiki-cc2538dk.a(contikimac.o)
 .bss.ct.7040   0x20001264       0x20 contiki-cc2538dk.a(contikimac.o)
 .bss.metadata_memb_memb_mem
                0x20001284       0x30 contiki-cc2538dk.a(csma.o)
 .bss.neighbor_list_list
                0x200012b4        0x4 contiki-cc2538dk.a(csma.o)
 .bss.packet_memb_memb_mem
                0x200012b8       0x30 contiki-cc2538dk.a(csma.o)
 .bss.neighbor_memb_memb_mem
                0x200012e8       0x70 contiki-cc2538dk.a(csma.o)
 .bss.prefix    0x20001358       0x10 border-router.co
 .bss.last_sender
                0x20001368       0x10 obj_cc2538dk/slip-bridge.o
 .bss.next_dis  0x20001378        0x2 contiki-cc2538dk.a(rpl-timers.o)
 .bss.end       0x2000137a        0x2 contiki-cc2538dk.a(slip.o)
 .bss.pkt_end   0x2000137c        0x2 contiki-cc2538dk.a(slip.o)
 .bss.begin     0x2000137e        0x2 contiki-cc2538dk.a(slip.o)
 .bss.reass_tag
                0x20001380        0x2 contiki-cc2538dk.a(sicslowpan.o)
 .bss.sicslowpan_len
                0x20001382        0x2 contiki-cc2538dk.a(sicslowpan.o)
 .bss.my_tag    0x20001384        0x2 contiki-cc2538dk.a(sicslowpan.o)
 .bss.processed_ip_in_len
                0x20001386        0x2 contiki-cc2538dk.a(sicslowpan.o)
 .bss.tmp16     0x20001388        0x2 contiki-cc2538dk.a(uip6.o)
 .bss.lastport  0x2000138a        0x2 contiki-cc2538dk.a(uip6.o)
 .bss.loc_fipaddr
                0x2000138c       0x10 contiki-cc2538dk.a(uip-ds6.o)
 .bss.tmp_ipaddr
                0x2000139c       0x10 contiki-cc2538dk.a(uip-icmp6.o)
 .bss.buflen    0x200013ac        0x2 contiki-cc2538dk.a(packetbuf.o)
 .bss.bufptr    0x200013ae        0x2 contiki-cc2538dk.a(packetbuf.o)
 .bss.buframmem_memb_mem
                0x200013b0      0x2c0 contiki-cc2538dk.a(queuebuf.o)
 .bss.pt        0x20001670        0x2 contiki-cc2538dk.a(contikimac.o)
 .bss.seqno.6225
                0x20001672        0x2 contiki-cc2538dk.a(csma.o)
 .bss.prefix_set
                0x20001674        0x1 border-router.co
 .bss.buf       0x20001675      0x100 border-router.co
 .bss.conns_memb_count
                0x20001775        0x2 obj_cc2538dk/httpd-simple.o
 .bss.dio_send_ok
                0x20001777        0x1 contiki-cc2538dk.a(rpl-timers.o)
 .bss.num_sensors
                0x20001778        0x1 contiki-cc2538dk.a(sensors.o)
 .bss.rf_flags  0x20001779        0x1 contiki-cc2538dk.a(cc2538-rf.o)
 .bss.max_pm    0x2000177a        0x1 contiki-cc2538dk.a(lpm.o)
 .bss.rxbuf     0x2000177b       0x9c contiki-cc2538dk.a(slip.o)
 .bss.state     0x20001817        0x1 contiki-cc2538dk.a(slip.o)
 .bss.initialized
                0x20001818        0x1 contiki-cc2538dk.a(ctimer.o)
 .bss.snum.5369
                0x20001819        0x1 contiki-cc2538dk.a(process.o)
 .bss.fevent    0x2000181a        0x1 contiki-cc2538dk.a(process.o)
 .bss.ev.5351   0x2000181b        0x1 contiki-cc2538dk.a(process.o)
 .bss.nevents   0x2000181c        0x1 contiki-cc2538dk.a(process.o)
 .bss.poll_requested
                0x2000181d        0x1 contiki-cc2538dk.a(process.o)
 .bss.lastevent
                0x2000181e        0x1 contiki-cc2538dk.a(process.o)
 .bss.rxbuf_data
                0x2000181f       0x80 contiki-cc2538dk.a(serial-line.o)
 .bss.overflow.4688
                0x2000189f        0x1 contiki-cc2538dk.a(serial-line.o)
 .bss.buf.4694  0x200018a0       0x80 contiki-cc2538dk.a(serial-line.o)
 .bss.uncomp_hdr_len
                0x20001920        0x1 contiki-cc2538dk.a(sicslowpan.o)
 .bss.addr_contexts
                0x20001921        0xa contiki-cc2538dk.a(sicslowpan.o)
 .bss.packetbuf_hdr_len
                0x2000192b        0x1 contiki-cc2538dk.a(sicslowpan.o)
 .bss.uip_ext_len
                0x2000192c        0x1 contiki-cc2538dk.a(uip6.o)
                0x2000192c                uip_ext_len
 .bss.uip_ext_bitmap
                0x2000192d        0x1 contiki-cc2538dk.a(uip6.o)
                0x2000192d                uip_ext_bitmap
 .bss.iss       0x2000192e        0x4 contiki-cc2538dk.a(uip6.o)
 .bss.uip_ext_opt_offset
                0x20001932        0x1 contiki-cc2538dk.a(uip6.o)
                0x20001932                uip_ext_opt_offset
 .bss.c         0x20001933        0x1 contiki-cc2538dk.a(uip6.o)
 .bss.opt       0x20001934        0x1 contiki-cc2538dk.a(uip6.o)
 .bss.defaultroutermemb_memb_count
                0x20001935        0x2 contiki-cc2538dk.a(uip-ds6-route.o)
 .bss.neighborroutememb_memb_count
                0x20001937       0x14 contiki-cc2538dk.a(uip-ds6-route.o)
 .bss.routememb_memb_count
                0x2000194b       0x14 contiki-cc2538dk.a(uip-ds6-route.o)
 .bss.nd6_opt_offset
                0x2000195f        0x1 contiki-cc2538dk.a(uip-nd6.o)
 .bss.i.7773    0x20001960        0x1 contiki-cc2538dk.a(tcpip.o)
 .bss.i.7833    0x20001961        0x1 contiki-cc2538dk.a(tcpip.o)
 .bss.i.7821    0x20001962        0x1 contiki-cc2538dk.a(tcpip.o)
 .bss.i.7735    0x20001963        0x1 contiki-cc2538dk.a(tcpip.o)
 .bss.neighbor_addr_mem_memb_count
                0x20001964       0x14 contiki-cc2538dk.a(nbr-table.o)
 .bss.locked_map
                0x20001978       0x14 contiki-cc2538dk.a(nbr-table.o)
 .bss.used_map  0x2000198c       0x14 contiki-cc2538dk.a(nbr-table.o)
 .bss.hdrptr    0x200019a0        0x1 contiki-cc2538dk.a(packetbuf.o)
 .bss.buframmem_memb_count
                0x200019a1        0x4 contiki-cc2538dk.a(queuebuf.o)
 .bss.bufmem_memb_count
                0x200019a5        0x4 contiki-cc2538dk.a(queuebuf.o)
 .bss.radio_is_on
                0x200019a9        0x1 contiki-cc2538dk.a(contikimac.o)
 .bss.we_are_sending
                0x200019aa        0x1 contiki-cc2538dk.a(contikimac.o)
 .bss.contikimac_keep_radio_on
                0x200019ab        0x1 contiki-cc2538dk.a(contikimac.o)
 .bss.periods.6968
                0x200019ac        0x1 contiki-cc2538dk.a(contikimac.o)
 .bss.packet_seen.6960
                0x200019ad        0x1 contiki-cc2538dk.a(contikimac.o)
 .bss.count.6961
                0x200019ae        0x1 contiki-cc2538dk.a(contikimac.o)
 .bss.contikimac_is_on
                0x200019af        0x1 contiki-cc2538dk.a(contikimac.o)
 .bss.silence_periods.6967
                0x200019b0        0x1 contiki-cc2538dk.a(contikimac.o)
 .bss.packet_memb_memb_count
                0x200019b1        0x4 contiki-cc2538dk.a(csma.o)
 .bss.metadata_memb_memb_count
                0x200019b5        0x4 contiki-cc2538dk.a(csma.o)
 .bss.initialized.6224
                0x200019b9        0x1 contiki-cc2538dk.a(csma.o)
 .bss.neighbor_memb_memb_count
                0x200019ba        0x2 contiki-cc2538dk.a(csma.o)
 .bss.mac_dsn   0x200019bc        0x1 contiki-cc2538dk.a(framer-802154.o)
 .bss.initialized
                0x200019bd        0x1 contiki-cc2538dk.a(framer-802154.o)
 .bss.received_seqnos
                0x200019be       0x90 contiki-cc2538dk.a(mac-sequence.o)
 .bss.key       0x20001a4e       0x10 contiki-cc2538dk.a(netstack-aes.o)
 .bss.key_set   0x20001a5e        0x1 contiki-cc2538dk.a(netstack-aes.o)
 .bss.mode      0x20001a5f        0x1 contiki-cc2538dk.a(rpl.o)
 .bss.leds      0x20001a60        0x1 contiki-cc2538dk.a(leds.o)
 *(SORT(COMMON))
 *fill*         0x20001a61        0x3 
 COMMON         0x20001a64      0x128 contiki-cc2538dk.a(rpl-dag.o)
                0x20001a64                default_instance
                0x20001a68                instance_table
 COMMON         0x20001b8c      0x3f0 contiki-cc2538dk.a(uip6.o)
                0x20001b8c                uip_len
                0x20001b90                uip_sappdata
                0x20001b94                uip_acc32
                0x20001b98                uip_lladdr
                0x20001ba0                uip_aligned_buf
                0x20001c2c                uip_flags
                0x20001c30                uip_next_hdr
                0x20001c34                uip_udp_conn
                0x20001c38                uip_appdata
                0x20001c3c                uip_conn
                0x20001c40                uip_conns
                0x20001e20                uip_icmp6_conns
                0x20001e28                uip_listenports
                0x20001e38                uip_slen
                0x20001e3c                uip_udp_conns
 COMMON         0x20001f7c      0x174 contiki-cc2538dk.a(uip-ds6.o)
                0x20001f7c                uip_ds6_timer_ra
                0x20001f84                uip_ds6_if
                0x2000207c                uip_ds6_netif_addr_list_offset
                0x2000207d                uip_ds6_addr_size
                0x20002080                uip_ds6_prefix_list
                0x200020e0                uip_ds6_timer_periodic
 COMMON         0x200020f0       0x2e contiki-cc2538dk.a(packetbuf.o)
                0x200020f0                packetbuf_addrs
                0x20002100                packetbuf_attrs
 COMMON         0x2000211e        0x1 contiki-cc2538dk.a(sensors.o)
                0x2000211e                sensors_event
 COMMON         0x2000211f        0x9 contiki-cc2538dk.a(smartrf-sensors)
                0x2000211f                sensors_flags
 COMMON         0x20002128        0x1 contiki-cc2538dk.a(slip.o)
                0x20002128                slip_active
 COMMON         0x20002129        0x1 contiki-cc2538dk.a(serial-line.o)
                0x20002129                serial_line_event_message
 COMMON         0x2000212a        0x8 contiki-cc2538dk.a(sicslowpan.o)
                0x2000212a                frag_sender
 COMMON         0x20002132        0x2 contiki-cc2538dk.a(tcpip.o)
                0x20002132                tcpip_event
                0x20002133                tcpip_icmp6_event
 COMMON         0x20002134        0x8 contiki-cc2538dk.a(linkaddr.o)
                0x20002134                linkaddr_node_addr
                0x2000213c                _ebss = .

.stack          0x2000213c      0x800
 *(SORT(.stack))
 .stack         0x2000213c      0x800 obj_cc2538dk/startup-gcc.o

.flashcca       0x0027ffd4       0x2c
 *(SORT(.flashcca))
 .flashcca      0x0027ffd4       0x2c obj_cc2538dk/startup-gcc.o
                0x0027ffd4                __cca
OUTPUT(border-router.elf elf32-littlearm)

.rel.dyn        0x00280000        0x0
 .rel.iplt      0x00000000        0x0 obj_cc2538dk/startup-gcc.o

.comment        0x00000000       0x70
 .comment       0x00000000       0x70 obj_cc2538dk/startup-gcc.o
                                 0x71 (size before relaxing)
 .comment       0x00000000       0x71 border-router.co
 .comment       0x00000000       0x71 obj_cc2538dk/slip-bridge.o
 .comment       0x00000000       0x71 obj_cc2538dk/httpd-simple.o
 .comment       0x00000000       0x71 contiki-cc2538dk.a(rpl-dag.o)
 .comment       0x00000000       0x71 contiki-cc2538dk.a(rpl-icmp6.o)
 .comment       0x00000000       0x71 contiki-cc2538dk.a(rpl-timers.o)
 .comment       0x00000000       0x71 contiki-cc2538dk.a(rpl-mrhof.o)
 .comment       0x00000000       0x71 contiki-cc2538dk.a(contiki-main.o)
 .comment       0x00000000       0x71 contiki-cc2538dk.a(sensors.o)
 .comment       0x00000000       0x71 contiki-cc2538dk.a(smartrf-sensors)
 .comment       0x00000000       0x71 contiki-cc2538dk.a(button-sensor.o)
 .comment       0x00000000       0x71 contiki-cc2538dk.a(als-sensor.o)
 .comment       0x00000000       0x71 contiki-cc2538dk.a(clock.o)
 .comment       0x00000000       0x71 contiki-cc2538dk.a(rtimer-arch.o)
 .comment       0x00000000       0x71 contiki-cc2538dk.a(uart.o)
 .comment       0x00000000       0x71 contiki-cc2538dk.a(watchdog.o)
 .comment       0x00000000       0x71 contiki-cc2538dk.a(nvic.o)
 .comment       0x00000000       0x71 contiki-cc2538dk.a(cpu.o)
 .comment       0x00000000       0x71 contiki-cc2538dk.a(sys-ctrl.o)
 .comment       0x00000000       0x71 contiki-cc2538dk.a(gpio.o)
 .comment       0x00000000       0x71 contiki-cc2538dk.a(ioc.o)
 .comment       0x00000000       0x71 contiki-cc2538dk.a(adc.o)
 .comment       0x00000000       0x71 contiki-cc2538dk.a(crypto.o)
 .comment       0x00000000       0x71 contiki-cc2538dk.a(cc2538-rf.o)
 .comment       0x00000000       0x71 contiki-cc2538dk.a(udma.o)
 .comment       0x00000000       0x71 contiki-cc2538dk.a(lpm.o)
 .comment       0x00000000       0x71 contiki-cc2538dk.a(dbg.o)
 .comment       0x00000000       0x71 contiki-cc2538dk.a(ieee-addr.o)
 .comment       0x00000000       0x71 contiki-cc2538dk.a(slip-arch.o)
 .comment       0x00000000       0x71 contiki-cc2538dk.a(slip.o)
 .comment       0x00000000       0x71 contiki-cc2538dk.a(cc2538-temp-sen)
 .comment       0x00000000       0x71 contiki-cc2538dk.a(vdd3-sensor.o)
 .comment       0x00000000       0x71 contiki-cc2538dk.a(dbg-printf.o)
 .comment       0x00000000       0x71 contiki-cc2538dk.a(dbg-snprintf.o)
 .comment       0x00000000       0x71 contiki-cc2538dk.a(strformat.o)
 .comment       0x00000000       0x71 contiki-cc2538dk.a(autostart.o)
 .comment       0x00000000       0x71 contiki-cc2538dk.a(ctimer.o)
 .comment       0x00000000       0x71 contiki-cc2538dk.a(energest.o)
 .comment       0x00000000       0x71 contiki-cc2538dk.a(etimer.o)
 .comment       0x00000000       0x71 contiki-cc2538dk.a(process.o)
 .comment       0x00000000       0x71 contiki-cc2538dk.a(rtimer.o)
 .comment       0x00000000       0x71 contiki-cc2538dk.a(stimer.o)
 .comment       0x00000000       0x71 contiki-cc2538dk.a(timer.o)
 .comment       0x00000000       0x71 contiki-cc2538dk.a(serial-line.o)
 .comment       0x00000000       0x71 contiki-cc2538dk.a(list.o)
 .comment       0x00000000       0x71 contiki-cc2538dk.a(memb.o)
 .comment       0x00000000       0x71 contiki-cc2538dk.a(random.o)
 .comment       0x00000000       0x71 contiki-cc2538dk.a(ringbuf.o)
 .comment       0x00000000       0x71 contiki-cc2538dk.a(sicslowpan.o)
 .comment       0x00000000       0x71 contiki-cc2538dk.a(uip6.o)
 .comment       0x00000000       0x71 contiki-cc2538dk.a(uip-ds6.o)
 .comment       0x00000000       0x71 contiki-cc2538dk.a(uip-ds6-nbr.o)