Archive member included to satisfy reference by file (symbol)

contiki-minimal-net.a(contiki-main.o)
                              /usr/lib/gcc/i686-linux-gnu/4.8/../../../i386-linux-gnu/crt1.o (main)
contiki-minimal-net.a(clock.o)
                              contiki-minimal-net.a(contiki-main.o) (clock_init)
contiki-minimal-net.a(tapdev-drv.o)
                              contiki-minimal-net.a(contiki-main.o) (tapdev_process)
contiki-minimal-net.a(tapdev6.o)
                              contiki-minimal-net.a(tapdev-drv.o) (tapdev_exit)
contiki-minimal-net.a(autostart.o)
                              contiki-minimal-net.a(contiki-main.o) (autostart_start)
contiki-minimal-net.a(ctimer.o)
                              contiki-minimal-net.a(contiki-main.o) (ctimer_init)
contiki-minimal-net.a(etimer.o)
                              contiki-minimal-net.a(contiki-main.o) (etimer_request_poll)
contiki-minimal-net.a(process.o)
                              contiki-minimal-net.a(ctimer.o) (process_current)
contiki-minimal-net.a(procinit.o)
                              contiki-minimal-net.a(contiki-main.o) (procinit_init)
contiki-minimal-net.a(timer.o)
                              contiki-minimal-net.a(etimer.o) (timer_set)
contiki-minimal-net.a(serial-line.o)
                              contiki-minimal-net.a(contiki-main.o) (serial_line_input_byte)
contiki-minimal-net.a(list.o)
                              contiki-minimal-net.a(ctimer.o) (list_init)
contiki-minimal-net.a(ringbuf.o)
                              contiki-minimal-net.a(serial-line.o) (ringbuf_init)
contiki-minimal-net.a(uip6.o)
                              contiki-minimal-net.a(tapdev-drv.o) (uip_aligned_buf)
contiki-minimal-net.a(uip-ds6.o)
                              contiki-minimal-net.a(uip6.o) (uip_ds6_addr_lookup)
contiki-minimal-net.a(uip-ds6-nbr.o)
                              contiki-minimal-net.a(uip-ds6.o) (uip_ds6_neighbors_init)
contiki-minimal-net.a(uip-ds6-route.o)
                              contiki-minimal-net.a(uip-ds6.o) (uip_ds6_route_init)
contiki-minimal-net.a(uip-icmp6.o)
                              contiki-minimal-net.a(uip6.o) (uip_icmp6_input)
contiki-minimal-net.a(uip-nd6.o)
                              contiki-minimal-net.a(uip-ds6.o) (uip_nd6_ns_output)
contiki-minimal-net.a(resolv.o)
                              udp-client.co (resolv_event_found)
contiki-minimal-net.a(tcpip.o)
                              contiki-minimal-net.a(tapdev-drv.o) (tcpip_set_outputfunc)
contiki-minimal-net.a(uip-debug.o)
                              udp-client.co (uip_debug_ipaddr_print)
contiki-minimal-net.a(uiplib.o)
                              udp-client.co (uiplib_ip6addrconv)
contiki-minimal-net.a(uip-nameserver.)
                              contiki-minimal-net.a(resolv.o) (uip_nameserver_get)
contiki-minimal-net.a(uip-packetqueue)
                              contiki-minimal-net.a(uip-ds6-nbr.o) (uip_packetqueue_new)
contiki-minimal-net.a(uip-udp-packet.)
                              udp-client.co (uip_udp_packet_send)
contiki-minimal-net.a(linkaddr.o)
                              contiki-minimal-net.a(uip-ds6-nbr.o) (linkaddr_cmp)
contiki-minimal-net.a(nbr-table.o)
                              contiki-minimal-net.a(uip-ds6-nbr.o) (nbr_table_register)
contiki-minimal-net.a(packetbuf.o)
                              contiki-minimal-net.a(uip-ds6-nbr.o) (packetbuf_addr)
contiki-minimal-net.a(rpl.o)  contiki-minimal-net.a(uip-ds6-nbr.o) (rpl_link_neighbor_callback)
contiki-minimal-net.a(rpl-dag.o)
                              contiki-minimal-net.a(rpl.o) (default_instance)
contiki-minimal-net.a(rpl-icmp6.o)
                              contiki-minimal-net.a(rpl.o) (dao_output_target)
contiki-minimal-net.a(rpl-timers.o)
                              contiki-minimal-net.a(rpl.o) (rpl_reset_periodic_timer)
contiki-minimal-net.a(rpl-mrhof.o)
                              contiki-minimal-net.a(rpl.o) (rpl_mrhof)
contiki-minimal-net.a(rpl-ext-header.)
                              contiki-minimal-net.a(uip6.o) (rpl_verify_header)
contiki-minimal-net.a(stimer.o)
                              contiki-minimal-net.a(uip-ds6.o) (stimer_set)
contiki-minimal-net.a(memb.o)
                              contiki-minimal-net.a(uip-ds6-route.o) (memb_init)
contiki-minimal-net.a(random.o)
                              contiki-minimal-net.a(uip-ds6.o) (random_rand)
/usr/lib/i386-linux-gnu/libc_nonshared.a(elf-init.oS)
                              /usr/lib/gcc/i686-linux-gnu/4.8/../../../i386-linux-gnu/crt1.o (__libc_csu_init)
/usr/lib/i386-linux-gnu/libc_nonshared.a(atexit.oS)
                              contiki-minimal-net.a(tapdev6.o) (atexit)

Allocating common symbols
Common symbol       size              file

default_instance    0x4               contiki-minimal-net.a(rpl-dag.o)
uip_ds6_prefix_list
                    0xc0              contiki-minimal-net.a(uip-ds6.o)
[...]
Memory Configuration

Name             Origin             Length             Attributes
*default*        0x0000000000000000 0xffffffffffffffff

Linker script and memory map

LOAD /usr/lib/gcc/i686-linux-gnu/4.8/../../../i386-linux-gnu/crt1.o
LOAD /usr/lib/gcc/i686-linux-gnu/4.8/../../../i386-linux-gnu/crti.o
LOAD /usr/lib/gcc/i686-linux-gnu/4.8/crtbegin.o
LOAD udp-client.co
LOAD contiki-minimal-net.a
LOAD /usr/lib/gcc/i686-linux-gnu/4.8/libgcc.a
LOAD /usr/lib/gcc/i686-linux-gnu/4.8/libgcc_s.so
LOAD /usr/lib/gcc/i686-linux-gnu/4.8/../../../i386-linux-gnu/libc.so
START GROUP
LOAD /lib/i386-linux-gnu/libc.so.6
LOAD /usr/lib/i386-linux-gnu/libc_nonshared.a
LOAD /lib/i386-linux-gnu/ld-linux.so.2
END GROUP
LOAD /usr/lib/gcc/i686-linux-gnu/4.8/libgcc.a
LOAD /usr/lib/gcc/i686-linux-gnu/4.8/libgcc_s.so
LOAD /usr/lib/gcc/i686-linux-gnu/4.8/crtend.o
LOAD /usr/lib/gcc/i686-linux-gnu/4.8/../../../i386-linux-gnu/crtn.o
                0x0000000008048000                PROVIDE (__executable_start, 0x8048000)
                0x0000000008048154                . = (0x8048000 + SIZEOF_HEADERS)

.interp         0x0000000008048154       0x13
 *(.interp)
 .interp        0x0000000008048154       0x13 /usr/lib/gcc/i686-linux-gnu/4.8/../../../i386-linux-gnu/crt1.o

.note.ABI-tag   0x0000000008048168       0x20
 .note.ABI-tag  0x0000000008048168       0x20 /usr/lib/gcc/i686-linux-gnu/4.8/../../../i386-linux-gnu/crt1.o

.note.gnu.build-id
                0x0000000008048188       0x24
 *(.note.gnu.build-id)
 .note.gnu.build-id
                0x0000000008048188       0x24 /usr/lib/gcc/i686-linux-gnu/4.8/../../../i386-linux-gnu/crt1.o

.hash
 *(.hash)

.gnu.hash       0x00000000080481ac      0xacc
 *(.gnu.hash)
 .gnu.hash      0x00000000080481ac      0xacc /usr/lib/gcc/i686-linux-gnu/4.8/../../../i386-linux-gnu/crt1.o

.dynsym         0x0000000008048c78     0x1910
 *(.dynsym)
 .dynsym        0x0000000008048c78     0x1910 /usr/lib/gcc/i686-linux-gnu/4.8/../../../i386-linux-gnu/crt1.o

.dynstr         0x000000000804a588     0x18b4
 *(.dynstr)
 .dynstr        0x000000000804a588     0x18b4 /usr/lib/gcc/i686-linux-gnu/4.8/../../../i386-linux-gnu/crt1.o

.gnu.version    0x000000000804be3c      0x322
 *(.gnu.version)
 .gnu.version   0x000000000804be3c      0x322 /usr/lib/gcc/i686-linux-gnu/4.8/../../../i386-linux-gnu/crt1.o

.gnu.version_d  0x000000000804c160        0x0
 *(.gnu.version_d)
 .gnu.version_d
                0x0000000000000000        0x0 /usr/lib/gcc/i686-linux-gnu/4.8/../../../i386-linux-gnu/crt1.o

.gnu.version_r  0x000000000804c160       0x70
 *(.gnu.version_r)
 .gnu.version_r
                0x000000000804c160       0x70 /usr/lib/gcc/i686-linux-gnu/4.8/../../../i386-linux-gnu/crt1.o

.rel.dyn        0x000000000804c1d0       0x18
 *(.rel.init)
 *(.rel.text .rel.text.* .rel.gnu.linkonce.t.*)
 .rel.text      0x0000000000000000        0x0 /usr/lib/gcc/i686-linux-gnu/4.8/../../../i386-linux-gnu/crt1.o
 *(.rel.fini)
 *(.rel.rodata .rel.rodata.* .rel.gnu.linkonce.r.*)
 .rel.rodata    0x0000000000000000        0x0 /usr/lib/gcc/i686-linux-gnu/4.8/../../../i386-linux-gnu/crt1.o
 *(.rel.data.rel.ro .rel.data.rel.ro.* .rel.gnu.linkonce.d.rel.ro.*)
 *(.rel.data .rel.data.* .rel.gnu.linkonce.d.*)
 .rel.data      0x0000000000000000        0x0 /usr/lib/gcc/i686-linux-gnu/4.8/../../../i386-linux-gnu/crt1.o
 *(.rel.tdata .rel.tdata.* .rel.gnu.linkonce.td.*)
 *(.rel.tbss .rel.tbss.* .rel.gnu.linkonce.tb.*)
 *(.rel.ctors)
 *(.rel.dtors)
 *(.rel.got)
 .rel.got       0x000000000804c1d0        0x8 /usr/lib/gcc/i686-linux-gnu/4.8/../../../i386-linux-gnu/crt1.o
 *(.rel.bss .rel.bss.* .rel.gnu.linkonce.b.*)
 .rel.bss       0x000000000804c1d8       0x10 /usr/lib/gcc/i686-linux-gnu/4.8/../../../i386-linux-gnu/crt1.o
 *(.rel.ifunc)

.rel.plt        0x000000000804c1e8      0x128
 *(.rel.plt)
 .rel.plt       0x000000000804c1e8      0x128 /usr/lib/gcc/i686-linux-gnu/4.8/../../../i386-linux-gnu/crt1.o
                0x000000000804c310                PROVIDE (__rel_iplt_start, .)
 *(.rel.iplt)
 .rel.iplt      0x0000000000000000        0x0 /usr/lib/gcc/i686-linux-gnu/4.8/../../../i386-linux-gnu/crt1.o
                0x000000000804c310                PROVIDE (__rel_iplt_end, .)

.init           0x000000000804c310       0x23
 *(SORT(.init))
 .init          0x000000000804c310       0x1e /usr/lib/gcc/i686-linux-gnu/4.8/../../../i386-linux-gnu/crti.o
                0x000000000804c310                _init
 .init          0x000000000804c32e        0x5 /usr/lib/gcc/i686-linux-gnu/4.8/../../../i386-linux-gnu/crtn.o

.plt            0x000000000804c340      0x260
 *(.plt)
 .plt           0x000000000804c340      0x260 /usr/lib/gcc/i686-linux-gnu/4.8/../../../i386-linux-gnu/crt1.o
                0x000000000804c350                __strcat_chk@@GLIBC_2.3.4
                0x000000000804c360                strcmp@@GLIBC_2.0
                0x000000000804c370                read@@GLIBC_2.0
                0x000000000804c380                memmove@@GLIBC_2.0
                0x000000000804c390                memcpy@@GLIBC_2.0
                0x000000000804c3a0                memcmp@@GLIBC_2.0
                0x000000000804c3b0                gettimeofday@@GLIBC_2.0
                0x000000000804c3c0                select@@GLIBC_2.0
                0x000000000804c3d0                __stack_chk_fail@@GLIBC_2.4
                0x000000000804c3e0                __fdelt_chk@@GLIBC_2.15
                0x000000000804c3f0                ioctl@@GLIBC_2.0
                0x000000000804c400                perror@@GLIBC_2.0
                0x000000000804c410                __cxa_atexit@@GLIBC_2.1.3
                0x000000000804c420                puts@@GLIBC_2.0
                0x000000000804c430                system@@GLIBC_2.0
                0x000000000804c440                __memmove_chk@@GLIBC_2.3.4
                0x000000000804c450                __memcpy_chk@@GLIBC_2.3.4
                0x000000000804c470                exit@@GLIBC_2.0
                0x000000000804c480                open@@GLIBC_2.0
                0x000000000804c490                srand@@GLIBC_2.0
                0x000000000804c4a0                __libc_start_main@@GLIBC_2.0
                0x000000000804c4b0                write@@GLIBC_2.0
                0x000000000804c4c0                strcasecmp@@GLIBC_2.0
                0x000000000804c4d0                setvbuf@@GLIBC_2.0
                0x000000000804c4e0                memset@@GLIBC_2.0
                0x000000000804c4f0                putchar@@GLIBC_2.0
                0x000000000804c500                strncpy@@GLIBC_2.0
                0x000000000804c510                strncasecmp@@GLIBC_2.0
                0x000000000804c520                rand@@GLIBC_2.0
                0x000000000804c530                __printf_chk@@GLIBC_2.3.4
                0x000000000804c540                __fprintf_chk@@GLIBC_2.3.4
                0x000000000804c550                __strncat_chk@@GLIBC_2.3.4
                0x000000000804c560                abort@@GLIBC_2.0
                0x000000000804c570                close@@GLIBC_2.0
                0x000000000804c580                __ctype_tolower_loc@@GLIBC_2.3
                0x000000000804c590                __sprintf_chk@@GLIBC_2.3.4
 *(.iplt)
 .iplt          0x0000000000000000        0x0 /usr/lib/gcc/i686-linux-gnu/4.8/../../../i386-linux-gnu/crt1.o

.text           0x000000000804c5a0     0xd0ac
 *(.text.unlikely .text.*_unlikely .text.unlikely.*)
 *(.text.exit .text.exit.*)
 *(.text.startup .text.startup.*)
 *(.text.hot .text.hot.*)
 *(.text .stub .text.* .gnu.linkonce.t.*)
 .text          0x000000000804c5a0       0x22 /usr/lib/gcc/i686-linux-gnu/4.8/../../../i386-linux-gnu/crt1.o
                0x000000000804c5a0                _start
 .text          0x000000000804c5c2        0x0 /usr/lib/gcc/i686-linux-gnu/4.8/../../../i386-linux-gnu/crti.o
 *fill*         0x000000000804c5c2        0xe 
 .gnu.linkonce.t.__x86.get_pc_thunk.bx
                0x000000000804c5d0        0x4 /usr/lib/gcc/i686-linux-gnu/4.8/../../../i386-linux-gnu/crti.o
                0x000000000804c5d0                __x86.get_pc_thunk.bx
 *fill*         0x000000000804c5d4        0xc 
 .text          0x000000000804c5e0       0xbd /usr/lib/gcc/i686-linux-gnu/4.8/crtbegin.o
 *fill*         0x000000000804c69d        0x3 
 .text          0x000000000804c6a0      0x3e8 udp-client.co
 .text          0x000000000804ca88      0x447 contiki-minimal-net.a(contiki-main.o)
                0x000000000804ca88                log_message
                0x000000000804cab3                uip_log
                0x000000000804cad6                _xassert
                0x000000000804cb0b                main
                0x000000000804cebd                sensors_light1
 .text          0x000000000804cecf       0xc7 contiki-minimal-net.a(clock.o)
                0x000000000804cecf                clock_init
                0x000000000804cf0e                clock_time
                0x000000000804cf4b                clock_seconds
                0x000000000804cf94                clock_delay
 *fill*         0x000000000804cf96        0xa 
 .text          0x000000000804cfa0       0xe2 contiki-minimal-net.a(tapdev-drv.o)
 .text          0x000000000804d082      0x2d6 contiki-minimal-net.a(tapdev6.o)
                0x000000000804d0cb                tapdev_exit
                0x000000000804d0df                tapdev_fd
                0x000000000804d0e5                tapdev_poll
                0x000000000804d1b3                tapdev_init
                0x000000000804d2b9                tapdev_send
                0x000000000804d34c                tapdev_do_send
 .text          0x000000000804d358       0x58 contiki-minimal-net.a(autostart.o)
                0x000000000804d358                autostart_start
                0x000000000804d388                autostart_exit
 .text          0x000000000804d3b0      0x2aa contiki-minimal-net.a(ctimer.o)
                0x000000000804d48c                ctimer_init
                0x000000000804d4ba                ctimer_set
                0x000000000804d525                ctimer_reset
                0x000000000804d56e                ctimer_restart
                0x000000000804d5b7                ctimer_stop
                0x000000000804d5f8                ctimer_expired
 *fill*         0x000000000804d65a        0x6 
 .text          0x000000000804d660      0x2e3 contiki-minimal-net.a(etimer.o)
                0x000000000804d6b1                etimer_request_poll
                0x000000000804d82d                etimer_set
                0x000000000804d851                etimer_reset
                0x000000000804d86d                etimer_restart
                0x000000000804d889                etimer_adjust
                0x000000000804d89f                etimer_expired
                0x000000000804d8ae                etimer_expiration_time
                0x000000000804d8b8                etimer_start_time
                0x000000000804d8bf                etimer_pending
                0x000000000804d8cd                etimer_next_expiration_time
                0x000000000804d8e1                etimer_stop
 *fill*         0x000000000804d943        0xd 
 .text          0x000000000804d950      0x3c0 contiki-minimal-net.a(process.o)
                0x000000000804dab8                process_alloc_event
                0x000000000804dac9                process_exit
                0x000000000804dadf                process_init
                0x000000000804db09                process_run
                0x000000000804dbe8                process_nevents
                0x000000000804dbfc                process_post
                0x000000000804dc62                process_post_synch
                0x000000000804dc89                process_start
                0x000000000804dce0                process_poll
                0x000000000804dd01                process_is_running
 .text          0x000000000804dd10       0x36 contiki-minimal-net.a(procinit.o)
                0x000000000804dd10                procinit_init
 .text          0x000000000804dd46       0x72 contiki-minimal-net.a(timer.o)
                0x000000000804dd46                timer_set
                0x000000000804dd61                timer_reset
                0x000000000804dd6b                timer_restart
                0x000000000804dd7d                timer_expired
                0x000000000804dd9d                timer_remaining
 .text          0x000000000804ddb8      0x1b0 contiki-minimal-net.a(serial-line.o)
                0x000000000804debe                serial_line_input_byte
                0x000000000804df31                serial_line_init
 *fill*         0x000000000804df68        0x8 
 .text          0x000000000804df70      0x171 contiki-minimal-net.a(list.o)
                0x000000000804df70                list_init
                0x000000000804df7b                list_head
                0x000000000804df82                list_copy
                0x000000000804df8f                list_tail
                0x000000000804dfaa                list_chop
                0x000000000804dfda                list_pop
                0x000000000804dfea                list_remove
                0x000000000804e029                list_add
                0x000000000804e060                list_push
                0x000000000804e085                list_length
                0x000000000804e0a5                list_insert
                0x000000000804e0d0                list_item_next
 .text          0x000000000804e0e1       0xc4 contiki-minimal-net.a(ringbuf.o)
                0x000000000804e0e1                ringbuf_init
                0x000000000804e0ff                ringbuf_put
                0x000000000804e148                ringbuf_get
                0x000000000804e184                ringbuf_size
                0x000000000804e190                ringbuf_elements
 *fill*         0x000000000804e1a5        0xb 
 .text          0x000000000804e1b0     0x1e99 contiki-minimal-net.a(uip6.o)
                0x000000000804e3b1                uip_add32
                0x000000000804e493                uip_chksum
                0x000000000804e4ab                uip_ipchksum
                0x000000000804e4d3                uip_icmp6chksum
                0x000000000804e4df                uip_tcpchksum
                0x000000000804e4eb                uip_udpchksum
                0x000000000804e4f7                uip_init
                0x000000000804e55d                uip_connect
                0x000000000804e6c0                remove_ext_hdr
                0x000000000804e74e                uip_udp_new
                0x000000000804e873                uip_unlisten
                0x000000000804e8d2                uip_listen
                0x000000000804e92d                uip_reass_over
                0x000000000804e9eb                uip_process
                0x000000000804ffa8                uip_htons
                0x000000000804ffb2                uip_htonl
                0x000000000804ffcc                uip_send
 *fill*         0x0000000008050049        0x7 
 .text          0x0000000008050050      0xb0e contiki-minimal-net.a(uip-ds6.o)
                0x0000000008050050                uip_ds6_list_loop
                0x00000000080500db                uip_ds6_prefix_add
                0x000000000805017f                uip_ds6_prefix_rm
                0x000000000805018c                uip_ds6_prefix_lookup
                0x00000000080501d6                uip_ds6_is_addr_onlink
                0x0000000008050239                uip_ds6_addr_lookup
                0x0000000008050282                uip_ds6_get_link_local
                0x00000000080502ca                uip_ds6_get_global
                0x0000000008050312                uip_ds6_maddr_add
                0x0000000008050384                uip_ds6_addr_add
                0x00000000080504da                uip_ds6_maddr_rm
                0x00000000080504e7                uip_ds6_maddr_lookup
                0x0000000008050530                uip_ds6_addr_rm
                0x00000000080505bb                uip_ds6_aaddr_add
                0x000000000805062d                uip_ds6_aaddr_rm
                0x000000000805063a                uip_ds6_aaddr_lookup
                0x0000000008050683                uip_ds6_set_addr_iid
                0x00000000080506b5                get_match_length
                0x0000000008050716                uip_ds6_select_src
                0x00000000080507ef                uip_ds6_dad
                0x0000000008050852                uip_ds6_periodic
                0x0000000008050942                uip_ds6_dad_failed
                0x0000000008050967                uip_ds6_send_rs
                0x00000000080509ae                uip_ds6_compute_reachable_time
                0x00000000080509e0                uip_ds6_init
 *fill*         0x0000000008050b5e        0x2 
 .text          0x0000000008050b60      0x46b contiki-minimal-net.a(uip-ds6-nbr.o)
                0x0000000008050b60                uip_ds6_nbr_rm
                0x0000000008050b95                uip_ds6_neighbors_init
                0x0000000008050bb1                uip_ds6_nbr_add
                0x0000000008050c46                uip_ds6_nbr_get_ipaddr
                0x0000000008050c4b                uip_ds6_nbr_get_ll
                0x0000000008050c67                uip_ds6_nbr_num
                0x0000000008050ca7                uip_ds6_nbr_lookup
                0x0000000008050d15                uip_ds6_nbr_ll_lookup
                0x0000000008050d31                uip_ds6_nbr_ipaddr_from_lladdr
                0x0000000008050d44                uip_ds6_nbr_lladdr_from_ipaddr
                0x0000000008050d6b                uip_ds6_link_neighbor_callback
                0x0000000008050dae                uip_ds6_neighbor_periodic
                0x0000000008050f6a                uip_ds6_get_least_lifetime_neighbor
 *fill*         0x0000000008050fcb        0x5 
 .text          0x0000000008050fd0      0x713 contiki-minimal-net.a(uip-ds6-route.o)
                0x000000000805102d                uip_ds6_notification_add
                0x000000000805105a                uip_ds6_notification_rm
                0x0000000008051075                uip_ds6_route_init
                0x00000000080510cc                uip_ds6_route_nexthop
                0x00000000080510fd                uip_ds6_route_head
                0x0000000008051110                uip_ds6_route_next
                0x000000000805112e                uip_ds6_route_num_routes
                0x0000000008051134                uip_ds6_route_lookup
                0x00000000080511ee                uip_ds6_route_rm
                0x0000000008051337                uip_ds6_route_add
                0x00000000080514c9                uip_ds6_route_rm_by_nexthop
                0x00000000080514f1                uip_ds6_defrt_rm
                0x0000000008051558                uip_ds6_defrt_lookup
                0x00000000080515b4                uip_ds6_defrt_add
                0x0000000008051644                uip_ds6_defrt_choose
                0x000000000805168d                uip_ds6_defrt_periodic
 *fill*         0x00000000080516e3        0xd 
 .text          0x00000000080516f0      0x7cc contiki-minimal-net.a(uip-icmp6.o)
                0x0000000008051ab3                uip_icmp6_input
                0x0000000008051b1f                uip_icmp6_register_input_handler
                0x0000000008051b3a                uip_icmp6_error_output
                0x0000000008051d8e                uip_icmp6_send
                0x0000000008051e55                uip_icmp6_echo_reply_callback_add
                0x0000000008051e82                uip_icmp6_echo_reply_callback_rm
                0x0000000008051e9d                uip_icmp6_init
 *fill*         0x0000000008051ebc        0x4 
 .text          0x0000000008051ec0     0x1218 contiki-minimal-net.a(uip-nd6.o)
                0x0000000008051edb                ra_input
                0x0000000008052d10                uip_nd6_ns_output
                0x0000000008052f5e                uip_nd6_rs_output
                0x00000000080530ad                uip_nd6_init
 *fill*         0x00000000080530d8        0x8 
 .text          0x00000000080530e0     0x12ff contiki-minimal-net.a(resolv.o)
                0x00000000080535cc                resolv_set_hostname
                0x0000000008053fc8                resolv_get_hostname
                0x0000000008053fce                resolv_query
                0x0000000008054331                resolv_lookup
 *fill*         0x00000000080543df        0x1 
 .text          0x00000000080543e0      0x974 contiki-minimal-net.a(tcpip.o)
                0x0000000008054403                tcpip_output
                0x0000000008054423                tcpip_set_outputfunc
                0x000000000805442d                tcp_unlisten
                0x0000000008054494                tcp_listen
                0x000000000805450a                tcp_attach
                0x000000000805451f                udp_attach
                0x0000000008054534                udp_new
                0x0000000008054564                udp_broadcast_new
                0x00000000080545ea                tcpip_input
                0x000000000805461d                tcpip_ipv6_output
                0x0000000008054c35                tcpip_poll_udp
                0x0000000008054c58                tcpip_poll_tcp
                0x0000000008054c7b                tcp_connect
                0x0000000008054cb8                tcpip_uipcall
 *fill*         0x0000000008054d54        0xc 
 .text          0x0000000008054d60      0x13c contiki-minimal-net.a(uip-debug.o)
                0x0000000008054d60                uip_debug_ipaddr_print
                0x0000000008054e17                uip_debug_lladdr_print
 *fill*         0x0000000008054e9c        0x4 
 .text          0x0000000008054ea0      0x211 contiki-minimal-net.a(uiplib.o)
                0x0000000008054ea0                uiplib_ip6addrconv
                0x0000000008054ffb                uiplib_ip4addrconv
 .text          0x00000000080550b1       0xa5 contiki-minimal-net.a(uip-nameserver.)
                0x00000000080550b1                uip_nameserver_update
                0x00000000080550e1                uip_nameserver_get
                0x00000000080550f5                uip_nameserver_next_expiration
                0x00000000080550fb                uip_nameserver_count
 .text          0x0000000008055156       0xf7 contiki-minimal-net.a(uip-packetqueue)
                0x000000000805517b                uip_packetqueue_new
                0x0000000008055186                uip_packetqueue_alloc
                0x00000000080551d2                uip_packetqueue_free
                0x000000000805520a                uip_packetqueue_buf
                0x000000000805521e                uip_packetqueue_buflen
                0x0000000008055236                uip_packetqueue_set_buflen
 .text          0x000000000805524d      0x112 contiki-minimal-net.a(uip-udp-packet.)
                0x000000000805524d                uip_udp_packet_send
                0x00000000080552b3                uip_udp_packet_sendto
 .text          0x000000000805535f       0x55 contiki-minimal-net.a(linkaddr.o)
                0x000000000805535f                linkaddr_copy
                0x000000000805536e                linkaddr_cmp
                0x0000000008055399                linkaddr_set_node_addr
 *fill*         0x00000000080553b4        0xc 
 .text          0x00000000080553c0      0x4d0 contiki-minimal-net.a(nbr-table.o)
                0x00000000080554e6                nbr_table_register
                0x0000000008055519                nbr_table_next
                0x000000000805557a                nbr_table_head
                0x00000000080555c7                nbr_table_add_lladdr
                0x00000000080557a3                nbr_table_get_from_lladdr
                0x00000000080557de                nbr_table_remove
                0x0000000008055821                nbr_table_lock
                0x0000000008055841                nbr_table_unlock
                0x0000000008055861                nbr_table_get_lladdr
 .text          0x0000000008055890      0x3b0 contiki-minimal-net.a(packetbuf.o)
                0x0000000008055890                packetbuf_clear_hdr
                0x0000000008055898                packetbuf_compact
                0x00000000080558dd                packetbuf_copyto_hdr
                0x000000000805590f                packetbuf_copyto
                0x000000000805598f                packetbuf_hdr_remove
                0x000000000805599a                packetbuf_hdrreduce
                0x00000000080559c6                packetbuf_set_datalen
                0x00000000080559d1                packetbuf_dataptr
                0x00000000080559de                packetbuf_hdrptr
                0x00000000080559eb                packetbuf_datalen
                0x00000000080559f3                packetbuf_hdrlen
                0x0000000008055a0b                packetbuf_totlen
                0x0000000008055a1b                packetbuf_hdralloc
                0x0000000008055a5e                packetbuf_attr_clear
                0x0000000008055aa4                packetbuf_clear
                0x0000000008055ad3                packetbuf_copyfrom
                0x0000000008055b19                packetbuf_attr_copyto
                0x0000000008055b73                packetbuf_attr_copyfrom
                0x0000000008055bcb                packetbuf_set_attr
                0x0000000008055be2                packetbuf_attr
                0x0000000008055bf0                packetbuf_set_addr
                0x0000000008055c18                packetbuf_addr
                0x0000000008055c25                packetbuf_holds_broadcast
 .text          0x0000000008055c40      0x394 contiki-minimal-net.a(rpl.o)
                0x0000000008055c40                rpl_get_mode
                0x0000000008055c46                rpl_set_mode
                0x0000000008055ca4                rpl_purge_routes
                0x0000000008055d69                rpl_remove_routes
                0x0000000008055d9f                rpl_remove_routes_by_nexthop
                0x0000000008055e03                rpl_add_route
                0x0000000008055e4f                rpl_link_neighbor_callback
                0x0000000008055f12                rpl_ipv6_neighbor_callback
                0x0000000008055f45                rpl_init
 *fill*         0x0000000008055fd4        0xc 
 .text          0x0000000008055fe0     0x1805 contiki-minimal-net.a(rpl-dag.o)
                0x00000000080561b8                rpl_get_nbr
                0x00000000080561f0                rpl_print_neighbor_list
                0x0000000008056352                rpl_dag_init
                0x000000000805636e                rpl_get_parent
                0x000000000805638a                rpl_get_parent_rank
                0x00000000080563b5                rpl_get_parent_link_metric
                0x00000000080563e0                rpl_get_parent_ipaddr
                0x0000000008056404                rpl_set_prefix
                0x000000000805651e                rpl_set_default_route
                0x000000000805659a                rpl_alloc_instance
                0x00000000080565dc                rpl_set_default_instance
                0x00000000080565e6                rpl_get_default_instance
                0x00000000080565ec                rpl_add_parent
                0x000000000805665a                rpl_find_parent
                0x0000000008056686                rpl_find_parent_any_dag
                0x00000000080566c0                rpl_select_parent
                0x000000000805675b                rpl_select_dag
                0x0000000008056992                rpl_nullify_parent
                0x0000000008056a00                rpl_remove_parent
                0x0000000008056a88                rpl_free_dag
                0x0000000008056aca                rpl_free_instance
                0x0000000008056b5e                rpl_move_parent
                0x0000000008056bd3                rpl_get_any_dag
                0x0000000008056bf4                rpl_get_instance
                0x0000000008056c16                rpl_repair_root
                0x0000000008056c96                rpl_alloc_dag
                0x0000000008056d6a                rpl_set_root
                0x0000000008056ee1                rpl_find_of
                0x0000000008056efa                rpl_join_instance
                0x00000000080570b4                rpl_local_repair
                0x0000000008057132                rpl_process_parent_event
                0x00000000080571db                rpl_add_dag
                0x0000000008057356                rpl_recalculate_ranks
                0x00000000080573b4                rpl_process_dio
                0x00000000080577c9                rpl_lock_parent
 *fill*         0x00000000080577e5        0xb 
 .text          0x00000000080577f0      0xefc contiki-minimal-net.a(rpl-icmp6.o)
                0x0000000008057c50                dis_output
                0x0000000008057cf1                dio_output
                0x000000000805802a                dao_output_target
                0x0000000008058167                dao_output
                0x000000000805820f                dao_ack_output
                0x00000000080586b5                rpl_icmp6_register_handlers
 *fill*         0x00000000080586ec        0x4 
 .text          0x00000000080586f0      0x56a contiki-minimal-net.a(rpl-timers.o)
                0x0000000008058a03                rpl_reset_periodic_timer
                0x0000000008058a4f                rpl_reset_dio_timer
                0x0000000008058a7b                rpl_schedule_dao
                0x0000000008058a90                rpl_schedule_dao_immediately
                0x0000000008058aa5                rpl_cancel_dao
                0x0000000008058ace                rpl_schedule_probing
 .text          0x0000000008058c5a      0x1a0 contiki-minimal-net.a(rpl-mrhof.o)
 *fill*         0x0000000008058dfa        0x6 
 .text          0x0000000008058e00      0x564 contiki-minimal-net.a(rpl-ext-header.)
                0x0000000008058e00                rpl_verify_header
                0x0000000008058f07                rpl_update_header_empty
                0x0000000008059143                rpl_update_header_final
                0x000000000805921c                rpl_remove_header
                0x00000000080592a2                rpl_invert_header
                0x0000000008059345                rpl_insert_header
 .text          0x0000000008059364       0x86 contiki-minimal-net.a(stimer.o)
                0x0000000008059364                stimer_set
                0x000000000805937f                stimer_reset
                0x0000000008059389                stimer_restart
                0x000000000805939b                stimer_expired
                0x00000000080593bd                stimer_remaining
                0x00000000080593d8                stimer_elapsed
 *fill*         0x00000000080593ea        0x6 
 .text          0x00000000080593f0      0x172 contiki-minimal-net.a(memb.o)
                0x00000000080593f0                memb_init
                0x0000000008059439                memb_alloc
                0x0000000008059497                memb_free
                0x0000000008059504                memb_inmemb
                0x0000000008059531                memb_numfree
 .text          0x0000000008059562       0x20 contiki-minimal-net.a(random.o)
                0x0000000008059562                random_init
                0x0000000008059576                random_rand
 *fill*         0x0000000008059582        0xe 
 .text          0x0000000008059590       0x72 /usr/lib/i386-linux-gnu/libc_nonshared.a(elf-init.oS)
                0x0000000008059590                __libc_csu_init
                0x0000000008059600                __libc_csu_fini
 *fill*         0x0000000008059602        0xe 
 .text          0x0000000008059610       0x3c /usr/lib/i386-linux-gnu/libc_nonshared.a(atexit.oS)
                0x0000000008059610                atexit
 .text          0x000000000805964c        0x0 /usr/lib/gcc/i686-linux-gnu/4.8/crtend.o
 .text          0x000000000805964c        0x0 /usr/lib/gcc/i686-linux-gnu/4.8/../../../i386-linux-gnu/crtn.o
 *(.gnu.warning)

.fini           0x000000000805964c       0x14
 *(SORT(.fini))
 .fini          0x000000000805964c        0xf /usr/lib/gcc/i686-linux-gnu/4.8/../../../i386-linux-gnu/crti.o
                0x000000000805964c                _fini
 .fini          0x000000000805965b        0x5 /usr/lib/gcc/i686-linux-gnu/4.8/../../../i386-linux-gnu/crtn.o
                0x0000000008059660                PROVIDE (__etext, .)
                0x0000000008059660                PROVIDE (_etext, .)
                0x0000000008059660                PROVIDE (etext, .)

.rodata         0x0000000008059660      0x519
 *(.rodata .rodata.* .gnu.linkonce.r.*)
 .rodata        0x0000000008059660        0x4 /usr/lib/gcc/i686-linux-gnu/4.8/../../../i386-linux-gnu/crt1.o
                0x0000000008059660                _fp_hw
 .rodata.cst4   0x0000000008059664        0x4 /usr/lib/gcc/i686-linux-gnu/4.8/../../../i386-linux-gnu/crt1.o
                0x0000000008059664                _IO_stdin_used
 .rodata.str1.1
                0x0000000008059668      0x11e udp-client.co
 *fill*         0x0000000008059786        0x2 
 .rodata.str1.4
                0x0000000008059788       0x6c udp-client.co
 .rodata        0x00000000080597f4        0xc udp-client.co
                0x00000000080597f4                autostart_processes
 .rodata.str1.1
                0x0000000008059800       0x94 contiki-minimal-net.a(contiki-main.o)
 .rodata.str1.4
                0x0000000008059894       0x2c contiki-minimal-net.a(contiki-main.o)
 .rodata.str1.1
                0x00000000080598c0        0xb contiki-minimal-net.a(tapdev-drv.o)
 .rodata.str1.1
                0x00000000080598cb       0x56 contiki-minimal-net.a(tapdev6.o)
 .rodata.str1.1
                0x0000000008059921        0xf contiki-minimal-net.a(ctimer.o)
 .rodata.str1.1
                0x0000000008059930        0xc contiki-minimal-net.a(etimer.o)
 .rodata.str1.1
                0x000000000805993c        0xe contiki-minimal-net.a(serial-line.o)
 *fill*         0x000000000805994a        0x2 
 .rodata        0x000000000805994c      0x140 contiki-minimal-net.a(uip6.o)
 .rodata.str1.1
                0x0000000008059a8c       0x20 contiki-minimal-net.a(resolv.o)
                                         0x27 (size before relaxing)
 .rodata        0x0000000008059aac       0x28 contiki-minimal-net.a(resolv.o)
 .rodata.str1.1
                0x0000000008059ad4        0xd contiki-minimal-net.a(tcpip.o)
 .rodata.str1.1
                0x0000000008059ae1       0x26 contiki-minimal-net.a(uip-debug.o)
                                         0x29 (size before relaxing)
 *fill*         0x0000000008059b07        0x1 
 .rodata        0x0000000008059b08        0x2 contiki-minimal-net.a(linkaddr.o)
                0x0000000008059b08                linkaddr_null
 *fill*         0x0000000008059b0a        0x2 
 .rodata.str1.4
                0x0000000008059b0c       0x5c contiki-minimal-net.a(rpl-dag.o)
                                         0x5a (size before relaxing)
 .rodata.str1.1
                0x0000000008059b68       0x11 contiki-minimal-net.a(rpl-dag.o)

.rodata1
 *(.rodata1)

.eh_frame_hdr   0x0000000008059b7c      0xb9c
 *(.eh_frame_hdr)
 .eh_frame_hdr  0x0000000008059b7c      0xb9c udp-client.co

.eh_frame       0x000000000805a718     0x3178
 *(.eh_frame)
 .eh_frame      0x000000000805a718       0x3c /usr/lib/gcc/i686-linux-gnu/4.8/../../../i386-linux-gnu/crt1.o
                                         0x40 (size before relaxing)
 .eh_frame      0x000000000805a754       0x40 udp-client.co
                                         0x58 (size before relaxing)
 .eh_frame      0x000000000805a794       0x78 contiki-minimal-net.a(contiki-main.o)
                                         0x90 (size before relaxing)
 .eh_frame      0x000000000805a80c       0x64 contiki-minimal-net.a(clock.o)
                                         0x7c (size before relaxing)
 .eh_frame      0x000000000805a870       0x34 contiki-minimal-net.a(tapdev-drv.o)
                                         0x4c (size before relaxing)
 .eh_frame      0x000000000805a8a4       0xbc contiki-minimal-net.a(tapdev6.o)
                                         0xd4 (size before relaxing)
 .eh_frame      0x000000000805a960       0x40 contiki-minimal-net.a(autostart.o)
                                         0x58 (size before relaxing)
 .eh_frame      0x000000000805a9a0      0x114 contiki-minimal-net.a(ctimer.o)
                                        0x12c (size before relaxing)
 .eh_frame      0x000000000805aab4      0x190 contiki-minimal-net.a(etimer.o)
                                        0x1a8 (size before relaxing)
 .eh_frame      0x000000000805ac44      0x19c contiki-minimal-net.a(process.o)
                                        0x1b4 (size before relaxing)
 .eh_frame      0x000000000805ade0       0x20 contiki-minimal-net.a(procinit.o)
                                         0x38 (size before relaxing)
 .eh_frame      0x000000000805ae00       0x8c contiki-minimal-net.a(timer.o)
                                         0xa4 (size before relaxing)
 .eh_frame      0x000000000805ae8c       0x54 contiki-minimal-net.a(serial-line.o)
                                         0x6c (size before relaxing)
 .eh_frame      0x000000000805aee0      0x12c contiki-minimal-net.a(list.o)
                                        0x144 (size before relaxing)
 .eh_frame      0x000000000805b00c       0x90 contiki-minimal-net.a(ringbuf.o)
                                         0xa8 (size before relaxing)
 .eh_frame      0x000000000805b09c      0x2ec contiki-minimal-net.a(uip6.o)
                                        0x304 (size before relaxing)
 .eh_frame      0x000000000805b388      0x338 contiki-minimal-net.a(uip-ds6.o)
                                        0x350 (size before relaxing)
 .eh_frame      0x000000000805b6c0      0x1c4 contiki-minimal-net.a(uip-ds6-nbr.o)
                                        0x1dc (size before relaxing)
 .eh_frame      0x000000000805b884      0x2b0 contiki-minimal-net.a(uip-ds6-route.o)
                                        0x2c8 (size before relaxing)
 .eh_frame      0x000000000805bb34      0x158 contiki-minimal-net.a(uip-icmp6.o)
                                        0x170 (size before relaxing)
 .eh_frame      0x000000000805bc8c      0x128 contiki-minimal-net.a(uip-nd6.o)
                                        0x140 (size before relaxing)
 .eh_frame      0x000000000805bdb4      0x284 contiki-minimal-net.a(resolv.o)
                                        0x29c (size before relaxing)
 .eh_frame      0x000000000805c038      0x20c contiki-minimal-net.a(tcpip.o)
                                        0x224 (size before relaxing)
 .eh_frame      0x000000000805c244       0x68 contiki-minimal-net.a(uip-debug.o)
                                         0x80 (size before relaxing)
 .eh_frame      0x000000000805c2ac       0x7c contiki-minimal-net.a(uiplib.o)
                                         0x94 (size before relaxing)
 .eh_frame      0x000000000805c328       0x50 contiki-minimal-net.a(uip-nameserver.)
                                         0x68 (size before relaxing)
 .eh_frame      0x000000000805c378       0xb4 contiki-minimal-net.a(uip-packetqueue)
                                         0xcc (size before relaxing)
 .eh_frame      0x000000000805c42c       0x4c contiki-minimal-net.a(uip-udp-packet.)
                                         0x64 (size before relaxing)
 .eh_frame      0x000000000805c478       0x44 contiki-minimal-net.a(linkaddr.o)
                                         0x5c (size before relaxing)
 .eh_frame      0x000000000805c4bc      0x200 contiki-minimal-net.a(nbr-table.o)
                                        0x218 (size before relaxing)
 .eh_frame      0x000000000805c6bc      0x240 contiki-minimal-net.a(packetbuf.o)
                                        0x258 (size before relaxing)
 .eh_frame      0x000000000805c8fc      0x11c contiki-minimal-net.a(rpl.o)
                                        0x134 (size before relaxing)
 .eh_frame      0x000000000805ca18      0x684 contiki-minimal-net.a(rpl-dag.o)
                                        0x69c (size before relaxing)
 .eh_frame      0x000000000805d09c      0x210 contiki-minimal-net.a(rpl-icmp6.o)
                                        0x228 (size before relaxing)
 .eh_frame      0x000000000805d2ac      0x1cc contiki-minimal-net.a(rpl-timers.o)
                                        0x1e4 (size before relaxing)
 .eh_frame      0x000000000805d478      0x110 contiki-minimal-net.a(rpl-mrhof.o)
                                        0x128 (size before relaxing)
 .eh_frame      0x000000000805d588       0xf0 contiki-minimal-net.a(rpl-ext-header.)
                                        0x108 (size before relaxing)
 .eh_frame      0x000000000805d678       0xa4 contiki-minimal-net.a(stimer.o)
                                         0xbc (size before relaxing)
 .eh_frame      0x000000000805d71c       0xcc contiki-minimal-net.a(memb.o)
                                         0xe4 (size before relaxing)
 .eh_frame      0x000000000805d7e8       0x30 contiki-minimal-net.a(random.o)
                                         0x48 (size before relaxing)
 .eh_frame      0x000000000805d818       0x50 /usr/lib/i386-linux-gnu/libc_nonshared.a(elf-init.oS)
                                         0x7c (size before relaxing)
 .eh_frame      0x000000000805d868       0x24 /usr/lib/i386-linux-gnu/libc_nonshared.a(atexit.oS)
                                         0x50 (size before relaxing)
 .eh_frame      0x000000000805d88c        0x4 /usr/lib/gcc/i686-linux-gnu/4.8/crtend.o

.gcc_except_table
 *(.gcc_except_table .gcc_except_table.*)

.exception_ranges
 *(.exception_ranges .exception_ranges*)
                0x000000000805d890                . = (ALIGN (0x1000) - ((0x1000 - .) & 0xfff))
                0x000000000805ef08                . = DATA_SEGMENT_ALIGN (0x1000, 0x1000)

.eh_frame
 *(.eh_frame)

.gcc_except_table
 *(.gcc_except_table .gcc_except_table.*)

.exception_ranges
 *(.exception_ranges .exception_ranges*)

.tdata
 *(.tdata .tdata.* .gnu.linkonce.td.*)

.tbss
 *(.tbss .tbss.* .gnu.linkonce.tb.*)
 *(.tcommon)

.preinit_array  0x000000000805ef08        0x0
                0x000000000805ef08                PROVIDE (__preinit_array_start, .)
 *(.preinit_array)
                0x000000000805ef08                PROVIDE (__preinit_array_end, .)

.init_array     0x000000000805ef08        0x4
                0x000000000805ef08                PROVIDE (__init_array_start, .)
 *(SORT(.init_array.*) SORT(.ctors.*))
 *(.init_array EXCLUDE_FILE(*crtend?.o *crtend.o *crtbegin?.o *crtbegin.o) .ctors)
 .init_array    0x000000000805ef08        0x4 /usr/lib/gcc/i686-linux-gnu/4.8/crtbegin.o
                0x000000000805ef0c                PROVIDE (__init_array_end, .)

.fini_array     0x000000000805ef0c        0x4
                0x000000000805ef0c                PROVIDE (__fini_array_start, .)
 *(SORT(.fini_array.*) SORT(.dtors.*))
 *(.fini_array EXCLUDE_FILE(*crtend?.o *crtend.o *crtbegin?.o *crtbegin.o) .dtors)
 .fini_array    0x000000000805ef0c        0x4 /usr/lib/gcc/i686-linux-gnu/4.8/crtbegin.o
                0x000000000805ef10                PROVIDE (__fini_array_end, .)

.ctors
 *crtbegin.o(.ctors)
 *crtbegin?.o(.ctors)
 *(EXCLUDE_FILE(*crtend?.o *crtend.o) .ctors)
 *(SORT(.ctors.*))
 *(.ctors)

.dtors
 *crtbegin.o(.dtors)
 *crtbegin?.o(.dtors)
 *(EXCLUDE_FILE(*crtend?.o *crtend.o) .dtors)
 *(SORT(.dtors.*))
 *(.dtors)

.jcr            0x000000000805ef10        0x4
 *(.jcr)
 .jcr           0x000000000805ef10        0x0 /usr/lib/gcc/i686-linux-gnu/4.8/crtbegin.o
 .jcr           0x000000000805ef10        0x4 /usr/lib/gcc/i686-linux-gnu/4.8/crtend.o

.data.rel.ro
 *(.data.rel.ro.local* .gnu.linkonce.d.rel.ro.local.*)
 *(.data.rel.ro .data.rel.ro.* .gnu.linkonce.d.rel.ro.*)

.dynamic        0x000000000805ef14       0xe8
 *(.dynamic)
 .dynamic       0x000000000805ef14       0xe8 /usr/lib/gcc/i686-linux-gnu/4.8/../../../i386-linux-gnu/crt1.o
                0x000000000805ef14                _DYNAMIC

.got            0x000000000805effc        0x4
 *(.got)
 .got           0x000000000805effc        0x4 /usr/lib/gcc/i686-linux-gnu/4.8/../../../i386-linux-gnu/crt1.o
 *(.igot)
                0x000000000805fff4                . = DATA_SEGMENT_RELRO_END (., (SIZEOF (.got.plt) >= 0xc)?0xc:0x0)

.got.plt        0x000000000805f000       0xa0
 *(.got.plt)
 .got.plt       0x000000000805f000       0xa0 /usr/lib/gcc/i686-linux-gnu/4.8/../../../i386-linux-gnu/crt1.o
                0x000000000805f000                _GLOBAL_OFFSET_TABLE_
 *(.igot.plt)
 .igot.plt      0x0000000000000000        0x0 /usr/lib/gcc/i686-linux-gnu/4.8/../../../i386-linux-gnu/crt1.o

.data           0x000000000805f0a0      0x1ac
 *(.data .data.* .gnu.linkonce.d.*)
 .data          0x000000000805f0a0        0x4 /usr/lib/gcc/i686-linux-gnu/4.8/../../../i386-linux-gnu/crt1.o
                0x000000000805f0a0                data_start
                0x000000000805f0a0                __data_start
 .data          0x000000000805f0a4        0x0 /usr/lib/gcc/i686-linux-gnu/4.8/../../../i386-linux-gnu/crti.o
 .data          0x000000000805f0a4        0x4 /usr/lib/gcc/i686-linux-gnu/4.8/crtbegin.o
                0x000000000805f0a4                __dso_handle
 .data          0x000000000805f0a8       0x14 udp-client.co
                0x000000000805f0ac                udp_client_process
 .data          0x000000000805f0bc       0x14 contiki-minimal-net.a(contiki-main.o)
                0x000000000805f0bc                procinit
 .data          0x000000000805f0d0        0x0 contiki-minimal-net.a(clock.o)
 .data          0x000000000805f0d0       0x10 contiki-minimal-net.a(tapdev-drv.o)
                0x000000000805f0d0                tapdev_process
 .data          0x000000000805f0e0        0x4 contiki-minimal-net.a(tapdev6.o)
 .data          0x000000000805f0e4        0x0 contiki-minimal-net.a(autostart.o)
 .data          0x000000000805f0e4       0x10 contiki-minimal-net.a(ctimer.o)
                0x000000000805f0e4                ctimer_process
 .data          0x000000000805f0f4       0x10 contiki-minimal-net.a(etimer.o)
                0x000000000805f0f4                etimer_process
 .data          0x000000000805f104        0x0 contiki-minimal-net.a(process.o)
 .data          0x000000000805f104        0x0 contiki-minimal-net.a(procinit.o)
 .data          0x000000000805f104        0x0 contiki-minimal-net.a(timer.o)
 .data          0x000000000805f104       0x10 contiki-minimal-net.a(serial-line.o)
                0x000000000805f104                serial_line_process
 .data          0x000000000805f114        0x0 contiki-minimal-net.a(list.o)
 .data          0x000000000805f114        0x0 contiki-minimal-net.a(ringbuf.o)
 .data          0x000000000805f114        0x6 contiki-minimal-net.a(uip6.o)
                0x000000000805f114                uip_lladdr
 .data          0x000000000805f11a        0x0 contiki-minimal-net.a(uip-ds6.o)
 *fill*         0x000000000805f11a        0x2 
 .data          0x000000000805f11c       0x14 contiki-minimal-net.a(uip-ds6-nbr.o)
                0x000000000805f11c                ds6_neighbors
 .data          0x000000000805f130       0x34 contiki-minimal-net.a(uip-ds6-route.o)
 .data          0x000000000805f164       0x18 contiki-minimal-net.a(uip-icmp6.o)
 .data          0x000000000805f17c       0x24 contiki-minimal-net.a(uip-nd6.o)
 .data          0x000000000805f1a0       0x20 contiki-minimal-net.a(resolv.o)
                0x000000000805f1a0                mdns_probe_process
                0x000000000805f1b0                resolv_process
 .data          0x000000000805f1c0       0x10 contiki-minimal-net.a(tcpip.o)
                0x000000000805f1c0                tcpip_process
 .data          0x000000000805f1d0        0x0 contiki-minimal-net.a(uip-debug.o)
 .data          0x000000000805f1d0        0x0 contiki-minimal-net.a(uiplib.o)
 .data          0x000000000805f1d0        0x0 contiki-minimal-net.a(uip-nameserver.)
 .data          0x000000000805f1d0        0xc contiki-minimal-net.a(uip-packetqueue)
 .data          0x000000000805f1dc        0x0 contiki-minimal-net.a(uip-udp-packet.)
 .data          0x000000000805f1dc        0x0 contiki-minimal-net.a(linkaddr.o)
 .data          0x000000000805f1dc        0xc contiki-minimal-net.a(nbr-table.o)
 .data          0x000000000805f1e8        0x0 contiki-minimal-net.a(packetbuf.o)
 .data          0x000000000805f1e8        0x0 contiki-minimal-net.a(rpl.o)
 .data          0x000000000805f1e8       0x14 contiki-minimal-net.a(rpl-dag.o)
                0x000000000805f1e8                rpl_parents
 .data          0x000000000805f1fc       0x31 contiki-minimal-net.a(rpl-icmp6.o)
 .data          0x000000000805f22d        0x0 contiki-minimal-net.a(rpl-timers.o)
 *fill*         0x000000000805f22d        0x3 
 .data          0x000000000805f230       0x1c contiki-minimal-net.a(rpl-mrhof.o)
                0x000000000805f230                rpl_mrhof
 .data          0x000000000805f24c        0x0 contiki-minimal-net.a(rpl-ext-header.)
 .data          0x000000000805f24c        0x0 contiki-minimal-net.a(stimer.o)
 .data          0x000000000805f24c        0x0 contiki-minimal-net.a(memb.o)
 .data          0x000000000805f24c        0x0 contiki-minimal-net.a(random.o)
 .data          0x000000000805f24c        0x0 /usr/lib/i386-linux-gnu/libc_nonshared.a(elf-init.oS)
 .data          0x000000000805f24c        0x0 /usr/lib/i386-linux-gnu/libc_nonshared.a(atexit.oS)
 .data          0x000000000805f24c        0x0 /usr/lib/gcc/i686-linux-gnu/4.8/crtend.o
 .data          0x000000000805f24c        0x0 /usr/lib/gcc/i686-linux-gnu/4.8/../../../i386-linux-gnu/crtn.o

.tm_clone_table
                0x000000000805f24c        0x0
 .tm_clone_table
                0x000000000805f24c        0x0 /usr/lib/gcc/i686-linux-gnu/4.8/crtbegin.o
 .tm_clone_table
                0x000000000805f24c        0x0 /usr/lib/gcc/i686-linux-gnu/4.8/crtend.o

.data1
 *(.data1)
                0x000000000805f24c                _edata = .
                0x000000000805f24c                PROVIDE (edata, .)
                0x000000000805f24c                . = .
                0x000000000805f24c                __bss_start = .

.bss            0x000000000805f260     0x6204
 *(.dynbss)
 .dynbss        0x000000000805f260       0x24 /usr/lib/gcc/i686-linux-gnu/4.8/../../../i386-linux-gnu/crt1.o
                0x000000000805f260                stderr@@GLIBC_2.0
                0x000000000805f280                stdout@@GLIBC_2.0
 *(.bss .bss.* .gnu.linkonce.b.*)
 .bss           0x000000000805f284        0x0 /usr/lib/gcc/i686-linux-gnu/4.8/../../../i386-linux-gnu/crt1.o
 .bss           0x000000000805f284        0x0 /usr/lib/gcc/i686-linux-gnu/4.8/../../../i386-linux-gnu/crti.o
 .bss           0x000000000805f284        0x1 /usr/lib/gcc/i686-linux-gnu/4.8/crtbegin.o
 *fill*         0x000000000805f285       0x1b 
 .bss           0x000000000805f2a0       0x4c udp-client.co
 .bss           0x000000000805f2ec        0x6 contiki-minimal-net.a(contiki-main.o)
                0x000000000805f2ec                contiki_argc
 *fill*         0x000000000805f2f2        0x2 
 .bss           0x000000000805f2f4        0x8 contiki-minimal-net.a(clock.o)
 .bss           0x000000000805f2fc        0x0 contiki-minimal-net.a(tapdev-drv.o)
 .bss           0x000000000805f2fc        0x4 contiki-minimal-net.a(tapdev6.o)
 .bss           0x000000000805f300        0x0 contiki-minimal-net.a(autostart.o)
 .bss           0x000000000805f300        0x8 contiki-minimal-net.a(ctimer.o)
 .bss           0x000000000805f308        0x8 contiki-minimal-net.a(etimer.o)
 *fill*         0x000000000805f310       0x10 
 .bss           0x000000000805f320      0x1a3 contiki-minimal-net.a(process.o)
                0x000000000805f320                process_current
                0x000000000805f324                process_list
 .bss           0x000000000805f4c3        0x0 contiki-minimal-net.a(procinit.o)
 .bss           0x000000000805f4c3        0x0 contiki-minimal-net.a(timer.o)
 *fill*         0x000000000805f4c3       0x1d 
 .bss           0x000000000805f4e0      0x148 contiki-minimal-net.a(serial-line.o)
 .bss           0x000000000805f628        0x0 contiki-minimal-net.a(list.o)
 .bss           0x000000000805f628        0x0 contiki-minimal-net.a(ringbuf.o)
 *fill*         0x000000000805f628       0x18 
 .bss           0x000000000805f640      0x52b contiki-minimal-net.a(uip6.o)
                0x000000000805f640                uip_ext_opt_offset
                0x000000000805f641                uip_ext_len
                0x000000000805f642                uip_ext_bitmap
 *fill*         0x000000000805fb6b        0x1 
 .bss           0x000000000805fb6c       0x21 contiki-minimal-net.a(uip-ds6.o)
 *fill*         0x000000000805fb8d       0x13 
 .bss           0x000000000805fba0     0x1130 contiki-minimal-net.a(uip-ds6-nbr.o)
 *fill*         0x0000000008060cd0       0x10 
 .bss           0x0000000008060ce0     0x1760 contiki-minimal-net.a(uip-ds6-route.o)
 .bss           0x0000000008062440       0x18 contiki-minimal-net.a(uip-icmp6.o)
 .bss           0x0000000008062458       0x29 contiki-minimal-net.a(uip-nd6.o)
 *fill*         0x0000000008062481       0x1f 
 .bss           0x00000000080624a0      0x1e0 contiki-minimal-net.a(resolv.o)
 .bss           0x0000000008062680      0x174 contiki-minimal-net.a(tcpip.o)
 .bss           0x00000000080627f4        0x0 contiki-minimal-net.a(uip-debug.o)
 .bss           0x00000000080627f4        0x0 contiki-minimal-net.a(uiplib.o)
 .bss           0x00000000080627f4       0x14 contiki-minimal-net.a(uip-nameserver.)
 *fill*         0x0000000008062808       0x18 
 .bss           0x0000000008062820      0xa5a contiki-minimal-net.a(uip-packetqueue)
 .bss           0x000000000806327a        0x0 contiki-minimal-net.a(uip-udp-packet.)
 .bss           0x000000000806327a        0x0 contiki-minimal-net.a(linkaddr.o)
 *fill*         0x000000000806327a        0x6 
 .bss           0x0000000008063280      0x4c4 contiki-minimal-net.a(nbr-table.o)
 *fill*         0x0000000008063744       0x1c 
 .bss           0x0000000008063760       0xd6 contiki-minimal-net.a(packetbuf.o)
 *fill*         0x0000000008063836        0x2 
 .bss           0x0000000008063838        0x4 contiki-minimal-net.a(rpl.o)
 *fill*         0x000000000806383c        0x4 
 .bss           0x0000000008063840      0x7d0 contiki-minimal-net.a(rpl-dag.o)
 .bss           0x0000000008064010        0x0 contiki-minimal-net.a(rpl-icmp6.o)
 *fill*         0x0000000008064010       0x10 
 .bss           0x0000000008064020       0x40 contiki-minimal-net.a(rpl-timers.o)
 .bss           0x0000000008064060        0x0 contiki-minimal-net.a(rpl-mrhof.o)
 .bss           0x0000000008064060        0x0 contiki-minimal-net.a(rpl-ext-header.)
 .bss           0x0000000008064060        0x0 contiki-minimal-net.a(stimer.o)
 .bss           0x0000000008064060        0x0 contiki-minimal-net.a(memb.o)
 .bss           0x0000000008064060        0x0 contiki-minimal-net.a(random.o)
 .bss           0x0000000008064060        0x0 /usr/lib/i386-linux-gnu/libc_nonshared.a(elf-init.oS)
 .bss           0x0000000008064060        0x0 /usr/lib/i386-linux-gnu/libc_nonshared.a(atexit.oS)
 .bss           0x0000000008064060        0x0 /usr/lib/gcc/i686-linux-gnu/4.8/crtend.o
 .bss           0x0000000008064060        0x0 /usr/lib/gcc/i686-linux-gnu/4.8/../../../i386-linux-gnu/crtn.o
 *(COMMON)
 COMMON         0x0000000008064060        0x4 contiki-minimal-net.a(contiki-main.o)
                0x0000000008064060                contiki_argv
 COMMON         0x0000000008064064        0x1 contiki-minimal-net.a(serial-line.o)
                0x0000000008064064                serial_line_event_message
 *fill*         0x0000000008064065       0x1b 
 COMMON         0x0000000008064080      0xe8c contiki-minimal-net.a(uip6.o)
                0x0000000008064080                uip_reass_timer
                0x0000000008064090                uip_slen
                0x0000000008064092                uip_acc32
                0x00000000080640a0                uip_conns
                0x0000000008064820                uip_appdata
                0x0000000008064824                uip_flags
                0x0000000008064840                uip_aligned_buf
                0x0000000008064d60                uip_listenports
                0x0000000008064db0                uip_len
                0x0000000008064db2                uip_reass_on
                0x0000000008064db4                uip_sappdata
                0x0000000008064dc0                uip_udp_conns
                0x0000000008064f00                uip_udp_conn
                0x0000000008064f04                uip_next_hdr
                0x0000000008064f08                uip_conn
 *fill*         0x0000000008064f0c       0x14 
 COMMON         0x0000000008064f20      0x3d5 contiki-minimal-net.a(uip-ds6.o)
                0x0000000008064f20                uip_ds6_prefix_list
                0x0000000008064fe0                uip_ds6_timer_periodic
                0x0000000008064ff0                uip_ds6_timer_rs
                0x0000000008065000                uip_ds6_netif_addr_list_offset
                0x0000000008065020                uip_ds6_if
                0x00000000080652f4                uip_ds6_addr_size
 COMMON         0x00000000080652f5        0x1 contiki-minimal-net.a(resolv.o)
                0x00000000080652f5                resolv_event_found
 COMMON         0x00000000080652f6        0x1 contiki-minimal-net.a(tcpip.o)
                0x00000000080652f6                tcpip_event
 *fill*         0x00000000080652f7        0x1 
 COMMON         0x00000000080652f8        0x2 contiki-minimal-net.a(linkaddr.o)
                0x00000000080652f8                linkaddr_node_addr
 COMMON         0x00000000080652fa       0x22 contiki-minimal-net.a(packetbuf.o)
                0x00000000080652fa                packetbuf_attrs
                0x0000000008065318                packetbuf_addrs
 *fill*         0x000000000806531c        0x4 
 COMMON         0x0000000008065320      0x144 contiki-minimal-net.a(rpl-dag.o)
                0x0000000008065320                default_instance
                0x0000000008065340                instance_table
                0x0000000008065464                . = ALIGN ((. != 0x0)?0x4:0x1)
                0x0000000008065464                . = ALIGN (0x4)
                0x0000000008065464                . = SEGMENT_START ("ldata-segment", .)
                0x0000000008065464                . = ALIGN (0x4)
                0x0000000008065464                _end = .
                0x0000000008065464                PROVIDE (end, .)
                0x0000000008065464                . = DATA_SEGMENT_END (.)

.stab
 *(.stab)

.stabstr
 *(.stabstr)

.stab.excl
 *(.stab.excl)

.stab.exclstr
 *(.stab.exclstr)

.stab.index
 *(.stab.index)

.stab.indexstr
 *(.stab.indexstr)

.comment        0x0000000000000000       0x2b
 *(.comment)
 .comment       0x0000000000000000       0x2b /usr/lib/gcc/i686-linux-gnu/4.8/crtbegin.o
                                         0x2c (size before relaxing)
 .comment       0x0000000000000000       0x2c udp-client.co
 .comment       0x0000000000000000       0x2c contiki-minimal-net.a(contiki-main.o)
 .comment       0x0000000000000000       0x2c contiki-minimal-net.a(clock.o)
 .comment       0x0000000000000000       0x2c contiki-minimal-net.a(tapdev-drv.o)
 .comment       0x0000000000000000       0x2c contiki-minimal-net.a(tapdev6.o)
 .comment       0x0000000000000000       0x2c contiki-minimal-net.a(autostart.o)
 .comment       0x0000000000000000       0x2c contiki-minimal-net.a(ctimer.o)
 .comment       0x0000000000000000       0x2c contiki-minimal-net.a(etimer.o)
 .comment       0x0000000000000000       0x2c contiki-minimal-net.a(process.o)
 .comment       0x0000000000000000       0x2c contiki-minimal-net.a(procinit.o)
 .comment       0x0000000000000000       0x2c contiki-minimal-net.a(timer.o)
 .comment       0x0000000000000000       0x2c contiki-minimal-net.a(serial-line.o)
 .comment       0x0000000000000000       0x2c contiki-minimal-net.a(list.o)
 .comment       0x0000000000000000       0x2c contiki-minimal-net.a(ringbuf.o)
 .comment       0x0000000000000000       0x2c contiki-minimal-net.a(uip6.o)
 .comment       0x0000000000000000       0x2c contiki-minimal-net.a(uip-ds6.o)
 .comment       0x0000000000000000       0x2c contiki-minimal-net.a(uip-ds6-nbr.o)
 .comment       0x0000000000000000       0x2c contiki-minimal-net.a(uip-ds6-route.o)
 .comment       0x0000000000000000       0x2c contiki-minimal-net.a(uip-icmp6.o)
 .comment       0x0000000000000000       0x2c contiki-minimal-net.a(uip-nd6.o)
 .comment       0x0000000000000000       0x2c contiki-minimal-net.a(resolv.o)
 .comment       0x0000000000000000       0x2c contiki-minimal-net.a(tcpip.o)
 .comment       0x0000000000000000       0x2c contiki-minimal-net.a(uip-debug.o)
 .comment       0x0000000000000000       0x2c contiki-minimal-net.a(uiplib.o)
 .comment       0x0000000000000000       0x2c contiki-minimal-net.a(uip-nameserver.)
 .comment       0x0000000000000000       0x2c contiki-minimal-net.a(uip-packetqueue)
 .comment       0x0000000000000000       0x2c contiki-minimal-net.a(uip-udp-packet.)
 .comment       0x0000000000000000       0x2c contiki-minimal-net.a(linkaddr.o)
 .comment       0x0000000000000000       0x2c contiki-minimal-net.a(nbr-table.o)
 .comment       0x0000000000000000       0x2c contiki-minimal-net.a(packetbuf.o)
 .comment       0x0000000000000000       0x2c contiki-minimal-net.a(rpl.o)
 .comment       0x0000000000000000       0x2c contiki-minimal-net.a(rpl-dag.o)
 .comment       0x0000000000000000       0x2c contiki-minimal-net.a(rpl-icmp6.o)
 .comment       0x0000000000000000       0x2c contiki-minimal-net.a(rpl-timers.o)
 .comment       0x0000000000000000       0x2c contiki-minimal-net.a(rpl-mrhof.o)
 .comment       0x0000000000000000       0x2c contiki-minimal-net.a(rpl-ext-header.)
 .comment       0x0000000000000000       0x2c contiki-minimal-net.a(stimer.o)
 .comment       0x0000000000000000       0x2c contiki-minimal-net.a(memb.o)
 .comment       0x0000000000000000       0x2c contiki-minimal-net.a(random.o)
 .comment       0x0000000000000000       0x2c /usr/lib/i386-linux-gnu/libc_nonshared.a(elf-init.oS)
 .comment       0x0000000000000000       0x2c /usr/lib/i386-linux-gnu/libc_nonshared.a(atexit.oS)
 .comment       0x0000000000000000       0x2c /usr/lib/gcc/i686-linux-gnu/4.8/crtend.o

.debug
 *(.debug)

.line
 *(.line)

.debug_srcinfo
 *(.debug_srcinfo)

.debug_sfnames
 *(.debug_sfnames)

.debug_aranges  0x0000000000000000      0x4e0
 *(.debug_aranges)
 .debug_aranges
                0x0000000000000000       0x20 udp-client.co
 .debug_aranges
                0x0000000000000020       0x20 contiki-minimal-net.a(contiki-main.o)
 .debug_aranges
                0x0000000000000040       0x20 contiki-minimal-net.a(clock.o)
 .debug_aranges
                0x0000000000000060       0x20 contiki-minimal-net.a(tapdev-drv.o)
 .debug_aranges
                0x0000000000000080       0x20 contiki-minimal-net.a(tapdev6.o)
 .debug_aranges
                0x00000000000000a0       0x20 contiki-minimal-net.a(autostart.o)
 .debug_aranges
                0x00000000000000c0       0x20 contiki-minimal-net.a(ctimer.o)
 .debug_aranges
                0x00000000000000e0       0x20 contiki-minimal-net.a(etimer.o)
 .debug_aranges
                0x0000000000000100       0x20 contiki-minimal-net.a(process.o)
 .debug_aranges
                0x0000000000000120       0x20 contiki-minimal-net.a(procinit.o)
 .debug_aranges
                0x0000000000000140       0x20 contiki-minimal-net.a(timer.o)
 .debug_aranges
                0x0000000000000160       0x20 contiki-minimal-net.a(serial-line.o)
 .debug_aranges
                0x0000000000000180       0x20 contiki-minimal-net.a(list.o)
 .debug_aranges
                0x00000000000001a0       0x20 contiki-minimal-net.a(ringbuf.o)
 .debug_aranges
                0x00000000000001c0       0x20 contiki-minimal-net.a(uip6.o)
 .debug_aranges
                0x00000000000001e0       0x20 contiki-minimal-net.a(uip-ds6.o)
 .debug_aranges
                0x0000000000000200       0x20 contiki-minimal-net.a(uip-ds6-nbr.o)
 .debug_aranges
                0x0000000000000220       0x20 contiki-minimal-net.a(uip-ds6-route.o)
 .debug_aranges
                0x0000000000000240       0x20 contiki-minimal-net.a(uip-icmp6.o)
 .debug_aranges
                0x0000000000000260       0x20 contiki-minimal-net.a(uip-nd6.o)
 .debug_aranges
                0x0000000000000280       0x20 contiki-minimal-net.a(resolv.o)
 .debug_aranges
                0x00000000000002a0       0x20 contiki-minimal-net.a(tcpip.o)
 .debug_aranges
                0x00000000000002c0       0x20 contiki-minimal-net.a(uip-debug.o)
 .debug_aranges
                0x00000000000002e0       0x20 contiki-minimal-net.a(uiplib.o)
 .debug_aranges
                0x0000000000000300       0x20 contiki-minimal-net.a(uip-nameserver.)
 .debug_aranges
                0x0000000000000320       0x20 contiki-minimal-net.a(uip-packetqueue)
 .debug_aranges
                0x0000000000000340       0x20 contiki-minimal-net.a(uip-udp-packet.)
 .debug_aranges
                0x0000000000000360       0x20 contiki-minimal-net.a(linkaddr.o)
 .debug_aranges
                0x0000000000000380       0x20 contiki-minimal-net.a(nbr-table.o)
 .debug_aranges
                0x00000000000003a0       0x20 contiki-minimal-net.a(packetbuf.o)
 .debug_aranges
                0x00000000000003c0       0x20 contiki-minimal-net.a(rpl.o)
 .debug_aranges
                0x00000000000003e0       0x20 contiki-minimal-net.a(rpl-dag.o)
 .debug_aranges
                0x0000000000000400       0x20 contiki-minimal-net.a(rpl-icmp6.o)
 .debug_aranges
                0x0000000000000420       0x20 contiki-minimal-net.a(rpl-timers.o)
 .debug_aranges
                0x0000000000000440       0x20 contiki-minimal-net.a(rpl-mrhof.o)
 .debug_aranges
                0x0000000000000460       0x20 contiki-minimal-net.a(rpl-ext-header.)
 .debug_aranges
                0x0000000000000480       0x20 contiki-minimal-net.a(stimer.o)
 .debug_aranges
                0x00000000000004a0       0x20 contiki-minimal-net.a(memb.o)
 .debug_aranges
                0x00000000000004c0       0x20 contiki-minimal-net.a(random.o)

.debug_pubnames
 *(.debug_pubnames)

.debug_info     0x0000000000000000    0x1dfde
 *(.debug_info .gnu.linkonce.wi.*)
 .debug_info    0x0000000000000000      0xf20 udp-client.co
 .debug_info    0x0000000000000f20     0x10a0 contiki-minimal-net.a(contiki-main.o)
 .debug_info    0x0000000000001fc0      0x22f contiki-minimal-net.a(clock.o)
 .debug_info    0x00000000000021ef      0x3cb contiki-minimal-net.a(tapdev-drv.o)
 .debug_info    0x00000000000025ba      0xfde contiki-minimal-net.a(tapdev6.o)
 .debug_info    0x0000000000003598      0x1e9 contiki-minimal-net.a(autostart.o)
 .debug_info    0x0000000000003781      0x674 contiki-minimal-net.a(ctimer.o)
 .debug_info    0x0000000000003df5      0x5f7 contiki-minimal-net.a(etimer.o)
 .debug_info    0x00000000000043ec      0x846 contiki-minimal-net.a(process.o)
 .debug_info    0x0000000000004c32      0x180 contiki-minimal-net.a(procinit.o)
 .debug_info    0x0000000000004db2      0x1a0 contiki-minimal-net.a(timer.o)
 .debug_info    0x0000000000004f52      0x479 contiki-minimal-net.a(serial-line.o)
 .debug_info    0x00000000000053cb      0x354 contiki-minimal-net.a(list.o)
 .debug_info    0x000000000000571f      0x1ac contiki-minimal-net.a(ringbuf.o)
 .debug_info    0x00000000000058cb     0x1dea contiki-minimal-net.a(uip6.o)
 .debug_info    0x00000000000076b5     0x1395 contiki-minimal-net.a(uip-ds6.o)
 .debug_info    0x0000000000008a4a     0x11c9 contiki-minimal-net.a(uip-ds6-nbr.o)
 .debug_info    0x0000000000009c13     0x18cb contiki-minimal-net.a(uip-ds6-route.o)
 .debug_info    0x000000000000b4de      0xc32 contiki-minimal-net.a(uip-icmp6.o)
 .debug_info    0x000000000000c110     0x12e3 contiki-minimal-net.a(uip-nd6.o)
 .debug_info    0x000000000000d3f3     0x20ea contiki-minimal-net.a(resolv.o)
 .debug_info    0x000000000000f4dd     0x207d contiki-minimal-net.a(tcpip.o)
 .debug_info    0x000000000001155a      0x5ca contiki-minimal-net.a(uip-debug.o)
 .debug_info    0x0000000000011b24      0x5be contiki-minimal-net.a(uiplib.o)
 .debug_info    0x00000000000120e2      0x1aa contiki-minimal-net.a(uip-nameserver.)
 .debug_info    0x000000000001228c      0x76b contiki-minimal-net.a(uip-packetqueue)
 .debug_info    0x00000000000129f7      0x4aa contiki-minimal-net.a(uip-udp-packet.)
 .debug_info    0x0000000000012ea1      0x23e contiki-minimal-net.a(linkaddr.o)
 .debug_info    0x00000000000130df      0xe5a contiki-minimal-net.a(nbr-table.o)
 .debug_info    0x0000000000013f39      0x8f0 contiki-minimal-net.a(packetbuf.o)
 .debug_info    0x0000000000014829     0x120b contiki-minimal-net.a(rpl.o)
 .debug_info    0x0000000000015a34     0x2ddc contiki-minimal-net.a(rpl-dag.o)
 .debug_info    0x0000000000018810     0x211e contiki-minimal-net.a(rpl-icmp6.o)
 .debug_info    0x000000000001a92e     0x12fa contiki-minimal-net.a(rpl-timers.o)
 .debug_info    0x000000000001bc28      0xd4c contiki-minimal-net.a(rpl-mrhof.o)
 .debug_info    0x000000000001c974     0x1111 contiki-minimal-net.a(rpl-ext-header.)
 .debug_info    0x000000000001da85      0x1b5 contiki-minimal-net.a(stimer.o)
 .debug_info    0x000000000001dc3a      0x2ae contiki-minimal-net.a(memb.o)
 .debug_info    0x000000000001dee8       0xf6 contiki-minimal-net.a(random.o)

.debug_abbrev   0x0000000000000000     0x6988
 *(.debug_abbrev)
 .debug_abbrev  0x0000000000000000      0x33c udp-client.co
 .debug_abbrev  0x000000000000033c      0x40e contiki-minimal-net.a(contiki-main.o)
 .debug_abbrev  0x000000000000074a      0x103 contiki-minimal-net.a(clock.o)
 .debug_abbrev  0x000000000000084d      0x220 contiki-minimal-net.a(tapdev-drv.o)
 .debug_abbrev  0x0000000000000a6d      0x36f contiki-minimal-net.a(tapdev6.o)
 .debug_abbrev  0x0000000000000ddc      0x129 contiki-minimal-net.a(autostart.o)
 .debug_abbrev  0x0000000000000f05      0x215 contiki-minimal-net.a(ctimer.o)
 .debug_abbrev  0x000000000000111a      0x2da contiki-minimal-net.a(etimer.o)
 .debug_abbrev  0x00000000000013f4      0x336 contiki-minimal-net.a(process.o)
 .debug_abbrev  0x000000000000172a       0xf3 contiki-minimal-net.a(procinit.o)
 .debug_abbrev  0x000000000000181d       0xdf contiki-minimal-net.a(timer.o)
 .debug_abbrev  0x00000000000018fc      0x25e contiki-minimal-net.a(serial-line.o)
 .debug_abbrev  0x0000000000001b5a      0x18b contiki-minimal-net.a(list.o)
 .debug_abbrev  0x0000000000001ce5       0xea contiki-minimal-net.a(ringbuf.o)
 .debug_abbrev  0x0000000000001dcf      0x45e contiki-minimal-net.a(uip6.o)
 .debug_abbrev  0x000000000000222d      0x361 contiki-minimal-net.a(uip-ds6.o)
 .debug_abbrev  0x000000000000258e      0x30d contiki-minimal-net.a(uip-ds6-nbr.o)
 .debug_abbrev  0x000000000000289b      0x3c3 contiki-minimal-net.a(uip-ds6-route.o)
 .debug_abbrev  0x0000000000002c5e      0x420 contiki-minimal-net.a(uip-icmp6.o)
 .debug_abbrev  0x000000000000307e      0x3ea contiki-minimal-net.a(uip-nd6.o)
 .debug_abbrev  0x0000000000003468      0x504 contiki-minimal-net.a(resolv.o)
 .debug_abbrev  0x000000000000396c      0x51c contiki-minimal-net.a(tcpip.o)
 .debug_abbrev  0x0000000000003e88      0x1ba contiki-minimal-net.a(uip-debug.o)
 .debug_abbrev  0x0000000000004042      0x1b5 contiki-minimal-net.a(uiplib.o)
 .debug_abbrev  0x00000000000041f7       0xf2 contiki-minimal-net.a(uip-nameserver.)
 .debug_abbrev  0x00000000000042e9      0x222 contiki-minimal-net.a(uip-packetqueue)
 .debug_abbrev  0x000000000000450b      0x25b contiki-minimal-net.a(uip-udp-packet.)
 .debug_abbrev  0x0000000000004766      0x15a contiki-minimal-net.a(linkaddr.o)
 .debug_abbrev  0x00000000000048c0      0x33d contiki-minimal-net.a(nbr-table.o)
 .debug_abbrev  0x0000000000004bfd      0x316 contiki-minimal-net.a(packetbuf.o)
 .debug_abbrev  0x0000000000004f13      0x37b contiki-minimal-net.a(rpl.o)
 .debug_abbrev  0x000000000000528e      0x596 contiki-minimal-net.a(rpl-dag.o)
 .debug_abbrev  0x0000000000005824      0x49f contiki-minimal-net.a(rpl-icmp6.o)
 .debug_abbrev  0x0000000000005cc3      0x3a1 contiki-minimal-net.a(rpl-timers.o)
 .debug_abbrev  0x0000000000006064      0x25f contiki-minimal-net.a(rpl-mrhof.o)
 .debug_abbrev  0x00000000000062c3      0x3d9 contiki-minimal-net.a(rpl-ext-header.)
 .debug_abbrev  0x000000000000669c       0xc3 contiki-minimal-net.a(stimer.o)
 .debug_abbrev  0x000000000000675f      0x16b contiki-minimal-net.a(memb.o)
 .debug_abbrev  0x00000000000068ca       0xbe contiki-minimal-net.a(random.o)

.debug_line     0x0000000000000000     0x5fcf
 *(.debug_line .debug_line.* .debug_line_end)
 .debug_line    0x0000000000000000      0x2d8 udp-client.co
 .debug_line    0x00000000000002d8      0x3ae contiki-minimal-net.a(contiki-main.o)
 .debug_line    0x0000000000000686       0xde contiki-minimal-net.a(clock.o)
 .debug_line    0x0000000000000764      0x11b contiki-minimal-net.a(tapdev-drv.o)
 .debug_line    0x000000000000087f      0x2b9 contiki-minimal-net.a(tapdev6.o)
 .debug_line    0x0000000000000b38       0x99 contiki-minimal-net.a(autostart.o)
 .debug_line    0x0000000000000bd1      0x142 contiki-minimal-net.a(ctimer.o)
 .debug_line    0x0000000000000d13      0x15c contiki-minimal-net.a(etimer.o)
 .debug_line    0x0000000000000e6f      0x1c1 contiki-minimal-net.a(process.o)
 .debug_line    0x0000000000001030       0x8c contiki-minimal-net.a(procinit.o)
 .debug_line    0x00000000000010bc       0xb4 contiki-minimal-net.a(timer.o)
 .debug_line    0x0000000000001170       0xf9 contiki-minimal-net.a(serial-line.o)
 .debug_line    0x0000000000001269       0xe8 contiki-minimal-net.a(list.o)
 .debug_line    0x0000000000001351       0x9d contiki-minimal-net.a(ringbuf.o)
 .debug_line    0x00000000000013ee      0x7b7 contiki-minimal-net.a(uip6.o)
 .debug_line    0x0000000000001ba5      0x3f3 contiki-minimal-net.a(uip-ds6.o)
 .debug_line    0x0000000000001f98      0x2f7 contiki-minimal-net.a(uip-ds6-nbr.o)
 .debug_line    0x000000000000228f      0x3b8 contiki-minimal-net.a(uip-ds6-route.o)
 .debug_line    0x0000000000002647      0x33f contiki-minimal-net.a(uip-icmp6.o)
 .debug_line    0x0000000000002986      0x4df contiki-minimal-net.a(uip-nd6.o)
 .debug_line    0x0000000000002e65      0x66b contiki-minimal-net.a(resolv.o)
 .debug_line    0x00000000000034d0      0x3fa contiki-minimal-net.a(tcpip.o)
 .debug_line    0x00000000000038ca      0x176 contiki-minimal-net.a(uip-debug.o)
 .debug_line    0x0000000000003a40      0x198 contiki-minimal-net.a(uiplib.o)
 .debug_line    0x0000000000003bd8       0xae contiki-minimal-net.a(uip-nameserver.)
 .debug_line    0x0000000000003c86      0x1dc contiki-minimal-net.a(uip-packetqueue)
 .debug_line    0x0000000000003e62      0x161 contiki-minimal-net.a(uip-udp-packet.)
 .debug_line    0x0000000000003fc3      0x101 contiki-minimal-net.a(linkaddr.o)
 .debug_line    0x00000000000040c4      0x235 contiki-minimal-net.a(nbr-table.o)
 .debug_line    0x00000000000042f9      0x1df contiki-minimal-net.a(packetbuf.o)
 .debug_line    0x00000000000044d8      0x2f5 contiki-minimal-net.a(rpl.o)
 .debug_line    0x00000000000047cd      0x775 contiki-minimal-net.a(rpl-dag.o)
 .debug_line    0x0000000000004f42      0x586 contiki-minimal-net.a(rpl-icmp6.o)
 .debug_line    0x00000000000054c8      0x329 contiki-minimal-net.a(rpl-timers.o)
 .debug_line    0x00000000000057f1      0x280 contiki-minimal-net.a(rpl-mrhof.o)
 .debug_line    0x0000000000005a71      0x357 contiki-minimal-net.a(rpl-ext-header.)
 .debug_line    0x0000000000005dc8       0x8c contiki-minimal-net.a(stimer.o)
 .debug_line    0x0000000000005e54      0x116 contiki-minimal-net.a(memb.o)
 .debug_line    0x0000000000005f6a       0x65 contiki-minimal-net.a(random.o)

.debug_frame
 *(.debug_frame)

.debug_str      0x0000000000000000     0x4111
 *(.debug_str)
 .debug_str     0x0000000000000000      0x68d udp-client.co
                                        0x79e (size before relaxing)
 .debug_str     0x000000000000068d      0x2a0 contiki-minimal-net.a(contiki-main.o)
                                        0x81a (size before relaxing)
 .debug_str     0x000000000000092d       0x84 contiki-minimal-net.a(clock.o)
                                        0x1ea (size before relaxing)
 .debug_str     0x00000000000009b1       0xb7 contiki-minimal-net.a(tapdev-drv.o)
                                        0x29d (size before relaxing)
 .debug_str     0x0000000000000a68      0x320 contiki-minimal-net.a(tapdev6.o)
                                        0x78a (size before relaxing)
 .debug_str     0x0000000000000d88       0x37 contiki-minimal-net.a(autostart.o)
                                        0x1ad (size before relaxing)
 .debug_str     0x0000000000000dbf      0x10d contiki-minimal-net.a(ctimer.o)
                                        0x2f4 (size before relaxing)
 .debug_str     0x0000000000000ecc       0xbe contiki-minimal-net.a(etimer.o)
                                        0x333 (size before relaxing)
 .debug_str     0x0000000000000f8a      0x108 contiki-minimal-net.a(process.o)
                                        0x45f (size before relaxing)
 .debug_str     0x0000000000001092       0x1a contiki-minimal-net.a(procinit.o)
                                        0x17f (size before relaxing)
 .debug_str     0x00000000000010ac       0x17 contiki-minimal-net.a(timer.o)
                                        0x187 (size before relaxing)
 .debug_str     0x00000000000010c3       0xc2 contiki-minimal-net.a(serial-line.o)
                                        0x2bb (size before relaxing)
 .debug_str     0x0000000000001185       0x7f contiki-minimal-net.a(list.o)
                                        0x13b (size before relaxing)
 .debug_str     0x0000000000001204       0x37 contiki-minimal-net.a(ringbuf.o)
                                        0x18f (size before relaxing)
 .debug_str     0x000000000000123b      0x51b contiki-minimal-net.a(uip6.o)
                                        0xb98 (size before relaxing)
 .debug_str     0x0000000000001756      0x384 contiki-minimal-net.a(uip-ds6.o)
                                        0x91a (size before relaxing)
 .debug_str     0x0000000000001ada      0x59c contiki-minimal-net.a(uip-ds6-nbr.o)
                                        0xb02 (size before relaxing)
 .debug_str     0x0000000000002076      0x3c6 contiki-minimal-net.a(uip-ds6-route.o)
                                        0xb16 (size before relaxing)
 .debug_str     0x000000000000243c      0x241 contiki-minimal-net.a(uip-icmp6.o)
                                        0x67f (size before relaxing)
 .debug_str     0x000000000000267d      0x1cd contiki-minimal-net.a(uip-nd6.o)
                                        0x9df (size before relaxing)
 .debug_str     0x000000000000284a      0x444 contiki-minimal-net.a(resolv.o)
                                        0xc24 (size before relaxing)
 .debug_str     0x0000000000002c8e      0x3b5 contiki-minimal-net.a(tcpip.o)
                                        0xf35 (size before relaxing)
 .debug_str     0x0000000000003043       0x35 contiki-minimal-net.a(uip-debug.o)
                                        0x363 (size before relaxing)
 .debug_str     0x0000000000003078       0x53 contiki-minimal-net.a(uiplib.o)
                                        0x363 (size before relaxing)
 .debug_str     0x00000000000030cb       0x92 contiki-minimal-net.a(uip-nameserver.)
                                        0x1ed (size before relaxing)
 .debug_str     0x000000000000315d       0x6f contiki-minimal-net.a(uip-packetqueue)
                                        0x4d3 (size before relaxing)
 .debug_str     0x00000000000031cc       0x41 contiki-minimal-net.a(uip-udp-packet.)
                                        0x2df (size before relaxing)
 .debug_str     0x000000000000320d       0x5e contiki-minimal-net.a(linkaddr.o)
                                        0x1c4 (size before relaxing)
 .debug_str     0x000000000000326b      0x1c6 contiki-minimal-net.a(nbr-table.o)
                                        0x497 (size before relaxing)
 .debug_str     0x0000000000003431      0x21f contiki-minimal-net.a(packetbuf.o)
                                        0x5b3 (size before relaxing)
 .debug_str     0x0000000000003650      0x18d contiki-minimal-net.a(rpl.o)
                                        0xacd (size before relaxing)
 .debug_str     0x00000000000037dd      0x4b7 contiki-minimal-net.a(rpl-dag.o)
                                        0xf39 (size before relaxing)
 .debug_str     0x0000000000003c94      0x124 contiki-minimal-net.a(rpl-icmp6.o)
                                        0xf3f (size before relaxing)
 .debug_str     0x0000000000003db8       0xf2 contiki-minimal-net.a(rpl-timers.o)
                                        0xa05 (size before relaxing)
 .debug_str     0x0000000000003eaa       0xf9 contiki-minimal-net.a(rpl-mrhof.o)
                                        0x846 (size before relaxing)
 .debug_str     0x0000000000003fa3       0xbf contiki-minimal-net.a(rpl-ext-header.)
                                        0xb72 (size before relaxing)
 .debug_str     0x0000000000004062       0x43 contiki-minimal-net.a(stimer.o)
                                        0x18e (size before relaxing)
 .debug_str     0x00000000000040a5       0x3d contiki-minimal-net.a(memb.o)
                                        0x196 (size before relaxing)
 .debug_str     0x00000000000040e2       0x2f contiki-minimal-net.a(random.o)
                                        0x14a (size before relaxing)

.debug_loc      0x0000000000000000     0x70c5
 *(.debug_loc)
 .debug_loc     0x0000000000000000      0x24f udp-client.co
 .debug_loc     0x000000000000024f      0x27a contiki-minimal-net.a(contiki-main.o)
 .debug_loc     0x00000000000004c9       0x32 contiki-minimal-net.a(clock.o)
 .debug_loc     0x00000000000004fb       0x20 contiki-minimal-net.a(tapdev-drv.o)
 .debug_loc     0x000000000000051b      0x133 contiki-minimal-net.a(tapdev6.o)
 .debug_loc     0x000000000000064e       0x28 contiki-minimal-net.a(autostart.o)
 .debug_loc     0x0000000000000676       0xec contiki-minimal-net.a(ctimer.o)
 .debug_loc     0x0000000000000762      0x11f contiki-minimal-net.a(etimer.o)
 .debug_loc     0x0000000000000881      0x20f contiki-minimal-net.a(process.o)
 .debug_loc     0x0000000000000a90       0x26 contiki-minimal-net.a(timer.o)
 .debug_loc     0x0000000000000ab6       0x6e contiki-minimal-net.a(serial-line.o)
 .debug_loc     0x0000000000000b24      0x1e7 contiki-minimal-net.a(list.o)
 .debug_loc     0x0000000000000d0b       0x3e contiki-minimal-net.a(ringbuf.o)
 .debug_loc     0x0000000000000d49      0x8cf contiki-minimal-net.a(uip6.o)
 .debug_loc     0x0000000000001618      0x221 contiki-minimal-net.a(uip-ds6.o)
 .debug_loc     0x0000000000001839      0x1dd contiki-minimal-net.a(uip-ds6-nbr.o)
 .debug_loc     0x0000000000001a16      0x54d contiki-minimal-net.a(uip-ds6-route.o)
 .debug_loc     0x0000000000001f63      0x22a contiki-minimal-net.a(uip-icmp6.o)
 .debug_loc     0x000000000000218d      0x254 contiki-minimal-net.a(uip-nd6.o)
 .debug_loc     0x00000000000023e1     0x1050 contiki-minimal-net.a(resolv.o)
 .debug_loc     0x0000000000003431      0x427 contiki-minimal-net.a(tcpip.o)
 .debug_loc     0x0000000000003858      0x177 contiki-minimal-net.a(uip-debug.o)
 .debug_loc     0x00000000000039cf      0x452 contiki-minimal-net.a(uiplib.o)
 .debug_loc     0x0000000000003e21       0x1f contiki-minimal-net.a(uip-packetqueue)
 .debug_loc     0x0000000000003e40       0x81 contiki-minimal-net.a(uip-udp-packet.)
 .debug_loc     0x0000000000003ec1      0x6d6 contiki-minimal-net.a(nbr-table.o)
 .debug_loc     0x0000000000004597      0x1f5 contiki-minimal-net.a(packetbuf.o)
 .debug_loc     0x000000000000478c      0x114 contiki-minimal-net.a(rpl.o)
 .debug_loc     0x00000000000048a0     0x105b contiki-minimal-net.a(rpl-dag.o)
 .debug_loc     0x00000000000058fb      0xef3 contiki-minimal-net.a(rpl-icmp6.o)
 .debug_loc     0x00000000000067ee      0x356 contiki-minimal-net.a(rpl-timers.o)
 .debug_loc     0x0000000000006b44      0x1e1 contiki-minimal-net.a(rpl-mrhof.o)
 .debug_loc     0x0000000000006d25      0x13b contiki-minimal-net.a(rpl-ext-header.)
 .debug_loc     0x0000000000006e60      0x265 contiki-minimal-net.a(memb.o)

.debug_macinfo
 *(.debug_macinfo)

.debug_weaknames
 *(.debug_weaknames)

.debug_funcnames
 *(.debug_funcnames)

.debug_typenames
 *(.debug_typenames)

.debug_varnames
 *(.debug_varnames)

.debug_pubtypes
 *(.debug_pubtypes)

.debug_ranges   0x0000000000000000      0x510
 *(.debug_ranges)
 .debug_ranges  0x0000000000000000       0x60 udp-client.co
 .debug_ranges  0x0000000000000060       0x50 contiki-minimal-net.a(contiki-main.o)
 .debug_ranges  0x00000000000000b0       0xb0 contiki-minimal-net.a(uip6.o)
 .debug_ranges  0x0000000000000160       0x18 contiki-minimal-net.a(uip-ds6-nbr.o)
 .debug_ranges  0x0000000000000178       0x18 contiki-minimal-net.a(uip-ds6-route.o)
 .debug_ranges  0x0000000000000190       0x70 contiki-minimal-net.a(uip-icmp6.o)
 .debug_ranges  0x0000000000000200       0x60 contiki-minimal-net.a(uip-nd6.o)
 .debug_ranges  0x0000000000000260       0xc8 contiki-minimal-net.a(resolv.o)
 .debug_ranges  0x0000000000000328       0x18 contiki-minimal-net.a(tcpip.o)
 .debug_ranges  0x0000000000000340       0x18 contiki-minimal-net.a(uip-debug.o)
 .debug_ranges  0x0000000000000358       0x18 contiki-minimal-net.a(uiplib.o)
 .debug_ranges  0x0000000000000370       0x18 contiki-minimal-net.a(uip-udp-packet.)
 .debug_ranges  0x0000000000000388       0x58 contiki-minimal-net.a(nbr-table.o)
 .debug_ranges  0x00000000000003e0       0x98 contiki-minimal-net.a(rpl-dag.o)
 .debug_ranges  0x0000000000000478       0x68 contiki-minimal-net.a(rpl-icmp6.o)
 .debug_ranges  0x00000000000004e0       0x18 contiki-minimal-net.a(rpl-timers.o)
 .debug_ranges  0x00000000000004f8       0x18 contiki-minimal-net.a(rpl-ext-header.)

.debug_macro
 *(.debug_macro)

.gnu.attributes
 *(.gnu.attributes)

/DISCARD/
 *(.note.GNU-stack)
 *(.gnu_debuglink)
 *(.gnu.lto_*)
OUTPUT(udp-client.minimal-net elf32-i386)
