Archive member included because of file (symbol)

contiki-sm14z2538pa1.a(contiki-main.o)
                              obj_sm14z2538pa1/startup-gcc.o (main)
contiki-sm14z2538pa1.a(sensors.o)
                              contiki-sm14z2538pa1.a(contiki-main.o) (sensors_process)
contiki-sm14z2538pa1.a(smartrf-sensors)
                              contiki-sm14z2538pa1.a(sensors.o) (sensors_flags)
contiki-sm14z2538pa1.a(button-sensor.o)
                              contiki-sm14z2538pa1.a(contiki-main.o) (button_sensor_init)
contiki-sm14z2538pa1.a(als-sensor.o)
                              contiki-sm14z2538pa1.a(smartrf-sensors) (als_sensor)
contiki-sm14z2538pa1.a(clock.o)
                              contiki-sm14z2538pa1.a(contiki-main.o) (clock_init)
contiki-sm14z2538pa1.a(rtimer-arch.o)
                              contiki-sm14z2538pa1.a(clock.o) (rtimer_arch_now)
contiki-sm14z2538pa1.a(uart.o)
                              contiki-sm14z2538pa1.a(contiki-main.o) (uart_init)
contiki-sm14z2538pa1.a(watchdog.o)
                              contiki-sm14z2538pa1.a(contiki-main.o) (watchdog_init)
contiki-sm14z2538pa1.a(nvic.o)
                              contiki-sm14z2538pa1.a(contiki-main.o) (nvic_init)
contiki-sm14z2538pa1.a(cpu.o)
                              contiki-sm14z2538pa1.a(contiki-main.o) (cpu_cpsie)
contiki-sm14z2538pa1.a(sys-ctrl.o)
                              contiki-sm14z2538pa1.a(contiki-main.o) (sys_ctrl_init)
contiki-sm14z2538pa1.a(gpio.o)
                              contiki-sm14z2538pa1.a(button-sensor.o) (gpio_register_callback)
contiki-sm14z2538pa1.a(ioc.o)
                              contiki-sm14z2538pa1.a(contiki-main.o) (ioc_init)
contiki-sm14z2538pa1.a(adc.o)
                              contiki-sm14z2538pa1.a(contiki-main.o) (adc_init)
contiki-sm14z2538pa1.a(crypto.o)
                              obj_sm14z2538pa1/startup-gcc.o (crypto_isr)
contiki-sm14z2538pa1.a(cc2538-rf.o)
                              obj_sm14z2538pa1/startup-gcc.o (cc2538_rf_rx_tx_isr)
contiki-sm14z2538pa1.a(udma.o)
                              contiki-sm14z2538pa1.a(contiki-main.o) (udma_init)
contiki-sm14z2538pa1.a(lpm.o)
                              contiki-sm14z2538pa1.a(rtimer-arch.o) (lpm_exit)
contiki-sm14z2538pa1.a(dbg.o)
                              template.co (putchar)
contiki-sm14z2538pa1.a(ieee-addr.o)
                              contiki-sm14z2538pa1.a(contiki-main.o) (ieee_addr_cpy_to)
contiki-sm14z2538pa1.a(cc2538-temp-sen)
                              contiki-sm14z2538pa1.a(smartrf-sensors) (cc2538_temp_sensor)
contiki-sm14z2538pa1.a(vdd3-sensor.o)
                              contiki-sm14z2538pa1.a(smartrf-sensors) (vdd3_sensor)
contiki-sm14z2538pa1.a(dbg-printf.o)
                              template.co (printf)
contiki-sm14z2538pa1.a(dbg-sprintf.o)
                              template.co (sprintf)
contiki-sm14z2538pa1.a(strformat.o)
                              contiki-sm14z2538pa1.a(dbg-printf.o) (format_str_v)
contiki-sm14z2538pa1.a(autostart.o)
                              contiki-sm14z2538pa1.a(contiki-main.o) (autostart_start)
contiki-sm14z2538pa1.a(ctimer.o)
                              contiki-sm14z2538pa1.a(contiki-main.o) (ctimer_init)
contiki-sm14z2538pa1.a(energest.o)
                              contiki-sm14z2538pa1.a(contiki-main.o) (energest_init)
contiki-sm14z2538pa1.a(etimer.o)
                              contiki-sm14z2538pa1.a(clock.o) (etimer_request_poll)
contiki-sm14z2538pa1.a(process.o)
                              contiki-sm14z2538pa1.a(sensors.o) (process_alloc_event)
contiki-sm14z2538pa1.a(rtimer.o)
                              contiki-sm14z2538pa1.a(contiki-main.o) (rtimer_init)
contiki-sm14z2538pa1.a(timer.o)
                              contiki-sm14z2538pa1.a(button-sensor.o) (timer_set)
contiki-sm14z2538pa1.a(serial-line.o)
                              contiki-sm14z2538pa1.a(contiki-main.o) (serial_line_input_byte)
contiki-sm14z2538pa1.a(list.o)
                              contiki-sm14z2538pa1.a(ctimer.o) (list_init)
contiki-sm14z2538pa1.a(random.o)
                              contiki-sm14z2538pa1.a(contiki-main.o) (random_init)
contiki-sm14z2538pa1.a(ringbuf.o)
                              contiki-sm14z2538pa1.a(serial-line.o) (ringbuf_init)
contiki-sm14z2538pa1.a(sicslowpan.o)
                              contiki-sm14z2538pa1.a(contiki-main.o) (sicslowpan_driver)
contiki-sm14z2538pa1.a(uip6.o)
                              contiki-sm14z2538pa1.a(sicslowpan.o) (uip_aligned_buf)
contiki-sm14z2538pa1.a(uip-ds6.o)
                              contiki-sm14z2538pa1.a(uip6.o) (uip_ds6_is_addr_onlink)
contiki-sm14z2538pa1.a(uip-ds6-nbr.o)
                              contiki-sm14z2538pa1.a(uip-ds6.o) (uip_ds6_neighbors_init)
contiki-sm14z2538pa1.a(uip-ds6-route.o)
                              contiki-sm14z2538pa1.a(uip-ds6.o) (uip_ds6_route_init)
contiki-sm14z2538pa1.a(uip-icmp6.o)
[...]
Memory Configuration

Name             Origin             Length             Attributes
FLASH            0x00200000         0x0007ffd4         xr
FLASH_CCA        0x0027ffd4         0x0000002c         xr
SRAM             0x20000000         0x00008000         xrw
*default*        0x00000000         0xffffffff

Linker script and memory map

LOAD obj_sm14z2538pa1/startup-gcc.o
LOAD template.co
LOAD contiki-sm14z2538pa1.a
START GROUP
LOAD /usr/bin/../lib/gcc/arm-none-eabi/4.9.3/armv7-m/libgcc.a
LOAD /usr/bin/../lib/gcc/arm-none-eabi/4.9.3/../../../../arm-none-eabi/lib/armv7-m/libc.a
END GROUP

.text           0x00200000     0xbe46
                0x00200000                _text = .
 *(SORT(.vectors))
 .vectors       0x00200000      0x28c obj_sm14z2538pa1/startup-gcc.o
                0x00200000                vectors
 *(SORT(.text*))
 .text.reset_handler
                0x0020028c       0x40 obj_sm14z2538pa1/startup-gcc.o
                0x0020028c                reset_handler
 .text.process_thread_udp_client_process
                0x002002cc      0x250 template.co
 .text.startup.main
                0x0020051c      0x1dc contiki-sm14z2538pa1.a(contiki-main.o)
                0x0020051c                main
 .text.process_thread_sensors_process
                0x002006f8       0xd4 contiki-sm14z2538pa1.a(sensors.o)
 .text.sensors_changed
                0x002007cc       0x38 contiki-sm14z2538pa1.a(sensors.o)
                0x002007cc                sensors_changed
 .text.config_select
                0x00200804       0x30 contiki-sm14z2538pa1.a(button-sensor.o)
 .text.config_left
                0x00200834       0x30 contiki-sm14z2538pa1.a(button-sensor.o)
 .text.config_right
                0x00200864       0x30 contiki-sm14z2538pa1.a(button-sensor.o)
 .text.config_up
                0x00200894       0x30 contiki-sm14z2538pa1.a(button-sensor.o)
 .text.config_down
                0x002008c4       0x30 contiki-sm14z2538pa1.a(button-sensor.o)
 .text.btn_callback
                0x002008f4       0x64 contiki-sm14z2538pa1.a(button-sensor.o)
 .text.button_sensor_init
                0x00200958        0xc contiki-sm14z2538pa1.a(button-sensor.o)
                0x00200958                button_sensor_init
 .text.value    0x00200964       0x24 contiki-sm14z2538pa1.a(als-sensor.o)
 .text.configure
                0x00200988       0x54 contiki-sm14z2538pa1.a(als-sensor.o)
 .text.update_ticks
                0x002009dc       0x4c contiki-sm14z2538pa1.a(clock.o)
 .text.clock_init
                0x00200a28       0x50 contiki-sm14z2538pa1.a(clock.o)
                0x00200a28                clock_init
 .text.clock_time
                0x00200a78       0x14 contiki-sm14z2538pa1.a(clock.o)
                0x00200a78                clock_time
 .text.clock_seconds
                0x00200a8c       0x14 contiki-sm14z2538pa1.a(clock.o)
                0x00200a8c                clock_seconds
 .text.clock_delay_usec
                0x00200aa0       0x1c contiki-sm14z2538pa1.a(clock.o)
                0x00200aa0                clock_delay_usec
 .text.clock_adjust
                0x00200abc       0x20 contiki-sm14z2538pa1.a(clock.o)
                0x00200abc                clock_adjust
 .text.rtimer_arch_next_trigger
                0x00200adc        0xc contiki-sm14z2538pa1.a(rtimer-arch.o)
                0x00200adc                rtimer_arch_next_trigger
 .text.rtimer_arch_now
                0x00200ae8       0x2c contiki-sm14z2538pa1.a(rtimer-arch.o)
                0x00200ae8                rtimer_arch_now
 .text.rtimer_arch_schedule
                0x00200b14       0x58 contiki-sm14z2538pa1.a(rtimer-arch.o)
                0x00200b14                rtimer_arch_schedule
 .text.rtimer_isr
                0x00200b6c       0x24 contiki-sm14z2538pa1.a(rtimer-arch.o)
                0x00200b6c                rtimer_isr
 .text.permit_pm1
                0x00200b90       0x2c contiki-sm14z2538pa1.a(uart.o)
 .text.uart_isr
                0x00200bbc       0x64 contiki-sm14z2538pa1.a(uart.o)
 .text.uart_init
                0x00200c20      0x1ac contiki-sm14z2538pa1.a(uart.o)
                0x00200c20                uart_init
 .text.uart_set_input
                0x00200dcc       0x10 contiki-sm14z2538pa1.a(uart.o)
                0x00200dcc                uart_set_input
 .text.uart_write_byte
                0x00200ddc       0x1c contiki-sm14z2538pa1.a(uart.o)
                0x00200ddc                uart_write_byte
 .text.watchdog_init
                0x00200df8        0xc contiki-sm14z2538pa1.a(watchdog.o)
                0x00200df8                watchdog_init
 .text.watchdog_start
                0x00200e04        0xc contiki-sm14z2538pa1.a(watchdog.o)
                0x00200e04                watchdog_start
 .text.watchdog_periodic
                0x00200e10       0x10 contiki-sm14z2538pa1.a(watchdog.o)
                0x00200e10                watchdog_periodic
 .text.nvic_init
                0x00200e20       0x3c contiki-sm14z2538pa1.a(nvic.o)
                0x00200e20                nvic_init
 .text.nvic_interrupt_enable
                0x00200e5c       0x18 contiki-sm14z2538pa1.a(nvic.o)
                0x00200e5c                nvic_interrupt_enable
 .text.nvic_interrupt_disable
                0x00200e74       0x18 contiki-sm14z2538pa1.a(nvic.o)
                0x00200e74                nvic_interrupt_disable
 .text.nvic_interrupt_unpend
                0x00200e8c       0x18 contiki-sm14z2538pa1.a(nvic.o)
                0x00200e8c                nvic_interrupt_unpend
 .text.sys_ctrl_init
                0x00200ea4       0x28 contiki-sm14z2538pa1.a(sys-ctrl.o)
                0x00200ea4                sys_ctrl_init
 .text.gpio_register_callback
                0x00200ecc       0x10 contiki-sm14z2538pa1.a(gpio.o)
                0x00200ecc                gpio_register_callback
 .text.notify   0x00200edc       0x30 contiki-sm14z2538pa1.a(gpio.o)
                0x00200edc                notify
 .text.gpio_port_isr
                0x00200f0c       0x50 contiki-sm14z2538pa1.a(gpio.o)
 .text.gpio_init
                0x00200f5c       0x10 contiki-sm14z2538pa1.a(gpio.o)
                0x00200f5c                gpio_init
 .text.ioc_init
                0x00200f6c       0x1c contiki-sm14z2538pa1.a(ioc.o)
                0x00200f6c                ioc_init
 .text.ioc_set_over
                0x00200f88       0x14 contiki-sm14z2538pa1.a(ioc.o)
                0x00200f88                ioc_set_over
 .text.ioc_set_sel
                0x00200f9c       0x14 contiki-sm14z2538pa1.a(ioc.o)
                0x00200f9c                ioc_set_sel
 .text.adc_init
                0x00200fb0       0x10 contiki-sm14z2538pa1.a(adc.o)
                0x00200fb0                adc_init
 .text.adc_get  0x00200fc0       0x78 contiki-sm14z2538pa1.a(adc.o)
                0x00200fc0                adc_get
 .text.crypto_isr
                0x00201038       0x24 contiki-sm14z2538pa1.a(crypto.o)
                0x00201038                crypto_isr
 .text.on       0x0020105c       0x2c contiki-sm14z2538pa1.a(cc2538-rf.o)
 .text.off      0x00201088       0x38 contiki-sm14z2538pa1.a(cc2538-rf.o)
 .text.set_channel
                0x002010c0       0x48 contiki-sm14z2538pa1.a(cc2538-rf.o)
 .text.channel_clear
                0x00201108       0x3c contiki-sm14z2538pa1.a(cc2538-rf.o)
 .text.receiving_packet
                0x00201144       0x18 contiki-sm14z2538pa1.a(cc2538-rf.o)
 .text.pending_packet
                0x0020115c       0x10 contiki-sm14z2538pa1.a(cc2538-rf.o)
 .text.get_value
                0x0020116c      0x118 contiki-sm14z2538pa1.a(cc2538-rf.o)
 .text.prepare  0x00201284       0x64 contiki-sm14z2538pa1.a(cc2538-rf.o)
 .text.transmit
                0x002012e8       0x8c contiki-sm14z2538pa1.a(cc2538-rf.o)
 .text.set_frame_filtering
                0x00201374       0x18 contiki-sm14z2538pa1.a(cc2538-rf.o)
 .text.set_value
                0x0020138c       0xd4 contiki-sm14z2538pa1.a(cc2538-rf.o)
 .text.get_object
                0x00201460       0x30 contiki-sm14z2538pa1.a(cc2538-rf.o)
 .text.set_object
                0x00201490       0x30 contiki-sm14z2538pa1.a(cc2538-rf.o)
 .text.read     0x002014c0       0xc4 contiki-sm14z2538pa1.a(cc2538-rf.o)
 .text.init     0x00201584       0xf0 contiki-sm14z2538pa1.a(cc2538-rf.o)
 .text.process_thread_cc2538_rf_process
                0x00201674       0x70 contiki-sm14z2538pa1.a(cc2538-rf.o)
 .text.cc2538_rf_rx_tx_isr
                0x002016e4       0x18 contiki-sm14z2538pa1.a(cc2538-rf.o)
                0x002016e4                cc2538_rf_rx_tx_isr
 .text.cc2538_rf_err_isr
                0x002016fc       0x28 contiki-sm14z2538pa1.a(cc2538-rf.o)
                0x002016fc                cc2538_rf_err_isr
 .text.udma_init
                0x00201724       0x30 contiki-sm14z2538pa1.a(udma.o)
                0x00201724                udma_init
 .text.udma_set_channel_src
                0x00201754       0x10 contiki-sm14z2538pa1.a(udma.o)
                0x00201754                udma_set_channel_src
 .text.udma_set_channel_dst
                0x00201764       0x14 contiki-sm14z2538pa1.a(udma.o)
                0x00201764                udma_set_channel_dst
 .text.udma_set_channel_control_word
                0x00201778       0x14 contiki-sm14z2538pa1.a(udma.o)
                0x00201778                udma_set_channel_control_word
 .text.udma_channel_enable
                0x0020178c       0x18 contiki-sm14z2538pa1.a(udma.o)
                0x0020178c                udma_channel_enable
 .text.udma_channel_mask_set
                0x002017a4       0x18 contiki-sm14z2538pa1.a(udma.o)
                0x002017a4                udma_channel_mask_set
 .text.udma_channel_sw_request
                0x002017bc       0x18 contiki-sm14z2538pa1.a(udma.o)
                0x002017bc                udma_channel_sw_request
 .text.udma_channel_get_mode
                0x002017d4       0x1c contiki-sm14z2538pa1.a(udma.o)
                0x002017d4                udma_channel_get_mode
 .text.udma_isr
                0x002017f0       0x10 contiki-sm14z2538pa1.a(udma.o)
                0x002017f0                udma_isr
 .text.udma_err_isr
                0x00201800        0xc contiki-sm14z2538pa1.a(udma.o)
                0x00201800                udma_err_isr
 .text.select_32_mhz_xosc
                0x0020180c       0x2c contiki-sm14z2538pa1.a(lpm.o)
 .text.lpm_exit
                0x00201838       0x34 contiki-sm14z2538pa1.a(lpm.o)
                0x00201838                lpm_exit
 .text.lpm_enter
                0x0020186c       0xb0 contiki-sm14z2538pa1.a(lpm.o)
                0x0020186c                lpm_enter
 .text.lpm_register_peripheral
                0x0020191c       0x20 contiki-sm14z2538pa1.a(lpm.o)
                0x0020191c                lpm_register_peripheral
 .text.lpm_init
                0x0020193c       0x24 contiki-sm14z2538pa1.a(lpm.o)
                0x0020193c                lpm_init
 .text.ieee_addr_cpy_to
                0x00201960       0x74 contiki-sm14z2538pa1.a(ieee-addr.o)
                0x00201960                ieee_addr_cpy_to
 .text.printf   0x002019d4       0x20 contiki-sm14z2538pa1.a(dbg-printf.o)
                0x002019d4                printf
 .text.sprintf  0x002019f4       0x30 contiki-sm14z2538pa1.a(dbg-sprintf.o)
                0x002019f4                sprintf
 .text.fill_space
                0x00201a24       0x34 contiki-sm14z2538pa1.a(strformat.o)
 .text.format_str_v
                0x00201a58      0x6e8 contiki-sm14z2538pa1.a(strformat.o)
                0x00201a58                format_str_v
 .text.process_thread_ctimer_process
                0x00202140       0x80 contiki-sm14z2538pa1.a(ctimer.o)
 .text.ctimer_init
                0x002021c0       0x28 contiki-sm14z2538pa1.a(ctimer.o)
                0x002021c0                ctimer_init
 .text.ctimer_set
                0x002021e8       0x40 contiki-sm14z2538pa1.a(ctimer.o)
                0x002021e8                ctimer_set
 .text.ctimer_reset
                0x00202228       0x38 contiki-sm14z2538pa1.a(ctimer.o)
                0x00202228                ctimer_reset
 .text.ctimer_stop
                0x00202260       0x2c contiki-sm14z2538pa1.a(ctimer.o)
                0x00202260                ctimer_stop
 .text.update_time
                0x0020228c       0x44 contiki-sm14z2538pa1.a(etimer.o)
 .text.etimer_request_poll
                0x002022d0        0xc contiki-sm14z2538pa1.a(etimer.o)
                0x002022d0                etimer_request_poll
 .text.process_thread_etimer_process
                0x002022dc       0x94 contiki-sm14z2538pa1.a(etimer.o)
 .text.add_timer
                0x00202370       0x40 contiki-sm14z2538pa1.a(etimer.o)
 .text.etimer_pending
                0x002023b0       0x10 contiki-sm14z2538pa1.a(etimer.o)
                0x002023b0                etimer_pending
 .text.etimer_stop
                0x002023c0       0x34 contiki-sm14z2538pa1.a(etimer.o)
                0x002023c0                etimer_stop
 .text.call_process.part.0
                0x002023f4       0x38 contiki-sm14z2538pa1.a(process.o)
 .text.exit_process
                0x0020242c       0x80 contiki-sm14z2538pa1.a(process.o)
 .text.do_poll  0x002024ac       0x30 contiki-sm14z2538pa1.a(process.o)
 .text.process_alloc_event
                0x002024dc       0x10 contiki-sm14z2538pa1.a(process.o)
                0x002024dc                process_alloc_event
 .text.process_exit
                0x002024ec        0xc contiki-sm14z2538pa1.a(process.o)
                0x002024ec                process_exit
 .text.process_init
                0x002024f8       0x30 contiki-sm14z2538pa1.a(process.o)
                0x002024f8                process_init
 .text.process_run
                0x00202528       0xb0 contiki-sm14z2538pa1.a(process.o)
                0x00202528                process_run
 .text.process_nevents
                0x002025d8       0x14 contiki-sm14z2538pa1.a(process.o)
                0x002025d8                process_nevents
 .text.process_post
                0x002025ec       0x44 contiki-sm14z2538pa1.a(process.o)
                0x002025ec                process_post
 .text.process_post_synch
                0x00202630       0x14 contiki-sm14z2538pa1.a(process.o)
                0x00202630                process_post_synch
 .text.process_start
                0x00202644       0x30 contiki-sm14z2538pa1.a(process.o)
                0x00202644                process_start
 .text.process_poll
                0x00202674       0x18 contiki-sm14z2538pa1.a(process.o)
                0x00202674                process_poll
 .text.rtimer_set
                0x0020268c       0x24 contiki-sm14z2538pa1.a(rtimer.o)
                0x0020268c                rtimer_set
 .text.rtimer_run_next
                0x002026b0       0x28 contiki-sm14z2538pa1.a(rtimer.o)
                0x002026b0                rtimer_run_next
 .text.process_thread_serial_line_process
                0x002026d8       0x98 contiki-sm14z2538pa1.a(serial-line.o)
 .text.serial_line_input_byte
                0x00202770       0x44 contiki-sm14z2538pa1.a(serial-line.o)
                0x00202770                serial_line_input_byte
 .text.serial_line_init
                0x002027b4       0x24 contiki-sm14z2538pa1.a(serial-line.o)
                0x002027b4                serial_line_init
 .text.random_rand
                0x002027d8       0x20 contiki-sm14z2538pa1.a(random.o)
                0x002027d8                random_rand
 .text.random_init
                0x002027f8       0x78 contiki-sm14z2538pa1.a(random.o)
                0x002027f8                random_init
 .text.sicslowpan_init
                0x00202870       0x24 contiki-sm14z2538pa1.a(sicslowpan.o)
                0x00202870                sicslowpan_init
 .text.set_packet_attrs
                0x00202894       0x44 contiki-sm14z2538pa1.a(sicslowpan.o)
 .text.compress_addr_64
                0x002028d8       0x90 contiki-sm14z2538pa1.a(sicslowpan.o)
 .text.addr_context_lookup_by_prefix
                0x00202968       0x28 contiki-sm14z2538pa1.a(sicslowpan.o)
 .text.send_packet
                0x00202990       0x24 contiki-sm14z2538pa1.a(sicslowpan.o)
 .text.packet_sent
                0x002029b4       0x28 contiki-sm14z2538pa1.a(sicslowpan.o)
 .text.uncompress_addr
                0x002029dc       0xa4 contiki-sm14z2538pa1.a(sicslowpan.o)
 .text.output   0x00202a80      0x6c0 contiki-sm14z2538pa1.a(sicslowpan.o)
 .text.input    0x00203140      0x5f8 contiki-sm14z2538pa1.a(sicslowpan.o)
 .text.upper_layer_chksum
                0x00203738       0x54 contiki-sm14z2538pa1.a(uip6.o)
 .text.ext_hdr_options_process
                0x0020378c       0xb0 contiki-sm14z2538pa1.a(uip6.o)
 .text.uip_add32
                0x0020383c       0x54 contiki-sm14z2538pa1.a(uip6.o)
                0x0020383c                uip_add32
 .text.unlikely.uip_add_rcv_nxt
                0x00203890       0x2c contiki-sm14z2538pa1.a(uip6.o)
 .text.uip_init
                0x002038bc       0x6c contiki-sm14z2538pa1.a(uip6.o)
                0x002038bc                uip_init
 .text.remove_ext_hdr
                0x00203928       0x60 contiki-sm14z2538pa1.a(uip6.o)
                0x00203928                remove_ext_hdr
 .text.uip_udp_new
                0x00203988       0xb0 contiki-sm14z2538pa1.a(uip6.o)
                0x00203988                uip_udp_new
 .text.uip_unlisten
                0x00203a38       0x34 contiki-sm14z2538pa1.a(uip6.o)
                0x00203a38                uip_unlisten
 .text.uip_process
                0x00203a6c      0xdbc contiki-sm14z2538pa1.a(uip6.o)
                0x00203a6c                uip_process
 .text.uip_ds6_prefix_add
                0x00204828       0x64 contiki-sm14z2538pa1.a(uip-ds6.o)
                0x00204828                uip_ds6_prefix_add
 .text.uip_ds6_is_addr_onlink
                0x0020488c       0x40 contiki-sm14z2538pa1.a(uip-ds6.o)
                0x0020488c                uip_ds6_is_addr_onlink
 .text.uip_ds6_addr_lookup
                0x002048cc       0x2c contiki-sm14z2538pa1.a(uip-ds6.o)
                0x002048cc                uip_ds6_addr_lookup
 .text.uip_ds6_get_link_local
                0x002048f8       0x40 contiki-sm14z2538pa1.a(uip-ds6.o)
                0x002048f8                uip_ds6_get_link_local
 .text.uip_ds6_maddr_add
                0x00204938       0x4c contiki-sm14z2538pa1.a(uip-ds6.o)
                0x00204938                uip_ds6_maddr_add
 .text.uip_ds6_addr_add
                0x00204984       0x94 contiki-sm14z2538pa1.a(uip-ds6.o)
                0x00204984                uip_ds6_addr_add
 .text.uip_ds6_maddr_lookup
                0x00204a18       0x2c contiki-sm14z2538pa1.a(uip-ds6.o)
                0x00204a18                uip_ds6_maddr_lookup
 .text.uip_ds6_addr_rm
                0x00204a44       0x44 contiki-sm14z2538pa1.a(uip-ds6.o)
                0x00204a44                uip_ds6_addr_rm
 .text.uip_ds6_periodic
                0x00204a88       0x50 contiki-sm14z2538pa1.a(uip-ds6.o)
                0x00204a88                uip_ds6_periodic
 .text.uip_ds6_select_src
                0x00204ad8       0x94 contiki-sm14z2538pa1.a(uip-ds6.o)
                0x00204ad8                uip_ds6_select_src
 .text.uip_ds6_compute_reachable_time
                0x00204b6c       0x28 contiki-sm14z2538pa1.a(uip-ds6.o)
                0x00204b6c                uip_ds6_compute_reachable_time
 .text.uip_ds6_init
                0x00204b94       0xe0 contiki-sm14z2538pa1.a(uip-ds6.o)
                0x00204b94                uip_ds6_init
 .text.uip_ds6_nbr_rm
                0x00204c74       0x20 contiki-sm14z2538pa1.a(uip-ds6-nbr.o)
                0x00204c74                uip_ds6_nbr_rm
 .text.uip_ds6_neighbors_init
                0x00204c94       0x14 contiki-sm14z2538pa1.a(uip-ds6-nbr.o)
                0x00204c94                uip_ds6_neighbors_init
 .text.uip_ds6_nbr_add
                0x00204ca8       0x60 contiki-sm14z2538pa1.a(uip-ds6-nbr.o)
                0x00204ca8                uip_ds6_nbr_add
 .text.uip_ds6_nbr_get_ll
                0x00204d08       0x10 contiki-sm14z2538pa1.a(uip-ds6-nbr.o)
                0x00204d08                uip_ds6_nbr_get_ll
 .text.uip_ds6_nbr_lookup
                0x00204d18       0x38 contiki-sm14z2538pa1.a(uip-ds6-nbr.o)
                0x00204d18                uip_ds6_nbr_lookup
 .text.uip_ds6_nbr_ll_lookup
                0x00204d50       0x10 contiki-sm14z2538pa1.a(uip-ds6-nbr.o)
                0x00204d50                uip_ds6_nbr_ll_lookup
 .text.uip_ds6_link_neighbor_callback
                0x00204d60       0x2c contiki-sm14z2538pa1.a(uip-ds6-nbr.o)
                0x00204d60                uip_ds6_link_neighbor_callback
 .text.uip_ds6_neighbor_periodic
                0x00204d8c      0x10c contiki-sm14z2538pa1.a(uip-ds6-nbr.o)
                0x00204d8c                uip_ds6_neighbor_periodic
 .text.call_route_callback
                0x00204e98       0x48 contiki-sm14z2538pa1.a(uip-ds6-route.o)
 .text.uip_ds6_route_init
                0x00204ee0       0x48 contiki-sm14z2538pa1.a(uip-ds6-route.o)
                0x00204ee0                uip_ds6_route_init
 .text.uip_ds6_route_nexthop
                0x00204f28       0x1c contiki-sm14z2538pa1.a(uip-ds6-route.o)
                0x00204f28                uip_ds6_route_nexthop
 .text.uip_ds6_route_head
                0x00204f44        0xc contiki-sm14z2538pa1.a(uip-ds6-route.o)
                0x00204f44                uip_ds6_route_head
 .text.uip_ds6_route_lookup
                0x00204f50       0x64 contiki-sm14z2538pa1.a(uip-ds6-route.o)
                0x00204f50                uip_ds6_route_lookup
 .text.uip_ds6_route_rm
                0x00204fb4       0x9c contiki-sm14z2538pa1.a(uip-ds6-route.o)
                0x00204fb4                uip_ds6_route_rm
 .text.rm_routelist
                0x00205050       0x2c contiki-sm14z2538pa1.a(uip-ds6-route.o)
 .text.uip_ds6_route_add
                0x0020507c       0xfc contiki-sm14z2538pa1.a(uip-ds6-route.o)
                0x0020507c                uip_ds6_route_add
 .text.uip_ds6_defrt_rm
                0x00205178       0x44 contiki-sm14z2538pa1.a(uip-ds6-route.o)
                0x00205178                uip_ds6_defrt_rm
 .text.uip_ds6_defrt_lookup
                0x002051bc       0x2c contiki-sm14z2538pa1.a(uip-ds6-route.o)
                0x002051bc                uip_ds6_defrt_lookup
 .text.uip_ds6_defrt_add
                0x002051e8       0x64 contiki-sm14z2538pa1.a(uip-ds6-route.o)
                0x002051e8                uip_ds6_defrt_add
 .text.uip_ds6_defrt_choose
                0x0020524c       0x30 contiki-sm14z2538pa1.a(uip-ds6-route.o)
                0x0020524c                uip_ds6_defrt_choose
 .text.uip_ds6_defrt_periodic
                0x0020527c       0x30 contiki-sm14z2538pa1.a(uip-ds6-route.o)
                0x0020527c                uip_ds6_defrt_periodic
 .text.echo_reply_input
                0x002052ac       0xe4 contiki-sm14z2538pa1.a(uip-icmp6.o)
 .text.echo_request_input
                0x00205390      0x100 contiki-sm14z2538pa1.a(uip-icmp6.o)
 .text.uip_icmp6_input
                0x00205490       0x38 contiki-sm14z2538pa1.a(uip-icmp6.o)
                0x00205490                uip_icmp6_input
 .text.uip_icmp6_register_input_handler
                0x002054c8        0xc contiki-sm14z2538pa1.a(uip-icmp6.o)
                0x002054c8                uip_icmp6_register_input_handler
 .text.uip_icmp6_error_output
                0x002054d4      0x144 contiki-sm14z2538pa1.a(uip-icmp6.o)
                0x002054d4                uip_icmp6_error_output
 .text.uip_icmp6_send
                0x00205618       0x8c contiki-sm14z2538pa1.a(uip-icmp6.o)
                0x00205618                uip_icmp6_send
 .text.uip_icmp6_init
                0x002056a4       0x1c contiki-sm14z2538pa1.a(uip-icmp6.o)
                0x002056a4                uip_icmp6_init
 .text.na_input
                0x002056c0      0x1c8 contiki-sm14z2538pa1.a(uip-nd6.o)
 .text.ns_input
                0x00205888      0x254 contiki-sm14z2538pa1.a(uip-nd6.o)
 .text.uip_nd6_ns_output
                0x00205adc      0x164 contiki-sm14z2538pa1.a(uip-nd6.o)
                0x00205adc                uip_nd6_ns_output
 .text.uip_nd6_init
                0x00205c40       0x1c contiki-sm14z2538pa1.a(uip-nd6.o)
                0x00205c40                uip_nd6_init
 .text.dns_name_isequal
                0x00205c5c       0x90 contiki-sm14z2538pa1.a(resolv.o)
 .text.mdns_write_announce_records
                0x00205cec       0x88 contiki-sm14z2538pa1.a(resolv.o)
 .text.mdns_prep_host_announce_packet
                0x00205d74       0x78 contiki-sm14z2538pa1.a(resolv.o)
 .text.start_name_collision_check
                0x00205dec       0x20 contiki-sm14z2538pa1.a(resolv.o)
 .text.remove_trailing_dots
                0x00205e0c       0x40 contiki-sm14z2538pa1.a(resolv.o)
 .text.resolv_found
                0x00205e4c       0xd0 contiki-sm14z2538pa1.a(resolv.o)
 .text.resolv_set_hostname
                0x00205f1c       0x40 contiki-sm14z2538pa1.a(resolv.o)
                0x00205f1c                resolv_set_hostname
 .text.process_thread_resolv_process
                0x00205f5c      0x6d0 contiki-sm14z2538pa1.a(resolv.o)
 .text.resolv_query
                0x0020662c      0x144 contiki-sm14z2538pa1.a(resolv.o)
                0x0020662c                resolv_query
 .text.process_thread_mdns_probe_process
                0x00206770       0xac contiki-sm14z2538pa1.a(resolv.o)
 .text.resolv_lookup
                0x0020681c       0x88 contiki-sm14z2538pa1.a(resolv.o)
                0x0020681c                resolv_lookup
 .text.start_periodic_tcp_timer
                0x002068a4       0x1c contiki-sm14z2538pa1.a(tcpip.o)
 .text.tcpip_output
                0x002068c0       0x10 contiki-sm14z2538pa1.a(tcpip.o)
                0x002068c0                tcpip_output
 .text.tcpip_set_outputfunc
                0x002068d0        0xc contiki-sm14z2538pa1.a(tcpip.o)
                0x002068d0                tcpip_set_outputfunc
 .text.udp_new  0x002068dc       0x18 contiki-sm14z2538pa1.a(tcpip.o)
                0x002068dc                udp_new
 .text.tcpip_icmp6_call
                0x002068f4       0x28 contiki-sm14z2538pa1.a(tcpip.o)
                0x002068f4                tcpip_icmp6_call
 .text.tcpip_input
                0x0020691c       0x24 contiki-sm14z2538pa1.a(tcpip.o)
                0x0020691c                tcpip_input
 .text.tcpip_ipv6_output
                0x00206940      0x120 contiki-sm14z2538pa1.a(tcpip.o)
                0x00206940                tcpip_ipv6_output
 .text.process_thread_tcpip_process
                0x00206a60      0x1e0 contiki-sm14z2538pa1.a(tcpip.o)
 .text.tcpip_poll_udp
                0x00206c40       0x10 contiki-sm14z2538pa1.a(tcpip.o)
                0x00206c40                tcpip_poll_udp
 .text.tcpip_uipcall
                0x00206c50       0x7c contiki-sm14z2538pa1.a(tcpip.o)
                0x00206c50                tcpip_uipcall
 .text.uip_debug_ipaddr_print
                0x00206ccc       0x64 contiki-sm14z2538pa1.a(uip-debug.o)
                0x00206ccc                uip_debug_ipaddr_print
 .text.uip_nameserver_get
                0x00206d30       0x10 contiki-sm14z2538pa1.a(uip-nameserver.)
                0x00206d30                uip_nameserver_get
 .text.uip_udp_packet_send
                0x00206d40       0x38 contiki-sm14z2538pa1.a(uip-udp-packet.)
                0x00206d40                uip_udp_packet_send
 .text.index_from_key
                0x00206d78       0x20 contiki-sm14z2538pa1.a(nbr-table.o)
 .text.index_from_lladdr
                0x00206d98       0x40 contiki-sm14z2538pa1.a(nbr-table.o)
 .text.key_from_item
                0x00206dd8       0x2c contiki-sm14z2538pa1.a(nbr-table.o)
 .text.nbr_get_bit.constprop.0
                0x00206e04       0x30 contiki-sm14z2538pa1.a(nbr-table.o)
 .text.nbr_table_register
                0x00206e34       0x28 contiki-sm14z2538pa1.a(nbr-table.o)
                0x00206e34                nbr_table_register
 .text.nbr_table_head
                0x00206e5c       0x34 contiki-sm14z2538pa1.a(nbr-table.o)
                0x00206e5c                nbr_table_head
 .text.nbr_table_add_lladdr
                0x00206e90      0x11c contiki-sm14z2538pa1.a(nbr-table.o)
                0x00206e90                nbr_table_add_lladdr
 .text.nbr_table_remove
                0x00206fac       0x2c contiki-sm14z2538pa1.a(nbr-table.o)
                0x00206fac                nbr_table_remove
 .text.nbr_table_lock
                0x00206fd8       0x14 contiki-sm14z2538pa1.a(nbr-table.o)
                0x00206fd8                nbr_table_lock
 .text.nbr_table_unlock
                0x00206fec       0x14 contiki-sm14z2538pa1.a(nbr-table.o)
                0x00206fec                nbr_table_unlock
 .text.netstack_init
                0x00207000       0x30 contiki-sm14z2538pa1.a(netstack.o)
                0x00207000                netstack_init
 .text.packetbuf_compact
                0x00207030       0x34 contiki-sm14z2538pa1.a(packetbuf.o)
                0x00207030                packetbuf_compact
 .text.packetbuf_copyto
                0x00207064       0x50 contiki-sm14z2538pa1.a(packetbuf.o)
                0x00207064                packetbuf_copyto
 .text.packetbuf_hdrreduce
                0x002070b4       0x2c contiki-sm14z2538pa1.a(packetbuf.o)
                0x002070b4                packetbuf_hdrreduce
 .text.packetbuf_set_datalen
                0x002070e0        0xc contiki-sm14z2538pa1.a(packetbuf.o)
                0x002070e0                packetbuf_set_datalen
 .text.packetbuf_dataptr
                0x002070ec       0x14 contiki-sm14z2538pa1.a(packetbuf.o)
                0x002070ec                packetbuf_dataptr
 .text.packetbuf_hdrptr
                0x00207100       0x14 contiki-sm14z2538pa1.a(packetbuf.o)
                0x00207100                packetbuf_hdrptr
 .text.packetbuf_datalen
                0x00207114        0xc contiki-sm14z2538pa1.a(packetbuf.o)
                0x00207114                packetbuf_datalen
 .text.packetbuf_hdrlen
                0x00207120       0x1c contiki-sm14z2538pa1.a(packetbuf.o)
                0x00207120                packetbuf_hdrlen
 .text.packetbuf_totlen
                0x0020713c       0x14 contiki-sm14z2538pa1.a(packetbuf.o)
                0x0020713c                packetbuf_totlen
 .text.packetbuf_hdralloc
                0x00207150       0x28 contiki-sm14z2538pa1.a(packetbuf.o)
                0x00207150                packetbuf_hdralloc
 .text.packetbuf_attr_clear
                0x00207178       0x38 contiki-sm14z2538pa1.a(packetbuf.o)
                0x00207178                packetbuf_attr_clear
 .text.packetbuf_clear
                0x002071b0       0x30 contiki-sm14z2538pa1.a(packetbuf.o)
                0x002071b0                packetbuf_clear
 .text.packetbuf_copyfrom
                0x002071e0       0x2c contiki-sm14z2538pa1.a(packetbuf.o)
                0x002071e0                packetbuf_copyfrom
 .text.packetbuf_attr_copyto
                0x0020720c       0x34 contiki-sm14z2538pa1.a(packetbuf.o)
                0x0020720c                packetbuf_attr_copyto
 .text.packetbuf_attr_copyfrom
                0x00207240       0x34 contiki-sm14z2538pa1.a(packetbuf.o)
                0x00207240                packetbuf_attr_copyfrom
 .text.packetbuf_set_attr
                0x00207274       0x10 contiki-sm14z2538pa1.a(packetbuf.o)
                0x00207274                packetbuf_set_attr
 .text.packetbuf_attr
                0x00207284        0xc contiki-sm14z2538pa1.a(packetbuf.o)
                0x00207284                packetbuf_attr
 .text.packetbuf_set_addr
                0x00207290       0x18 contiki-sm14z2538pa1.a(packetbuf.o)
                0x00207290                packetbuf_set_addr
 .text.packetbuf_addr
                0x002072a8       0x10 contiki-sm14z2538pa1.a(packetbuf.o)
                0x002072a8                packetbuf_addr
 .text.packetbuf_holds_broadcast
                0x002072b8       0x10 contiki-sm14z2538pa1.a(packetbuf.o)
                0x002072b8                packetbuf_holds_broadcast
 .text.queuebuf_init
                0x002072c8       0x1c contiki-sm14z2538pa1.a(queuebuf.o)
                0x002072c8                queuebuf_init
 .text.queuebuf_numfree
                0x002072e4        0xc contiki-sm14z2538pa1.a(queuebuf.o)
                0x002072e4                queuebuf_numfree
 .text.queuebuf_new_from_packetbuf
                0x002072f0       0x44 contiki-sm14z2538pa1.a(queuebuf.o)
                0x002072f0                queuebuf_new_from_packetbuf
 .text.queuebuf_free
                0x00207334       0x2c contiki-sm14z2538pa1.a(queuebuf.o)
                0x00207334                queuebuf_free
 .text.queuebuf_to_packetbuf
                0x00207360       0x30 contiki-sm14z2538pa1.a(queuebuf.o)
                0x00207360                queuebuf_to_packetbuf
 .text.init     0x00207390       0x40 contiki-sm14z2538pa1.a(contikimac.o)
 .text.on       0x002073d0       0x2c contiki-sm14z2538pa1.a(contikimac.o)
 .text.off      0x002073fc       0x38 contiki-sm14z2538pa1.a(contikimac.o)
 .text.recv_burst_off
                0x00207434       0x14 contiki-sm14z2538pa1.a(contikimac.o)
 .text.powercycle_turn_radio_off
                0x00207448       0x1c contiki-sm14z2538pa1.a(contikimac.o)
 .text.turn_off
                0x00207464       0x38 contiki-sm14z2538pa1.a(contikimac.o)
 .text.turn_on  0x0020749c       0x40 contiki-sm14z2538pa1.a(contikimac.o)
 .text.schedule_powercycle_fixed
                0x002074dc       0x38 contiki-sm14z2538pa1.a(contikimac.o)
 .text.input_packet
                0x00207514       0xa8 contiki-sm14z2538pa1.a(contikimac.o)
 .text.send_packet.isra.7
                0x002075bc      0x1f8 contiki-sm14z2538pa1.a(contikimac.o)
 .text.qsend_list
                0x002077b4       0xc0 contiki-sm14z2538pa1.a(contikimac.o)
 .text.powercycle
                0x00207874      0x20c contiki-sm14z2538pa1.a(contikimac.o)
 .text.input_packet
                0x00207a80        0xc contiki-sm14z2538pa1.a(csma.o)
 .text.on       0x00207a8c        0xc contiki-sm14z2538pa1.a(csma.o)
 .text.off      0x00207a98        0xc contiki-sm14z2538pa1.a(csma.o)
 .text.channel_check_interval
                0x00207aa4       0x10 contiki-sm14z2538pa1.a(csma.o)
 .text.transmit_packet_list
                0x00207ab4       0x30 contiki-sm14z2538pa1.a(csma.o)
 .text.send_packet
                0x00207ae4      0x148 contiki-sm14z2538pa1.a(csma.o)
 .text.init     0x00207c2c       0x24 contiki-sm14z2538pa1.a(csma.o)
 .text.free_packet
                0x00207c50       0x90 contiki-sm14z2538pa1.a(csma.o)
 .text.packet_sent
                0x00207ce0       0xf8 contiki-sm14z2538pa1.a(csma.o)
 .text.create_frame.isra.0
                0x00207dd8      0x110 contiki-sm14z2538pa1.a(framer-802154.o)
 .text.framer_canonical_create_and_secure
                0x00207ee8       0x30 contiki-sm14z2538pa1.a(framer.o)
                0x00207ee8                framer_canonical_create_and_secure
 .text.mac_sequence_is_duplicate
                0x00207f18       0x38 contiki-sm14z2538pa1.a(mac-sequence.o)
                0x00207f18                mac_sequence_is_duplicate
 .text.mac_sequence_register_seqno
                0x00207f50       0x64 contiki-sm14z2538pa1.a(mac-sequence.o)
                0x00207f50                mac_sequence_register_seqno
 .text.input    0x00207fb4        0xc contiki-sm14z2538pa1.a(nullsec.o)
 .text.send     0x00207fc0       0x20 contiki-sm14z2538pa1.a(nullsec.o)
 .text.netstack_aes_set_key
                0x00207fe0       0x24 contiki-sm14z2538pa1.a(netstack-aes.o)
                0x00207fe0                netstack_aes_set_key
 .text.rpl_get_mode
                0x00208004        0xc contiki-sm14z2538pa1.a(rpl.o)
                0x00208004                rpl_get_mode
 .text.rpl_purge_routes
                0x00208010       0x64 contiki-sm14z2538pa1.a(rpl.o)
                0x00208010                rpl_purge_routes
 .text.rpl_link_neighbor_callback
                0x00208074       0x70 contiki-sm14z2538pa1.a(rpl.o)
                0x00208074                rpl_link_neighbor_callback
 .text.rpl_ipv6_neighbor_callback
                0x002080e4       0x28 contiki-sm14z2538pa1.a(rpl.o)
                0x002080e4                rpl_ipv6_neighbor_callback
 .text.rpl_init
                0x0020810c       0x58 contiki-sm14z2538pa1.a(rpl.o)
                0x0020810c                rpl_init
 .text.rpl_set_preferred_parent
                0x00208164       0x28 contiki-sm14z2538pa1.a(rpl-dag.o)
 .text.set_ip_from_prefix
                0x0020818c       0x2c contiki-sm14z2538pa1.a(rpl-dag.o)
 .text.find_parent_any_dag_any_instance
                0x002081b8       0x1c contiki-sm14z2538pa1.a(rpl-dag.o)
 .text.rpl_get_nbr
                0x002081d4       0x28 contiki-sm14z2538pa1.a(rpl-dag.o)
                0x002081d4                rpl_get_nbr
 .text.rpl_dag_init
                0x002081fc       0x14 contiki-sm14z2538pa1.a(rpl-dag.o)
                0x002081fc                rpl_dag_init
 .text.rpl_get_parent
                0x00208210       0x10 contiki-sm14z2538pa1.a(rpl-dag.o)
                0x00208210                rpl_get_parent
 .text.rpl_get_parent_ipaddr
                0x00208220       0x18 contiki-sm14z2538pa1.a(rpl-dag.o)
                0x00208220                rpl_get_parent_ipaddr
 .text.rpl_alloc_instance
                0x00208238       0x34 contiki-sm14z2538pa1.a(rpl-dag.o)
                0x00208238                rpl_alloc_instance
 .text.rpl_add_parent
                0x0020826c       0x44 contiki-sm14z2538pa1.a(rpl-dag.o)
                0x0020826c                rpl_add_parent
 .text.rpl_select_parent
                0x002082b0       0x6c contiki-sm14z2538pa1.a(rpl-dag.o)
                0x002082b0                rpl_select_parent
 .text.rpl_remove_parent
                0x0020831c       0x1c contiki-sm14z2538pa1.a(rpl-dag.o)
                0x0020831c                rpl_remove_parent
 .text.remove_parents.constprop.4
                0x00208338       0x2c contiki-sm14z2538pa1.a(rpl-dag.o)
 .text.rpl_get_any_dag
                0x00208364       0x18 contiki-sm14z2538pa1.a(rpl-dag.o)
                0x00208364                rpl_get_any_dag
 .text.rpl_get_instance
                0x0020837c       0x20 contiki-sm14z2538pa1.a(rpl-dag.o)
                0x0020837c                rpl_get_instance
 .text.rpl_find_of
                0x0020839c       0x14 contiki-sm14z2538pa1.a(rpl-dag.o)
                0x0020839c                rpl_find_of
 .text.rpl_join_instance
                0x002083b0      0x124 contiki-sm14z2538pa1.a(rpl-dag.o)
                0x002083b0                rpl_join_instance
 .text.rpl_local_repair
                0x002084d4       0x58 contiki-sm14z2538pa1.a(rpl-dag.o)
                0x002084d4                rpl_local_repair
 .text.rpl_recalculate_ranks
                0x0020852c       0x3c contiki-sm14z2538pa1.a(rpl-dag.o)
                0x0020852c                rpl_recalculate_ranks
 .text.rpl_lock_parent
                0x00208568       0x10 contiki-sm14z2538pa1.a(rpl-dag.o)
                0x00208568                rpl_lock_parent
 .text.dao_ack_input
                0x00208578        0xc contiki-sm14z2538pa1.a(rpl-icmp6.o)
 .text.dio_input
                0x00208584      0x280 contiki-sm14z2538pa1.a(rpl-icmp6.o)
 .text.dis_output
                0x00208804       0x54 contiki-sm14z2538pa1.a(rpl-icmp6.o)
                0x00208804                dis_output
 .text.dio_output
                0x00208858      0x20c contiki-sm14z2538pa1.a(rpl-icmp6.o)
                0x00208858                dio_output
 .text.dis_input
                0x00208a64       0x34 contiki-sm14z2538pa1.a(rpl-icmp6.o)
 .text.dao_output_target
                0x00208a98       0xe0 contiki-sm14z2538pa1.a(rpl-icmp6.o)
                0x00208a98                dao_output_target
 .text.dao_output
                0x00208b78       0x64 contiki-sm14z2538pa1.a(rpl-icmp6.o)
                0x00208b78                dao_output
 .text.dao_ack_output
                0x00208bdc       0x34 contiki-sm14z2538pa1.a(rpl-icmp6.o)
                0x00208bdc                dao_ack_output
 .text.dao_input
                0x00208c10      0x224 contiki-sm14z2538pa1.a(rpl-icmp6.o)
 .text.rpl_icmp6_register_handlers
                0x00208e34       0x30 contiki-sm14z2538pa1.a(rpl-icmp6.o)
                0x00208e34                rpl_icmp6_register_handlers
 .text.new_dio_interval
                0x00208e64       0x58 contiki-sm14z2538pa1.a(rpl-timers.o)
 .text.handle_periodic_timer
                0x00208ebc       0x38 contiki-sm14z2538pa1.a(rpl-timers.o)
 .text.set_dao_lifetime_timer
                0x00208ef4       0x3c contiki-sm14z2538pa1.a(rpl-timers.o)
 .text.handle_dio_timer
                0x00208f30       0x80 contiki-sm14z2538pa1.a(rpl-timers.o)
 .text.schedule_dao
                0x00208fb0       0x54 contiki-sm14z2538pa1.a(rpl-timers.o)
 .text.handle_dao_timer
                0x00209004       0x58 contiki-sm14z2538pa1.a(rpl-timers.o)
 .text.rpl_reset_periodic_timer
                0x0020905c       0x34 contiki-sm14z2538pa1.a(rpl-timers.o)
                0x0020905c                rpl_reset_periodic_timer
 .text.rpl_schedule_probing
                0x00209090       0x30 contiki-sm14z2538pa1.a(rpl-timers.o)
                0x00209090                rpl_schedule_probing
 .text.handle_probing_timer
                0x002090c0       0xd4 contiki-sm14z2538pa1.a(rpl-timers.o)
 .text.rpl_verify_header
                0x00209194       0x9c contiki-sm14z2538pa1.a(rpl-ext-header.)
                0x00209194                rpl_verify_header
 .text.rpl_update_header_empty
                0x00209230      0x13c contiki-sm14z2538pa1.a(rpl-ext-header.)
                0x00209230                rpl_update_header_empty
 .text.rpl_update_header_final
                0x0020936c       0x88 contiki-sm14z2538pa1.a(rpl-ext-header.)
                0x0020936c                rpl_update_header_final
 .text.rpl_invert_header
                0x002093f4       0x68 contiki-sm14z2538pa1.a(rpl-ext-header.)
                0x002093f4                rpl_invert_header
 .text.rpl_insert_header
                0x0020945c       0x1c contiki-sm14z2538pa1.a(rpl-ext-header.)
                0x0020945c                rpl_insert_header
 .text.leds_init
                0x00209478       0x14 contiki-sm14z2538pa1.a(leds.o)
                0x00209478                leds_init
 .text.leds_on  0x0020948c       0x10 contiki-sm14z2538pa1.a(leds.o)
                0x0020948c                leds_on
 .text.leds_off
                0x0020949c       0x14 contiki-sm14z2538pa1.a(leds.o)
                0x0020949c                leds_off
 .text.leds_arch_init
                0x002094b0       0x1c contiki-sm14z2538pa1.a(leds-arch.o)
                0x002094b0                leds_arch_init
 .text.leds_arch_set
                0x002094cc       0x18 contiki-sm14z2538pa1.a(leds-arch.o)
                0x002094cc                leds_arch_set
 .text.OLED_WrCmd
                0x002094e4       0x48 contiki-sm14z2538pa1.a(oled-arch.o)
                0x002094e4                OLED_WrCmd
 .text.OLED_Init
                0x0020952c       0xd8 contiki-sm14z2538pa1.a(oled-arch.o)
                0x0020952c                OLED_Init
 .text.stimer_expired
                0x00209604       0x20 contiki-sm14z2538pa1.a(stimer.o)
                0x00209604                stimer_expired
 .text.frame802154_parse
                0x00209624      0x120 contiki-sm14z2538pa1.a(frame802154.o)
                0x00209624                frame802154_parse
 .text          0x00209744       0x30 /usr/bin/../lib/gcc/arm-none-eabi/4.9.3/armv7-m/libgcc.a(_aeabi_uldivmod.o)
                0x00209744                __aeabi_uldivmod
 .text          0x00209774       0x60 /usr/bin/../lib/gcc/arm-none-eabi/4.9.3/armv7-m/libgcc.a(bpabi.o)
                0x00209774                __gnu_ldivmod_helper
                0x002097a4                __gnu_uldivmod_helper
 .text          0x002097d4        0x4 /usr/bin/../lib/gcc/arm-none-eabi/4.9.3/armv7-m/libgcc.a(_dvmd_tls.o)
                0x002097d4                __aeabi_ldiv0
                0x002097d4                __aeabi_idiv0
 .text          0x002097d8      0x2ac /usr/bin/../lib/gcc/arm-none-eabi/4.9.3/armv7-m/libgcc.a(_divdi3.o)
                0x002097d8                __divdi3
 .text          0x00209a84      0x270 /usr/bin/../lib/gcc/arm-none-eabi/4.9.3/armv7-m/libgcc.a(_udivdi3.o)
                0x00209a84                __udivdi3
 .text.memcmp   0x00209cf4       0x64 /usr/bin/../lib/gcc/arm-none-eabi/4.9.3/../../../../arm-none-eabi/lib/armv7-m/libc.a(lib_a-memcmp.o)
                0x00209cf4                memcmp
 .text          0x00209d58       0xec /usr/bin/../lib/gcc/arm-none-eabi/4.9.3/../../../../arm-none-eabi/lib/armv7-m/libc.a(lib_a-memcpy.o)
                0x00209d58                memcpy
 .text.memmove  0x00209e44       0xc8 /usr/bin/../lib/gcc/arm-none-eabi/4.9.3/../../../../arm-none-eabi/lib/armv7-m/libc.a(lib_a-memmove.o)
                0x00209e44                memmove
 .text.memset   0x00209f0c       0x9c /usr/bin/../lib/gcc/arm-none-eabi/4.9.3/../../../../arm-none-eabi/lib/armv7-m/libc.a(lib_a-memset.o)
                0x00209f0c                memset
 .text.strcasecmp
                0x00209fa8       0x40 /usr/bin/../lib/gcc/arm-none-eabi/4.9.3/../../../../arm-none-eabi/lib/armv7-m/libc.a(lib_a-strcasecmp.o)
                0x00209fa8                strcasecmp
 .text.strcat   0x00209fe8       0x40 /usr/bin/../lib/gcc/arm-none-eabi/4.9.3/../../../../arm-none-eabi/lib/armv7-m/libc.a(lib_a-strcat.o)
                0x00209fe8                strcat
 .text          0x0020a028      0x1bc /usr/bin/../lib/gcc/arm-none-eabi/4.9.3/../../../../arm-none-eabi/lib/armv7-m/libc.a(lib_a-strcmp.o)
                0x0020a028                strcmp
 .text.strcpy   0x0020a1e4       0xbc /usr/bin/../lib/gcc/arm-none-eabi/4.9.3/../../../../arm-none-eabi/lib/armv7-m/libc.a(lib_a-strcpy.o)
                0x0020a1e4                strcpy
 .text.strlen   0x0020a2a0       0x5c /usr/bin/../lib/gcc/arm-none-eabi/4.9.3/../../../../arm-none-eabi/lib/armv7-m/libc.a(lib_a-strlen.o)
                0x0020a2a0                strlen
 .text.strncasecmp
                0x0020a2fc       0x54 /usr/bin/../lib/gcc/arm-none-eabi/4.9.3/../../../../arm-none-eabi/lib/armv7-m/libc.a(lib_a-strncasecmp.o)
                0x0020a2fc                strncasecmp
 .text.strncat  0x0020a350       0x5c /usr/bin/../lib/gcc/arm-none-eabi/4.9.3/../../../../arm-none-eabi/lib/armv7-m/libc.a(lib_a-strncat.o)
                0x0020a350                strncat
 .text.strncpy  0x0020a3ac       0x68 /usr/bin/../lib/gcc/arm-none-eabi/4.9.3/../../../../arm-none-eabi/lib/armv7-m/libc.a(lib_a-strncpy.o)
                0x0020a3ac                strncpy
 .text.default_handler
                0x0020a414        0x2 obj_sm14z2538pa1/startup-gcc.o
                0x0020a414                default_handler
                0x0020a414                usb_isr
 .text.nmi_handler
                0x0020a416        0x6 obj_sm14z2538pa1/startup-gcc.o
                0x0020a416                nmi_handler
 .text.fade     0x0020a41c       0x54 contiki-sm14z2538pa1.a(contiki-main.o)
 .text.config   0x0020a470       0x40 contiki-sm14z2538pa1.a(button-sensor.o)
 .text.status   0x0020a4b0        0x4 contiki-sm14z2538pa1.a(als-sensor.o)
 .text.clock_isr
                0x0020a4b4        0x4 contiki-sm14z2538pa1.a(clock.o)
                0x0020a4b4                clock_isr
 .text.rtimer_arch_init
                0x0020a4b8        0x2 contiki-sm14z2538pa1.a(rtimer-arch.o)
                0x0020a4b8                rtimer_arch_init
 .text.uart0_isr
                0x0020a4ba        0x6 contiki-sm14z2538pa1.a(uart.o)
                0x0020a4ba                uart0_isr
 .text.uart1_isr
                0x0020a4c0        0x6 contiki-sm14z2538pa1.a(uart.o)
                0x0020a4c0                uart1_isr
 .text.cpu_cpsie
                0x0020a4c6        0x8 contiki-sm14z2538pa1.a(cpu.o)
                0x0020a4c6                cpu_cpsie
 .text.cpu_cpsid
                0x0020a4ce        0x8 contiki-sm14z2538pa1.a(cpu.o)
                0x0020a4ce                cpu_cpsid
 .text.gpio_port_a_isr
                0x0020a4d6        0x6 contiki-sm14z2538pa1.a(gpio.o)
                0x0020a4d6                gpio_port_a_isr
 .text.gpio_port_b_isr
                0x0020a4dc        0x6 contiki-sm14z2538pa1.a(gpio.o)
                0x0020a4dc                gpio_port_b_isr
 .text.gpio_port_c_isr
                0x0020a4e2        0x6 contiki-sm14z2538pa1.a(gpio.o)
                0x0020a4e2                gpio_port_c_isr
 .text.gpio_port_d_isr
                0x0020a4e8        0x6 contiki-sm14z2538pa1.a(gpio.o)
                0x0020a4e8                gpio_port_d_isr
 .text.send     0x0020a4ee       0x12 contiki-sm14z2538pa1.a(cc2538-rf.o)
 .text.putchar  0x0020a500       0x10 contiki-sm14z2538pa1.a(dbg.o)
                0x0020a500                putchar
 .text.dbg_send_bytes
                0x0020a510       0x20 contiki-sm14z2538pa1.a(dbg.o)
                0x0020a510                dbg_send_bytes
 .text.puts     0x0020a530       0x20 contiki-sm14z2538pa1.a(dbg.o)
                0x0020a530                puts
 .text.configure
                0x0020a550        0x4 contiki-sm14z2538pa1.a(cc2538-temp-sen)
 .text.status   0x0020a554        0x4 contiki-sm14z2538pa1.a(cc2538-temp-sen)
 .text.value    0x0020a558       0x34 contiki-sm14z2538pa1.a(cc2538-temp-sen)
 .text.configure
                0x0020a58c        0x4 contiki-sm14z2538pa1.a(vdd3-sensor.o)
 .text.status   0x0020a590        0x4 contiki-sm14z2538pa1.a(vdd3-sensor.o)
 .text.value    0x0020a594       0x2a contiki-sm14z2538pa1.a(vdd3-sensor.o)
 .text.write_str
                0x0020a5be       0x10 contiki-sm14z2538pa1.a(dbg-printf.o)
 .text.buffer_str
                0x0020a5ce       0x16 contiki-sm14z2538pa1.a(dbg-sprintf.o)
 .text.autostart_start
                0x0020a5e4       0x14 contiki-sm14z2538pa1.a(autostart.o)
                0x0020a5e4                autostart_start
 .text.energest_init
                0x0020a5f8        0x2 contiki-sm14z2538pa1.a(energest.o)
                0x0020a5f8                energest_init
 .text.etimer_set
                0x0020a5fa       0x12 contiki-sm14z2538pa1.a(etimer.o)
                0x0020a5fa                etimer_set
 .text.etimer_reset
                0x0020a60c       0x12 contiki-sm14z2538pa1.a(etimer.o)
                0x0020a60c                etimer_reset
 .text.etimer_restart
                0x0020a61e       0x12 contiki-sm14z2538pa1.a(etimer.o)
                0x0020a61e                etimer_restart
 .text.etimer_expired
                0x0020a630        0xa contiki-sm14z2538pa1.a(etimer.o)
                0x0020a630                etimer_expired
 .text.etimer_expiration_time
                0x0020a63a        0x6 contiki-sm14z2538pa1.a(etimer.o)
                0x0020a63a                etimer_expiration_time
 .text.call_process
                0x0020a640        0xc contiki-sm14z2538pa1.a(process.o)
 .text.rtimer_init
                0x0020a64c        0x4 contiki-sm14z2538pa1.a(rtimer.o)
                0x0020a64c                rtimer_init
 .text.timer_set
                0x0020a650        0xe contiki-sm14z2538pa1.a(timer.o)
                0x0020a650                timer_set
 .text.timer_reset
                0x0020a65e        0xa contiki-sm14z2538pa1.a(timer.o)
                0x0020a65e                timer_reset
 .text.timer_restart
                0x0020a668        0xc contiki-sm14z2538pa1.a(timer.o)
                0x0020a668                timer_restart
 .text.timer_expired
                0x0020a674       0x1c contiki-sm14z2538pa1.a(timer.o)
                0x0020a674                timer_expired
 .text.list_init
                0x0020a690        0x6 contiki-sm14z2538pa1.a(list.o)
                0x0020a690                list_init
 .text.list_head
                0x0020a696        0x4 contiki-sm14z2538pa1.a(list.o)
                0x0020a696                list_head
 .text.list_tail
                0x0020a69a       0x10 contiki-sm14z2538pa1.a(list.o)
                0x0020a69a                list_tail
 .text.list_remove
                0x0020a6aa       0x28 contiki-sm14z2538pa1.a(list.o)
                0x0020a6aa                list_remove
 .text.list_add
                0x0020a6d2       0x1e contiki-sm14z2538pa1.a(list.o)
                0x0020a6d2                list_add
 .text.list_push
                0x0020a6f0       0x12 contiki-sm14z2538pa1.a(list.o)
                0x0020a6f0                list_push
 .text.list_length
                0x0020a702        0xe contiki-sm14z2538pa1.a(list.o)
                0x0020a702                list_length
 .text.list_item_next
                0x0020a710        0x6 contiki-sm14z2538pa1.a(list.o)
                0x0020a710                list_item_next
 .text.ringbuf_init
                0x0020a716        0xe contiki-sm14z2538pa1.a(ringbuf.o)
                0x0020a716                ringbuf_init
 .text.ringbuf_put
                0x0020a724       0x28 contiki-sm14z2538pa1.a(ringbuf.o)
                0x0020a724                ringbuf_put
 .text.ringbuf_get
                0x0020a74c       0x20 contiki-sm14z2538pa1.a(ringbuf.o)
                0x0020a74c                ringbuf_get
 .text.chksum   0x0020a76c       0x38 contiki-sm14z2538pa1.a(uip6.o)
 .text.uip_icmp6chksum
                0x0020a7a4        0x6 contiki-sm14z2538pa1.a(uip6.o)
                0x0020a7a4                uip_icmp6chksum
 .text.uip_tcpchksum
                0x0020a7aa        0x6 contiki-sm14z2538pa1.a(uip6.o)
                0x0020a7aa                uip_tcpchksum
 .text.uip_udpchksum
                0x0020a7b0        0x6 contiki-sm14z2538pa1.a(uip6.o)
                0x0020a7b0                uip_udpchksum
 .text.uip_htons
                0x0020a7b6        0x6 contiki-sm14z2538pa1.a(uip6.o)
                0x0020a7b6                uip_htons
 .text.uip_htonl
                0x0020a7bc       0x14 contiki-sm14z2538pa1.a(uip6.o)
                0x0020a7bc                uip_htonl
 .text.uip_ds6_list_loop
                0x0020a7d0       0x48 contiki-sm14z2538pa1.a(uip-ds6.o)
                0x0020a7d0                uip_ds6_list_loop
 .text.uip_ds6_maddr_rm
                0x0020a818        0x8 contiki-sm14z2538pa1.a(uip-ds6.o)
                0x0020a818                uip_ds6_maddr_rm
 .text.uip_ds6_set_addr_iid
                0x0020a820       0x12 contiki-sm14z2538pa1.a(uip-ds6.o)
                0x0020a820                uip_ds6_set_addr_iid
 .text.get_match_length
                0x0020a832       0x3a contiki-sm14z2538pa1.a(uip-ds6.o)
                0x0020a832                get_match_length
 .text.uip_ds6_nbr_ipaddr_from_lladdr
                0x0020a86c        0x4 contiki-sm14z2538pa1.a(uip-ds6-nbr.o)
                0x0020a86c                uip_ds6_nbr_ipaddr_from_lladdr
 .text.uip_ds6_nbr_lladdr_from_ipaddr
                0x0020a870       0x12 contiki-sm14z2538pa1.a(uip-ds6-nbr.o)
                0x0020a870                uip_ds6_nbr_lladdr_from_ipaddr
 .text.uip_ds6_route_next
                0x0020a882        0x8 contiki-sm14z2538pa1.a(uip-ds6-route.o)
                0x0020a882                uip_ds6_route_next
 .text.rm_routelist_callback
                0x0020a88a        0x4 contiki-sm14z2538pa1.a(uip-ds6-route.o)
 .text.skip_name
                0x0020a88e       0x1a contiki-sm14z2538pa1.a(resolv.o)
 .text.encode_name
                0x0020a8a8       0x32 contiki-sm14z2538pa1.a(resolv.o)
 .text.uiplib_ip6addrconv
                0x0020a8da       0xb4 contiki-sm14z2538pa1.a(uiplib.o)
                0x0020a8da                uiplib_ip6addrconv
 .text.uip_udp_packet_sendto
                0x0020a98e       0x50 contiki-sm14z2538pa1.a(uip-udp-packet.)
                0x0020a98e                uip_udp_packet_sendto
 .text.linkaddr_copy
                0x0020a9de        0xa contiki-sm14z2538pa1.a(linkaddr.o)
                0x0020a9de                linkaddr_copy
 .text.linkaddr_cmp
                0x0020a9e8       0x10 contiki-sm14z2538pa1.a(linkaddr.o)
                0x0020a9e8                linkaddr_cmp
 .text.nbr_set_bit
                0x0020a9f8       0x38 contiki-sm14z2538pa1.a(nbr-table.o)
 .text.item_from_key
                0x0020aa30       0x22 contiki-sm14z2538pa1.a(nbr-table.o)
 .text.nbr_table_next
                0x0020aa52       0x2e contiki-sm14z2538pa1.a(nbr-table.o)
                0x0020aa52                nbr_table_next
 .text.nbr_table_get_from_lladdr
                0x0020aa80       0x32 contiki-sm14z2538pa1.a(nbr-table.o)
                0x0020aa80                nbr_table_get_from_lladdr
 .text.nbr_table_get_lladdr
                0x0020aab2        0xc contiki-sm14z2538pa1.a(nbr-table.o)
                0x0020aab2                nbr_table_get_lladdr
 .text.queuebuf_update_attr_from_packetbuf
                0x0020aabe        0xc contiki-sm14z2538pa1.a(queuebuf.o)
                0x0020aabe                queuebuf_update_attr_from_packetbuf
 .text.queuebuf_update_from_packetbuf
                0x0020aaca       0x1c contiki-sm14z2538pa1.a(queuebuf.o)
                0x0020aaca                queuebuf_update_from_packetbuf
 .text.queuebuf_attr
                0x0020aae6        0xc contiki-sm14z2538pa1.a(queuebuf.o)
                0x0020aae6                queuebuf_attr
 .text.duty_cycle
                0x0020aaf2        0x4 contiki-sm14z2538pa1.a(contikimac.o)
 .text.qsend_packet
                0x0020aaf6       0x22 contiki-sm14z2538pa1.a(contikimac.o)
 .text.parse    0x0020ab18       0x8e contiki-sm14z2538pa1.a(framer-802154.o)
 .text.create   0x0020aba6        0x6 contiki-sm14z2538pa1.a(framer-802154.o)
 .text.hdr_length
                0x0020abac        0x6 contiki-sm14z2538pa1.a(framer-802154.o)
 .text.mac_call_sent_callback
                0x0020abb2       0x16 contiki-sm14z2538pa1.a(mac.o)
                0x0020abb2                mac_call_sent_callback
 .text.bootstrap
                0x0020abc8        0x2 contiki-sm14z2538pa1.a(nullsec.o)
 .text.on_frame_created
                0x0020abca        0x4 contiki-sm14z2538pa1.a(nullsec.o)
 .text.get_overhead
                0x0020abce        0x4 contiki-sm14z2538pa1.a(nullsec.o)
 .text.rpl_remove_routes
                0x0020abd2       0x1e contiki-sm14z2538pa1.a(rpl.o)
                0x0020abd2                rpl_remove_routes
 .text.rpl_remove_routes_by_nexthop
                0x0020abf0       0x36 contiki-sm14z2538pa1.a(rpl.o)
                0x0020abf0                rpl_remove_routes_by_nexthop
 .text.rpl_add_route
                0x0020ac26       0x28 contiki-sm14z2538pa1.a(rpl.o)
                0x0020ac26                rpl_add_route
 .text.lollipop_greater_than
                0x0020ac4e       0x34 contiki-sm14z2538pa1.a(rpl-dag.o)
 .text.check_prefix
                0x0020ac82       0x58 contiki-sm14z2538pa1.a(rpl-dag.o)
 .text.rpl_set_prefix
                0x0020acda       0x6c contiki-sm14z2538pa1.a(rpl-dag.o)
                0x0020acda                rpl_set_prefix
 .text.rpl_set_default_route
                0x0020ad46       0x38 contiki-sm14z2538pa1.a(rpl-dag.o)
                0x0020ad46                rpl_set_default_route
 .text.rpl_find_parent
                0x0020ad7e       0x16 contiki-sm14z2538pa1.a(rpl-dag.o)
                0x0020ad7e                rpl_find_parent
 .text.rpl_find_parent_any_dag
                0x0020ad94       0x1e contiki-sm14z2538pa1.a(rpl-dag.o)
                0x0020ad94                rpl_find_parent_any_dag
 .text.rpl_select_dag
                0x0020adb2      0x152 contiki-sm14z2538pa1.a(rpl-dag.o)
                0x0020adb2                rpl_select_dag
 .text.rpl_nullify_parent
                0x0020af04       0x48 contiki-sm14z2538pa1.a(rpl-dag.o)
                0x0020af04                rpl_nullify_parent
 .text.nbr_callback
                0x0020af4c        0x4 contiki-sm14z2538pa1.a(rpl-dag.o)
 .text.rpl_move_parent
                0x0020af50       0x48 contiki-sm14z2538pa1.a(rpl-dag.o)
                0x0020af50                rpl_move_parent
 .text.rpl_repair_root
                0x0020af98       0x48 contiki-sm14z2538pa1.a(rpl-dag.o)
                0x0020af98                rpl_repair_root
 .text.rpl_alloc_dag
                0x0020afe0       0x48 contiki-sm14z2538pa1.a(rpl-dag.o)
                0x0020afe0                rpl_alloc_dag
 .text.rpl_process_parent_event
                0x0020b028       0x60 contiki-sm14z2538pa1.a(rpl-dag.o)
                0x0020b028                rpl_process_parent_event
 .text.rpl_add_dag
                0x0020b088      0x100 contiki-sm14z2538pa1.a(rpl-dag.o)
                0x0020b088                rpl_add_dag
 .text.rpl_process_dio
                0x0020b188      0x29c contiki-sm14z2538pa1.a(rpl-dag.o)
                0x0020b188                rpl_process_dio
 .text.get32    0x0020b424       0x18 contiki-sm14z2538pa1.a(rpl-icmp6.o)
 .text.set32    0x0020b43c       0x12 contiki-sm14z2538pa1.a(rpl-icmp6.o)
 .text.get16    0x0020b44e        0xc contiki-sm14z2538pa1.a(rpl-icmp6.o)
 .text.set16    0x0020b45a        0xa contiki-sm14z2538pa1.a(rpl-icmp6.o)
 .text.rpl_reset_dio_timer
                0x0020b464       0x1c contiki-sm14z2538pa1.a(rpl-timers.o)
                0x0020b464                rpl_reset_dio_timer
 .text.rpl_schedule_dao
                0x0020b480        0x8 contiki-sm14z2538pa1.a(rpl-timers.o)
                0x0020b480                rpl_schedule_dao
 .text.reset    0x0020b488        0x2 contiki-sm14z2538pa1.a(rpl-mrhof.o)
 .text.update_metric_container
                0x0020b48a        0x6 contiki-sm14z2538pa1.a(rpl-mrhof.o)
 .text.calculate_rank
                0x0020b490       0x34 contiki-sm14z2538pa1.a(rpl-mrhof.o)
 .text.neighbor_link_callback
                0x0020b4c4       0x46 contiki-sm14z2538pa1.a(rpl-mrhof.o)
 .text.best_dag
                0x0020b50a       0x2c contiki-sm14z2538pa1.a(rpl-mrhof.o)
 .text.best_parent
                0x0020b536       0x5a contiki-sm14z2538pa1.a(rpl-mrhof.o)
 .text.OLED_Display_Off
                0x0020b590       0x18 contiki-sm14z2538pa1.a(oled-arch.o)
                0x0020b590                OLED_Display_Off
 .text.stimer_set
                0x0020b5a8        0xe contiki-sm14z2538pa1.a(stimer.o)
                0x0020b5a8                stimer_set
 .text.memb_init
                0x0020b5b6       0x20 contiki-sm14z2538pa1.a(memb.o)
                0x0020b5b6                memb_init
 .text.memb_alloc
                0x0020b5d6       0x28 contiki-sm14z2538pa1.a(memb.o)
                0x0020b5d6                memb_alloc
 .text.memb_free
                0x0020b5fe       0x2c contiki-sm14z2538pa1.a(memb.o)
                0x0020b5fe                memb_free
 .text.memb_inmemb
                0x0020b62a       0x1c contiki-sm14z2538pa1.a(memb.o)
                0x0020b62a                memb_inmemb
 .text.memb_numfree
                0x0020b646       0x1c contiki-sm14z2538pa1.a(memb.o)
                0x0020b646                memb_numfree
 .text.field_len
                0x0020b662       0x70 contiki-sm14z2538pa1.a(frame802154.o)
 .text.frame802154_hdrlen
                0x0020b6d2       0x2c contiki-sm14z2538pa1.a(frame802154.o)
                0x0020b6d2                frame802154_hdrlen
 .text.frame802154_create
                0x0020b6fe       0xc4 contiki-sm14z2538pa1.a(frame802154.o)
                0x0020b6fe                frame802154_create
 *(SORT(.rodata*))
 *fill*         0x0020b7c2        0x2 00000000
 .rodata.autostart_processes
                0x0020b7c4        0xc template.co
                0x0020b7c4                autostart_processes
 .rodata.button_select_sensor
                0x0020b7d0       0x10 contiki-sm14z2538pa1.a(button-sensor.o)
                0x0020b7d0                button_select_sensor
 .rodata.button_up_sensor
                0x0020b7e0       0x10 contiki-sm14z2538pa1.a(button-sensor.o)
                0x0020b7e0                button_up_sensor
 .rodata.button_left_sensor
                0x0020b7f0       0x10 contiki-sm14z2538pa1.a(button-sensor.o)
                0x0020b7f0                button_left_sensor
 .rodata.button_right_sensor
                0x0020b800       0x10 contiki-sm14z2538pa1.a(button-sensor.o)
                0x0020b800                button_right_sensor
 .rodata.button_down_sensor
                0x0020b810       0x10 contiki-sm14z2538pa1.a(button-sensor.o)
                0x0020b810                button_down_sensor
 .rodata.als_sensor
                0x0020b820       0x10 contiki-sm14z2538pa1.a(als-sensor.o)
                0x0020b820                als_sensor
 .rodata.uart_regs
                0x0020b830       0x58 contiki-sm14z2538pa1.a(uart.o)
 .rodata.cc2538_rf_driver
                0x0020b888       0x38 contiki-sm14z2538pa1.a(cc2538-rf.o)
                0x0020b888                cc2538_rf_driver
 .rodata.output_power
                0x0020b8c0       0x70 contiki-sm14z2538pa1.a(cc2538-rf.o)
 .rodata.cc2538_temp_sensor
                0x0020b930       0x10 contiki-sm14z2538pa1.a(cc2538-temp-sen)
                0x0020b930                cc2538_temp_sensor
 .rodata.vdd3_sensor
                0x0020b940       0x10 contiki-sm14z2538pa1.a(vdd3-sensor.o)
                0x0020b940                vdd3_sensor
 .rodata.sicslowpan_driver
                0x0020b950        0xc contiki-sm14z2538pa1.a(sicslowpan.o)
                0x0020b950                sicslowpan_driver
 .rodata.contikimac_driver
                0x0020b95c       0x20 contiki-sm14z2538pa1.a(contikimac.o)
                0x0020b95c                contikimac_driver
 .rodata.csma_driver
                0x0020b97c       0x1c contiki-sm14z2538pa1.a(csma.o)
                0x0020b97c                csma_driver
 .rodata.framer_802154
                0x0020b998       0x10 contiki-sm14z2538pa1.a(framer-802154.o)
                0x0020b998                framer_802154
 .rodata.nullsec_driver
                0x0020b9a8       0x18 contiki-sm14z2538pa1.a(nullsec.o)
                0x0020b9a8                nullsec_driver
 .rodata._ctype_
                0x0020b9c0      0x101 /usr/bin/../lib/gcc/arm-none-eabi/4.9.3/../../../../arm-none-eabi/lib/armv7-m/libc.a(lib_a-ctype_.o)
                0x0020b9c0                _ctype_
 *fill*         0x0020bac1        0x1 00000000
 .rodata.resolv_mdns_addr
                0x0020bac2       0x10 contiki-sm14z2538pa1.a(resolv.o)
 .rodata.nsec_record.6493
                0x0020bad2       0x12 contiki-sm14z2538pa1.a(resolv.o)
 .rodata.str1.1
                0x0020bae4      0x188 template.co
 .rodata.str1.1
                0x0020bc6c       0x84 contiki-sm14z2538pa1.a(contiki-main.o)
 .rodata.str1.1
                0x0020bcf0        0x8 contiki-sm14z2538pa1.a(sensors.o)
 .rodata.str1.1
                0x0020bcf8        0x7 contiki-sm14z2538pa1.a(button-sensor.o)
 .rodata.str1.1
                0x0020bcff        0x4 contiki-sm14z2538pa1.a(als-sensor.o)
 .rodata.str1.1
                0x0020bd03       0x11 contiki-sm14z2538pa1.a(cc2538-rf.o)
 .rodata.str1.1
                0x0020bd14       0x14 contiki-sm14z2538pa1.a(cc2538-temp-sen)
 .rodata.str1.1
                0x0020bd28        0x5 contiki-sm14z2538pa1.a(vdd3-sensor.o)
 .rodata.buffer.4159
                0x0020bd2d       0x10 contiki-sm14z2538pa1.a(strformat.o)
 .rodata.str1.1
                0x0020bd3d       0x35 contiki-sm14z2538pa1.a(strformat.o)
                                 0x37 (size before relaxing)
 .rodata.buffer.4150
                0x0020bd72       0x10 contiki-sm14z2538pa1.a(strformat.o)
 .rodata.str1.1
                0x0020bd82        0xf contiki-sm14z2538pa1.a(ctimer.o)
 .rodata.str1.1
                0x0020bd91        0xc contiki-sm14z2538pa1.a(etimer.o)
 .rodata.str1.1
                0x0020bd9d        0xe contiki-sm14z2538pa1.a(serial-line.o)
 .rodata        0x0020bdab        0x2 contiki-sm14z2538pa1.a(sicslowpan.o)
 .rodata.ttl_values
                0x0020bdad        0x4 contiki-sm14z2538pa1.a(sicslowpan.o)
 .rodata.unc_llconf
                0x0020bdb1        0x4 contiki-sm14z2538pa1.a(sicslowpan.o)
                0x0020bdb1                unc_llconf
 .rodata.llprefix
                0x0020bdb5        0x2 contiki-sm14z2538pa1.a(sicslowpan.o)
                0x0020bdb5                llprefix
 .rodata.unc_mxconf
                0x0020bdb7        0x4 contiki-sm14z2538pa1.a(sicslowpan.o)
                0x0020bdb7                unc_mxconf
 .rodata.str1.1
                0x0020bdbb        0xb contiki-sm14z2538pa1.a(sicslowpan.o)
 .rodata.unc_ctxconf
                0x0020bdc6        0x4 contiki-sm14z2538pa1.a(sicslowpan.o)
                0x0020bdc6                unc_ctxconf
 .rodata.str1.1
                0x0020bdca       0x20 contiki-sm14z2538pa1.a(resolv.o)
                                 0x27 (size before relaxing)
 .rodata.local_suffix.6594
                0x0020bdea        0x6 contiki-sm14z2538pa1.a(resolv.o)
 .rodata.str1.1
                0x0020bdf0        0xd contiki-sm14z2538pa1.a(tcpip.o)
 .rodata.str1.1
                0x0020bdfd       0x29 contiki-sm14z2538pa1.a(uip-debug.o)
 .rodata.linkaddr_null
                0x0020be26        0x8 contiki-sm14z2538pa1.a(linkaddr.o)
                0x0020be26                linkaddr_null
 .rodata.str1.1
                0x0020be2e        0xb contiki-sm14z2538pa1.a(contikimac.o)
 .rodata.str1.1
                0x0020be39        0x5 contiki-sm14z2538pa1.a(csma.o)
 .rodata.str1.1
                0x0020be3e        0x8 contiki-sm14z2538pa1.a(nullsec.o)
                0x0020be46                _etext = .

.glue_7         0x0020be48        0x0
 .glue_7        0x00000000        0x0 linker stubs

.glue_7t        0x0020be48        0x0
 .glue_7t       0x00000000        0x0 linker stubs

.vfp11_veneer   0x0020be48        0x0
 .vfp11_veneer  0x00000000        0x0 linker stubs

.v4_bx          0x0020be48        0x0
 .v4_bx         0x00000000        0x0 linker stubs

.iplt           0x0020be48        0x0
 .iplt          0x00000000        0x0 obj_sm14z2538pa1/startup-gcc.o

.socdata        0x20000000       0x40
 *(SORT(.udma_channel_control_table))
 .udma_channel_control_table
                0x20000000       0x40 contiki-sm14z2538pa1.a(udma.o)

.data           0x20000040      0x1e3 load address 0x0020be48
                0x20000040                _data = .
 *(SORT(.data*))
 .data.udp_client_process
                0x20000040       0x10 template.co
                0x20000040                udp_client_process
 .data.sensors_process
                0x20000050       0x10 contiki-sm14z2538pa1.a(sensors.o)
                0x20000050                sensors_process
 .data.sensors  0x20000060       0x24 contiki-sm14z2538pa1.a(smartrf-sensors)
                0x20000060                sensors
 .data.cc2538_rf_process
                0x20000084       0x10 contiki-sm14z2538pa1.a(cc2538-rf.o)
                0x20000084                cc2538_rf_process
 .data.ctxt     0x20000094        0x8 contiki-sm14z2538pa1.a(dbg-printf.o)
 .data.ctimer_process
                0x2000009c       0x10 contiki-sm14z2538pa1.a(ctimer.o)
                0x2000009c                ctimer_process
 .data.etimer_process
                0x200000ac       0x10 contiki-sm14z2538pa1.a(etimer.o)
                0x200000ac                etimer_process
 .data.serial_line_process
                0x200000bc       0x10 contiki-sm14z2538pa1.a(serial-line.o)
                0x200000bc                serial_line_process
 .data.ds6_neighbors
                0x200000cc        0x4 contiki-sm14z2538pa1.a(uip-ds6-nbr.o)
                0x200000cc                ds6_neighbors
 .data.ds6_neighbors_struct
                0x200000d0       0x10 contiki-sm14z2538pa1.a(uip-ds6-nbr.o)
 .data.defaultroutermemb
                0x200000e0        0xc contiki-sm14z2538pa1.a(uip-ds6-route.o)
 .data.nbr_routes_struct
                0x200000ec       0x10 contiki-sm14z2538pa1.a(uip-ds6-route.o)
 .data.routememb
                0x200000fc        0xc contiki-sm14z2538pa1.a(uip-ds6-route.o)
 .data.neighborroutememb
                0x20000108        0xc contiki-sm14z2538pa1.a(uip-ds6-route.o)
 .data.echo_request_handler
                0x20000114        0xc contiki-sm14z2538pa1.a(uip-icmp6.o)
 .data.echo_reply_handler
                0x20000120        0xc contiki-sm14z2538pa1.a(uip-icmp6.o)
 .data.ns_input_handler
                0x2000012c        0xc contiki-sm14z2538pa1.a(uip-nd6.o)
 .data.na_input_handler
                0x20000138        0xc contiki-sm14z2538pa1.a(uip-nd6.o)
 .data.mdns_probe_process
                0x20000144       0x10 contiki-sm14z2538pa1.a(resolv.o)
                0x20000144                mdns_probe_process
 .data.resolv_process
                0x20000154       0x10 contiki-sm14z2538pa1.a(resolv.o)
                0x20000154                resolv_process
 .data.tcpip_process
                0x20000164       0x10 contiki-sm14z2538pa1.a(tcpip.o)
                0x20000164                tcpip_process
 .data.neighbor_addr_mem
                0x20000174        0xc contiki-sm14z2538pa1.a(nbr-table.o)
 .data.bufmem   0x20000180        0xc contiki-sm14z2538pa1.a(queuebuf.o)
 .data.buframmem
                0x2000018c        0xc contiki-sm14z2538pa1.a(queuebuf.o)
 .data.metadata_memb
                0x20000198        0xc contiki-sm14z2538pa1.a(csma.o)
 .data.neighbor_memb
                0x200001a4        0xc contiki-sm14z2538pa1.a(csma.o)
 .data.packet_memb
                0x200001b0        0xc contiki-sm14z2538pa1.a(csma.o)
 .data.rpl_parents
                0x200001bc        0x4 contiki-sm14z2538pa1.a(rpl-dag.o)
                0x200001bc                rpl_parents
 .data.rpl_parents_struct
                0x200001c0       0x10 contiki-sm14z2538pa1.a(rpl-dag.o)
 .data.dao_ack_handler
                0x200001d0        0xc contiki-sm14z2538pa1.a(rpl-icmp6.o)
 .data.dis_handler
                0x200001dc        0xc contiki-sm14z2538pa1.a(rpl-icmp6.o)
 .data.dao_handler
                0x200001e8        0xc contiki-sm14z2538pa1.a(rpl-icmp6.o)
 .data.dio_handler
                0x200001f4        0xc contiki-sm14z2538pa1.a(rpl-icmp6.o)
 .data.rpl_mrhof
                0x20000200       0x1c contiki-sm14z2538pa1.a(rpl-mrhof.o)
                0x20000200                rpl_mrhof
 .data.__ctype_ptr__
                0x2000021c        0x4 /usr/bin/../lib/gcc/arm-none-eabi/4.9.3/../../../../arm-none-eabi/lib/armv7-m/libc.a(lib_a-ctype_.o)
                0x2000021c                __ctype_ptr__
 .data.status.7552
                0x20000220        0x1 template.co
 .data.rf_channel
                0x20000221        0x1 contiki-sm14z2538pa1.a(cc2538-rf.o)
 .data.dao_sequence
                0x20000222        0x1 contiki-sm14z2538pa1.a(rpl-icmp6.o)
                0x20000223                _edata = .
                0x0020be48                _ldata = LOADADDR (.data)

.igot.plt       0x20000224        0x0 load address 0x0020c02b
 .igot.plt      0x00000000        0x0 obj_sm14z2538pa1/startup-gcc.o

.ARM.exidx      0x0020c02c        0x8
 *(SORT(.ARM.exidx*))
 .ARM.exidx     0x0020c02c        0x8 /usr/bin/../lib/gcc/arm-none-eabi/4.9.3/armv7-m/libgcc.a(_divdi3.o)
 .ARM.exidx     0x0020c034        0x0 /usr/bin/../lib/gcc/arm-none-eabi/4.9.3/armv7-m/libgcc.a(_udivdi3.o)
                                  0x8 (size before relaxing)

.bss            0x20000228     0x2a68
                0x20000228                _bss = .
 *(SORT(.bss*))
 .bss.rt_ticks_startup
                0x20000228        0x8 contiki-sm14z2538pa1.a(clock.o)
 .bss.rt_ticks_epoch
                0x20000230        0x8 contiki-sm14z2538pa1.a(clock.o)
 .bss.client_conn
                0x20000238        0x4 template.co
 .bss.seq_id.7525
                0x2000023c        0x4 template.co
 .bss.et.7548   0x20000240       0x10 template.co
 .bss.i.4710    0x20000250        0x4 contiki-sm14z2538pa1.a(sensors.o)
 .bss.events.4711
                0x20000254        0x4 contiki-sm14z2538pa1.a(sensors.o)
 .bss.debouncetimer
                0x20000258        0x8 contiki-sm14z2538pa1.a(button-sensor.o)
 .bss.next_trigger
                0x20000260        0x4 contiki-sm14z2538pa1.a(rtimer-arch.o)
 .bss.input_handler
                0x20000264        0x8 contiki-sm14z2538pa1.a(uart.o)
 .bss.interrupt_disable
                0x2000026c        0x4 contiki-sm14z2538pa1.a(nvic.o)
 .bss.interrupt_pend
                0x20000270        0x4 contiki-sm14z2538pa1.a(nvic.o)
 .bss.interrupt_unpend
                0x20000274        0x4 contiki-sm14z2538pa1.a(nvic.o)
 .bss.interrupt_enable
                0x20000278        0x4 contiki-sm14z2538pa1.a(nvic.o)
 .bss.gpio_callbacks
                0x2000027c       0x80 contiki-sm14z2538pa1.a(gpio.o)
 .bss.ioc_sel   0x200002fc        0x4 contiki-sm14z2538pa1.a(ioc.o)
 .bss.ioc_over  0x20000300        0x4 contiki-sm14z2538pa1.a(ioc.o)
 .bss.notification_process
                0x20000304        0x4 contiki-sm14z2538pa1.a(crypto.o)
 .bss.periph_permit_pm1_funcs
                0x20000308        0xc contiki-sm14z2538pa1.a(lpm.o)
 .bss.ctimer_list_list
                0x20000314        0x4 contiki-sm14z2538pa1.a(ctimer.o)
 .bss.timerlist
                0x20000318        0x4 contiki-sm14z2538pa1.a(etimer.o)
 .bss.next_expiration
                0x2000031c        0x4 contiki-sm14z2538pa1.a(etimer.o)
 .bss.data.5352
                0x20000320        0x4 contiki-sm14z2538pa1.a(process.o)
 .bss.process_current
                0x20000324        0x4 contiki-sm14z2538pa1.a(process.o)
                0x20000324                process_current
 .bss.p.5354    0x20000328        0x4 contiki-sm14z2538pa1.a(process.o)
 .bss.process_list
                0x2000032c        0x4 contiki-sm14z2538pa1.a(process.o)
                0x2000032c                process_list
 .bss.events    0x20000330      0x180 contiki-sm14z2538pa1.a(process.o)
 .bss.receiver.5353
                0x200004b0        0x4 contiki-sm14z2538pa1.a(process.o)
 .bss.next_rtimer
                0x200004b4        0x4 contiki-sm14z2538pa1.a(rtimer.o)
 .bss.rxbuf     0x200004b8        0x8 contiki-sm14z2538pa1.a(serial-line.o)
 .bss.ptr.4695  0x200004c0        0x4 contiki-sm14z2538pa1.a(serial-line.o)
 .bss.context   0x200004c4        0x4 contiki-sm14z2538pa1.a(sicslowpan.o)
 .bss.last_rssi
                0x200004c8        0x4 contiki-sm14z2538pa1.a(sicslowpan.o)
 .bss.hc06_ptr  0x200004cc        0x4 contiki-sm14z2538pa1.a(sicslowpan.o)
 .bss.reass_timer
                0x200004d0        0x8 contiki-sm14z2538pa1.a(sicslowpan.o)
 .bss.packetbuf_ptr
                0x200004d8        0x4 contiki-sm14z2538pa1.a(sicslowpan.o)
 .bss.packetbuf_payload_len
                0x200004dc        0x4 contiki-sm14z2538pa1.a(sicslowpan.o)
 .bss.last_tx_status
                0x200004e0        0x4 contiki-sm14z2538pa1.a(sicslowpan.o)
 .bss.sicslowpan_aligned_buf
                0x200004e4      0x514 contiki-sm14z2538pa1.a(sicslowpan.o)
 .bss.callback  0x200009f8        0x4 contiki-sm14z2538pa1.a(sicslowpan.o)
 .bss.locmaddr  0x200009fc        0x4 contiki-sm14z2538pa1.a(uip-ds6.o)
 .bss.locprefix
                0x20000a00        0x4 contiki-sm14z2538pa1.a(uip-ds6.o)
 .bss.locaddr   0x20000a04        0x4 contiki-sm14z2538pa1.a(uip-ds6.o)
 .bss._ds6_neighbors_mem
                0x20000a08      0x320 contiki-sm14z2538pa1.a(uip-ds6-nbr.o)
 .bss.defaultroutermemb_memb_mem
                0x20000d28       0x40 contiki-sm14z2538pa1.a(uip-ds6-route.o)
 .bss.num_routes
                0x20000d68        0x4 contiki-sm14z2538pa1.a(uip-ds6-route.o)
 .bss.defaultrouterlist_list
                0x20000d6c        0x4 contiki-sm14z2538pa1.a(uip-ds6-route.o)
 .bss._nbr_routes_mem
                0x20000d70       0xa0 contiki-sm14z2538pa1.a(uip-ds6-route.o)
 .bss.routelist_list
                0x20000e10        0x4 contiki-sm14z2538pa1.a(uip-ds6-route.o)
 .bss.routememb_memb_mem
                0x20000e14      0x320 contiki-sm14z2538pa1.a(uip-ds6-route.o)
 .bss.neighborroutememb_memb_mem
                0x20001134       0xa0 contiki-sm14z2538pa1.a(uip-ds6-route.o)
 .bss.notificationlist_list
                0x200011d4        0x4 contiki-sm14z2538pa1.a(uip-ds6-route.o)
 .bss.echo_reply_callback_list_list
                0x200011d8        0x4 contiki-sm14z2538pa1.a(uip-icmp6.o)
 .bss.input_handler_list_list
                0x200011dc        0x4 contiki-sm14z2538pa1.a(uip-icmp6.o)
 .bss.defrt     0x200011e0        0x4 contiki-sm14z2538pa1.a(uip-nd6.o)
 .bss.nbr       0x200011e4        0x4 contiki-sm14z2538pa1.a(uip-nd6.o)
 .bss.nd6_opt_llao
                0x200011e8        0x4 contiki-sm14z2538pa1.a(uip-nd6.o)
 .bss.addr      0x200011ec        0x4 contiki-sm14z2538pa1.a(uip-nd6.o)
 .bss.mdns_needs_host_announce
                0x200011f0        0x4 contiki-sm14z2538pa1.a(resolv.o)
 .bss.retry     0x200011f4       0x10 contiki-sm14z2538pa1.a(resolv.o)
 .bss.resolv_conn
                0x20001204        0x4 contiki-sm14z2538pa1.a(resolv.o)
 .bss.names     0x20001208      0x100 contiki-sm14z2538pa1.a(resolv.o)
 .bss.delay.6553
                0x20001308       0x10 contiki-sm14z2538pa1.a(resolv.o)
 .bss.s         0x20001318       0x44 contiki-sm14z2538pa1.a(tcpip.o)
 .bss.periodic  0x2000135c       0x10 contiki-sm14z2538pa1.a(tcpip.o)
 .bss.outputfunc
                0x2000136c        0x4 contiki-sm14z2538pa1.a(tcpip.o)
 .bss.nbr_table_keys_list
                0x20001370        0x4 contiki-sm14z2538pa1.a(nbr-table.o)
 .bss.neighbor_addr_mem_memb_mem
                0x20001374       0xf0 contiki-sm14z2538pa1.a(nbr-table.o)
 .bss.all_tables
                0x20001464       0x20 contiki-sm14z2538pa1.a(nbr-table.o)
 .bss.num_tables
                0x20001484        0x4 contiki-sm14z2538pa1.a(nbr-table.o)
 .bss.packetbufptr
                0x20001488        0x4 contiki-sm14z2538pa1.a(packetbuf.o)
 .bss.packetbuf_aligned
                0x2000148c       0xb0 contiki-sm14z2538pa1.a(packetbuf.o)
 .bss.bufmem_memb_mem
                0x2000153c       0x20 contiki-sm14z2538pa1.a(queuebuf.o)
 .bss.cycle_start
                0x2000155c        0x4 contiki-sm14z2538pa1.a(contikimac.o)
 .bss.we_are_receiving_burst
                0x20001560        0x4 contiki-sm14z2538pa1.a(contikimac.o)
 .bss.rt        0x20001564        0xc contiki-sm14z2538pa1.a(contikimac.o)
 .bss.start.6966
                0x20001570        0x4 contiki-sm14z2538pa1.a(contikimac.o)
 .bss.ct.7040   0x20001574       0x20 contiki-sm14z2538pa1.a(contikimac.o)
 .bss.metadata_memb_memb_mem
                0x20001594       0x60 contiki-sm14z2538pa1.a(csma.o)
 .bss.neighbor_list_list
                0x200015f4        0x4 contiki-sm14z2538pa1.a(csma.o)
 .bss.packet_memb_memb_mem
                0x200015f8       0x60 contiki-sm14z2538pa1.a(csma.o)
 .bss.neighbor_memb_memb_mem
                0x20001658       0x70 contiki-sm14z2538pa1.a(csma.o)
 .bss._rpl_parents_mem
                0x200016c8      0x190 contiki-sm14z2538pa1.a(rpl-dag.o)
 .bss.periodic_timer
                0x20001858       0x20 contiki-sm14z2538pa1.a(rpl-timers.o)
 .bss.reass_tag
                0x20001878        0x2 contiki-sm14z2538pa1.a(sicslowpan.o)
 .bss.sicslowpan_len
                0x2000187a        0x2 contiki-sm14z2538pa1.a(sicslowpan.o)
 .bss.my_tag    0x2000187c        0x2 contiki-sm14z2538pa1.a(sicslowpan.o)
 .bss.processed_ip_in_len
                0x2000187e        0x2 contiki-sm14z2538pa1.a(sicslowpan.o)
 .bss.tmp16     0x20001880        0x2 contiki-sm14z2538pa1.a(uip6.o)
 .bss.lastport  0x20001882        0x2 contiki-sm14z2538pa1.a(uip6.o)
 .bss.loc_fipaddr
                0x20001884       0x10 contiki-sm14z2538pa1.a(uip-ds6.o)
 .bss.tmp_ipaddr
                0x20001894       0x10 contiki-sm14z2538pa1.a(uip-icmp6.o)
 .bss.aligned.6525
                0x200018a4        0x4 contiki-sm14z2538pa1.a(resolv.o)
 .bss.aligned.6533
                0x200018a8       0x1a contiki-sm14z2538pa1.a(resolv.o)
 .bss.serveraddr
                0x200018c2       0x10 contiki-sm14z2538pa1.a(uip-nameserver.)
 .bss.buflen    0x200018d2        0x2 contiki-sm14z2538pa1.a(packetbuf.o)
 .bss.bufptr    0x200018d4        0x2 contiki-sm14z2538pa1.a(packetbuf.o)
 .bss.buframmem_memb_mem
                0x200018d6      0x580 contiki-sm14z2538pa1.a(queuebuf.o)
 .bss.pt        0x20001e56        0x2 contiki-sm14z2538pa1.a(contikimac.o)
 .bss.seqno.6225
                0x20001e58        0x2 contiki-sm14z2538pa1.a(csma.o)
 .bss.next_dis  0x20001e5a        0x2 contiki-sm14z2538pa1.a(rpl-timers.o)
 .bss.buf       0x20001e5c       0x28 template.co
 .bss.num_sensors
                0x20001e84        0x1 contiki-sm14z2538pa1.a(sensors.o)
 .bss.rf_flags  0x20001e85        0x1 contiki-sm14z2538pa1.a(cc2538-rf.o)
 .bss.max_pm    0x20001e86        0x1 contiki-sm14z2538pa1.a(lpm.o)
 .bss.initialized
                0x20001e87        0x1 contiki-sm14z2538pa1.a(ctimer.o)
 .bss.snum.5369
                0x20001e88        0x1 contiki-sm14z2538pa1.a(process.o)
 .bss.fevent    0x20001e89        0x1 contiki-sm14z2538pa1.a(process.o)
 .bss.ev.5351   0x20001e8a        0x1 contiki-sm14z2538pa1.a(process.o)
 .bss.nevents   0x20001e8b        0x1 contiki-sm14z2538pa1.a(process.o)
 .bss.poll_requested
                0x20001e8c        0x1 contiki-sm14z2538pa1.a(process.o)
 .bss.lastevent
                0x20001e8d        0x1 contiki-sm14z2538pa1.a(process.o)
 .bss.rxbuf_data
                0x20001e8e       0x80 contiki-sm14z2538pa1.a(serial-line.o)
 .bss.overflow.4688
                0x20001f0e        0x1 contiki-sm14z2538pa1.a(serial-line.o)
 .bss.buf.4694  0x20001f0f       0x80 contiki-sm14z2538pa1.a(serial-line.o)
 .bss.uncomp_hdr_len
                0x20001f8f        0x1 contiki-sm14z2538pa1.a(sicslowpan.o)
 .bss.addr_contexts
                0x20001f90        0xa contiki-sm14z2538pa1.a(sicslowpan.o)
 .bss.packetbuf_hdr_len
                0x20001f9a        0x1 contiki-sm14z2538pa1.a(sicslowpan.o)
 .bss.uip_ext_len
                0x20001f9b        0x1 contiki-sm14z2538pa1.a(uip6.o)
                0x20001f9b                uip_ext_len
 .bss.uip_ext_bitmap
                0x20001f9c        0x1 contiki-sm14z2538pa1.a(uip6.o)
                0x20001f9c                uip_ext_bitmap
 .bss.iss       0x20001f9d        0x4 contiki-sm14z2538pa1.a(uip6.o)
 .bss.uip_ext_opt_offset
                0x20001fa1        0x1 contiki-sm14z2538pa1.a(uip6.o)
                0x20001fa1                uip_ext_opt_offset
 .bss.c         0x20001fa2        0x1 contiki-sm14z2538pa1.a(uip6.o)
 .bss.opt       0x20001fa3        0x1 contiki-sm14z2538pa1.a(uip6.o)
 .bss.defaultroutermemb_memb_count
                0x20001fa4        0x2 contiki-sm14z2538pa1.a(uip-ds6-route.o)
 .bss.neighborroutememb_memb_count
                0x20001fa6       0x14 contiki-sm14z2538pa1.a(uip-ds6-route.o)
 .bss.routememb_memb_count
                0x20001fba       0x14 contiki-sm14z2538pa1.a(uip-ds6-route.o)
 .bss.nd6_opt_offset
                0x20001fce        0x1 contiki-sm14z2538pa1.a(uip-nd6.o)
 .bss.i.6517    0x20001fcf        0x1 contiki-sm14z2538pa1.a(resolv.o)
 .bss.seqno     0x20001fd0        0x1 contiki-sm14z2538pa1.a(resolv.o)
 .bss.mdns_state
                0x20001fd1        0x1 contiki-sm14z2538pa1.a(resolv.o)
 .bss.initialized.6574
                0x20001fd2        0x1 contiki-sm14z2538pa1.a(resolv.o)
 .bss.nanswers.6516
                0x20001fd3        0x1 contiki-sm14z2538pa1.a(resolv.o)
 .bss.i.6600    0x20001fd4        0x1 contiki-sm14z2538pa1.a(resolv.o)
 .bss.i.6586    0x20001fd5        0x1 contiki-sm14z2538pa1.a(resolv.o)
 .bss.lseq.6587
                0x20001fd6        0x1 contiki-sm14z2538pa1.a(resolv.o)
 .bss.nquestions.6515
                0x20001fd7        0x1 contiki-sm14z2538pa1.a(resolv.o)
 .bss.nauthrr.6526
                0x20001fd8        0x1 contiki-sm14z2538pa1.a(resolv.o)
 .bss.dns_name_without_dots.6578
                0x20001fd9       0x21 contiki-sm14z2538pa1.a(resolv.o)
 .bss.lseqi.6588
                0x20001ffa        0x1 contiki-sm14z2538pa1.a(resolv.o)
 .bss.resolv_hostname
                0x20001ffb       0x21 contiki-sm14z2538pa1.a(resolv.o)
 .bss.i.7772    0x2000201c        0x1 contiki-sm14z2538pa1.a(tcpip.o)
 .bss.i.7816    0x2000201d        0x1 contiki-sm14z2538pa1.a(tcpip.o)
 .bss.i.7828    0x2000201e        0x1 contiki-sm14z2538pa1.a(tcpip.o)
 .bss.neighbor_addr_mem_memb_count
                0x2000201f       0x14 contiki-sm14z2538pa1.a(nbr-table.o)
 .bss.locked_map
                0x20002033       0x14 contiki-sm14z2538pa1.a(nbr-table.o)
 .bss.used_map  0x20002047       0x14 contiki-sm14z2538pa1.a(nbr-table.o)
 .bss.hdrptr    0x2000205b        0x1 contiki-sm14z2538pa1.a(packetbuf.o)
 .bss.buframmem_memb_count
                0x2000205c        0x8 contiki-sm14z2538pa1.a(queuebuf.o)
 .bss.bufmem_memb_count
                0x20002064        0x8 contiki-sm14z2538pa1.a(queuebuf.o)
 .bss.radio_is_on
                0x2000206c        0x1 contiki-sm14z2538pa1.a(contikimac.o)
 .bss.we_are_sending
                0x2000206d        0x1 contiki-sm14z2538pa1.a(contikimac.o)
 .bss.contikimac_keep_radio_on
                0x2000206e        0x1 contiki-sm14z2538pa1.a(contikimac.o)
 .bss.periods.6968
                0x2000206f        0x1 contiki-sm14z2538pa1.a(contikimac.o)
 .bss.packet_seen.6960
                0x20002070        0x1 contiki-sm14z2538pa1.a(contikimac.o)
 .bss.count.6961
                0x20002071        0x1 contiki-sm14z2538pa1.a(contikimac.o)
 .bss.contikimac_is_on
                0x20002072        0x1 contiki-sm14z2538pa1.a(contikimac.o)
 .bss.silence_periods.6967
                0x20002073        0x1 contiki-sm14z2538pa1.a(contikimac.o)
 .bss.packet_memb_memb_count
                0x20002074        0x8 contiki-sm14z2538pa1.a(csma.o)
 .bss.metadata_memb_memb_count
                0x2000207c        0x8 contiki-sm14z2538pa1.a(csma.o)
 .bss.initialized.6224
                0x20002084        0x1 contiki-sm14z2538pa1.a(csma.o)
 .bss.neighbor_memb_memb_count
                0x20002085        0x2 contiki-sm14z2538pa1.a(csma.o)
 .bss.mac_dsn   0x20002087        0x1 contiki-sm14z2538pa1.a(framer-802154.o)
 .bss.initialized
                0x20002088        0x1 contiki-sm14z2538pa1.a(framer-802154.o)
 .bss.received_seqnos
                0x20002089       0x90 contiki-sm14z2538pa1.a(mac-sequence.o)
 .bss.key       0x20002119       0x10 contiki-sm14z2538pa1.a(netstack-aes.o)
 .bss.key_set   0x20002129        0x1 contiki-sm14z2538pa1.a(netstack-aes.o)
 .bss.mode      0x2000212a        0x1 contiki-sm14z2538pa1.a(rpl.o)
 .bss.dio_send_ok
                0x2000212b        0x1 contiki-sm14z2538pa1.a(rpl-timers.o)
 .bss.leds      0x2000212c        0x1 contiki-sm14z2538pa1.a(leds.o)
 *(SORT(COMMON))
 *fill*         0x2000212d        0x3 
 COMMON         0x20002130      0x878 contiki-sm14z2538pa1.a(uip6.o)
                0x20002130                uip_len
                0x20002134                uip_sappdata
                0x20002138                uip_acc32
                0x2000213c                uip_lladdr
                0x20002144                uip_aligned_buf
                0x20002658                uip_flags
                0x2000265c                uip_next_hdr
                0x20002660                uip_udp_conn
                0x20002664                uip_appdata
                0x20002668                uip_conn
                0x2000266c                uip_conns
                0x2000284c                uip_icmp6_conns
                0x20002854                uip_listenports
                0x20002864                uip_slen
                0x20002868                uip_udp_conns
 COMMON         0x200029a8      0x174 contiki-sm14z2538pa1.a(uip-ds6.o)
                0x200029a8                uip_ds6_timer_ra
                0x200029b0                uip_ds6_if
                0x20002aa8                uip_ds6_netif_addr_list_offset
                0x20002aa9                uip_ds6_addr_size
                0x20002aac                uip_ds6_prefix_list
                0x20002b0c                uip_ds6_timer_periodic
 COMMON         0x20002b1c      0x128 contiki-sm14z2538pa1.a(rpl-dag.o)
                0x20002b1c                default_instance
                0x20002b20                instance_table
 COMMON         0x20002c44       0x2e contiki-sm14z2538pa1.a(packetbuf.o)
                0x20002c44                packetbuf_addrs
                0x20002c54                packetbuf_attrs
 COMMON         0x20002c72        0x1 contiki-sm14z2538pa1.a(sensors.o)
                0x20002c72                sensors_event
 COMMON         0x20002c73        0x9 contiki-sm14z2538pa1.a(smartrf-sensors)
                0x20002c73                sensors_flags
 COMMON         0x20002c7c        0x1 contiki-sm14z2538pa1.a(serial-line.o)
                0x20002c7c                serial_line_event_message
 COMMON         0x20002c7d        0x8 contiki-sm14z2538pa1.a(sicslowpan.o)
                0x20002c7d                frag_sender
 COMMON         0x20002c85        0x1 contiki-sm14z2538pa1.a(resolv.o)
                0x20002c85                resolv_event_found
 COMMON         0x20002c86        0x2 contiki-sm14z2538pa1.a(tcpip.o)
                0x20002c86                tcpip_event
                0x20002c87                tcpip_icmp6_event
 COMMON         0x20002c88        0x8 contiki-sm14z2538pa1.a(linkaddr.o)
                0x20002c88                linkaddr_node_addr
                0x20002c90                _ebss = .

.stack          0x20002c90      0x800
 *(SORT(.stack))
 .stack         0x20002c90      0x800 obj_sm14z2538pa1/startup-gcc.o

.flashcca       0x0027ffd4       0x2c
 *(SORT(.flashcca))
 .flashcca      0x0027ffd4       0x2c obj_sm14z2538pa1/startup-gcc.o
                0x0027ffd4                __cca
OUTPUT(template.elf elf32-littlearm)

.rel.dyn        0x00280000        0x0
 .rel.iplt      0x00000000        0x0 obj_sm14z2538pa1/startup-gcc.o

.comment        0x00000000       0x70
 .comment       0x00000000       0x70 obj_sm14z2538pa1/startup-gcc.o
                                 0x71 (size before relaxing)
 .comment       0x00000000       0x71 template.co
 .comment       0x00000000       0x71 contiki-sm14z2538pa1.a(contiki-main.o)
 .comment       0x00000000       0x71 contiki-sm14z2538pa1.a(sensors.o)
 .comment       0x00000000       0x71 contiki-sm14z2538pa1.a(smartrf-sensors)